Seq-submit ::= {
  sub {
    contact {
      contact {
        name name {
          last "q",
          first "q",
          initials "qq"
        },
        affil str "q"
      }
    },
    cit {
      authors {
        names std {
          {
            name name {
              last "q",
              first "q",
              initials "qq."
            }
          }
        },
        affil str "q"
      },
      date std {
        year 2013,
        month 6,
        day 4
      }
    },
    subtype new,
    tool "Sequin 12.60 - MS WINDOWS VISTA"
  },
  data entrys {
    set {
      class phy-set,
      descr {
        pub {
          pub {
            gen {
              cit "Unpublished",
              authors {
                names std {
                  {
                    name name {
                      last "q",
                      first "q",
                      initials "qq."
                    }
                  }
                },
                affil str "q"
              },
              title "q"
            }
          }
        },
        create-date std {
          year 2013,
          month 6,
          day 4
        }
      },
      seq-set {
        seq {
          id {
            local str "seq_1"
          },
          descr {
            title "toll-like receptor 5 (TLR5) gene, complete cds",
            source {
              genome genomic,
              org {
                taxname "Influenza A virus",
                db {
                  {
                    db "taxon",
                    tag id 11320
                  }
                },
                orgname {
                  mod {
                    {
                      subtype strain,
                      subname "5121"
                    },
                    {
                      subtype serotype,
                      subname "this is my serotype"
                    }
                  },
                  lineage "Viruses; ssRNA viruses; ssRNA negative-strand
 viruses; Negarnaviricota; Polyploviricotina; Insthoviricetes;
 Articulavirales; Orthomyxoviridae; Alphainfluenzavirus",
                  gcode 1,
                  mgcode 0,
                  div "VRL"
                }
              }
            },
            molinfo {
              biomol genomic
            },
            user {
              type str "StructuredComment",
              data {
                {
                  label str "Sequencing technology",
                  data str "Illumina MiSeq"
                },
                {
                  label str "Assembly Method",
                  data str "SPAdes v. 3.12.0"
                },
                {
                  label str "Genome Representation",
                  data str "Full"
                },
                {
                  label str "Expected Final Version",
                  data str "Yes"
                },
                {
                  label str "Genome Coverage",
                  data str "1x"
                }
              }
            },
            user {
              type str "OriginalID",
              data {
                {
                  label str "LocalId",
                  data str "seq_1"
                }
              }
            }
          },
          inst {
            repr raw,
            mol dna,
            length 347,
            seq-data iupacna "TGTCTTCACTCTCCCTTCTTCTCCATAGGATCATGGGAGACTGCCTTG
CTTAGCTGACCTCAATGGCGCCCTCATCATGGTGGTGGTGGGGTCCCTGTCCCAGTTCCATCTGATGAGGCATCAGTC
CATCAGAGGGTTCGTCCAGAAACGGCAGTACTTGAGGTGGCCTGAGGATCTCCAGGATGTTGACTGGTTTCTCAATAA
ACTCTCTCAATGCATTCTAAAGAAAGAAAAGGAAAGGAAGAAAGACAGTRCTATTCAGCTGCAAAATGTAACCACCAT
CTCCTAGGCAAAGGAGCAGTTTCCACTTATCGCAAGCCACAGATAACTCTGTACCTTTTATTTCC"
          }
        },
        seq {
          id {
            local str "seq_2"
          },
          descr {
            title "toll-like receptor 5 (TLR5) gene, complete cds",
            source {
              genome genomic,
              org {
                taxname "Odocoileus hemionus",
                orgname {
                  mod {
                    {
                      subtype strain,
                      subname "5125"
                    },
                    {
                      subtype isolate,
                      subname "JEW01"
                    }
                  },
                  gcode 1
                }
              }
            },
            molinfo {
              biomol genomic
            },
            user {
              type str "OriginalID",
              data {
                {
                  label str "LocalId",
                  data str "seq_2"
                }
              }
            },
            user {
              type str "StructuredComment",
              data {
                {
                  label str "StructuredCommentPrefix",
                  data str "##Test25-Data-START##"
                },
                {
                  label str "Assembly Method",
                  data str "SPAdes v. 3.12.0"
                },
                {
                  label str "Genome Representation",
                  data str "Full"
                },
                {
                  label str "Expected Final Version",
                  data str "Yes"
                },
                {
                  label str "Genome Coverage",
                  data str "1x"
                },
                {
                  label str "Sequencing Technology",
                  data str "Illumina MiSeq"
                },
                {
                  label str "StructuredCommentSuffix",
                  data str "##Test25-Data-END##"
                }
              }
            }
          },
          inst {
            repr raw,
            mol dna,
            length 381,
            seq-data iupacna "TGTCYTCACTCTCCCTTCTTCTCCATAGGATCATGGGAGACTGCCTTG
ACCTTCTCTTAGGAGTCGTACTCCTGACCARTCCTGCACTTGGAATTTCTTCCTGCTTCTTCAATGGTTGGAGAGCCG
TCTATCTTTCCTGCAACCTCACCCAAGTGCCCCAGGTCCCCCCATCTCCAAATCCTCTATCTGAATAAAAGGCCTGAG
GATCTCCAGGATGTCGACTGGTTTCTCAATAAACTCTCTCAATGCATTCTAAAGGAAGAAAAGGAAAGGAAGAAAGAC
AGTGCTATTCAGCTGCAAAGTGTAACCACCATCTCCTAGTCAAAGGAGCAGTTTCCACTTATTAGAAGCCACAGATAA
CTTTGTACCTTTTATTTCCGC"
          }
        },
        seq {
          id {
            local str "seq_3"
          },
          descr {
            title "toll-like receptor 5 (TLR5) gene, complete cds",
            source {
              genome genomic,
              org {
                taxname "Odocoileus virginianus",
                orgname {
                  mod {
                    {
                      subtype strain,
                      subname "20881"
                    },
                    {
                      subtype isolate,
                      subname "JEW21"
                    }
                  },
                  gcode 1
                }
              }
            },
            molinfo {
              biomol genomic
            },
            user {
              type str "OriginalID",
              data {
                {
                  label str "LocalId",
                  data str "seq_3"
                }
              }
            },
            user {
              type str "StructuredComment",
              data {
                {
                  label str "Assembly Method",
                  data str "SPAdes v 3.12.0"
                },
                {
                  label str "Genome Coverage",
                  data str "4x"
                },
                {
                  label str "Sequencing Technology",
                  data str "Illumina MiSeq"
                }
              }
            }
          },
          inst {
            repr raw,
            mol dna,
            length 539,
            seq-data iupacna "TGTCTTCACTCTCCCTTCTTCTCCATAGGATCATGGGAGACTGCCTTG
ACCTTCTCTTAGGAGTCGTACTCCTGACCAGTCCTGCACTTGGAATTTCTTCCTGCTTCTTCAATGGTTGGAGAGCCG
TCTATCTTTCCTGCAACCTCACCCAAGTGCCCCAGGTCCCCAACACCACCAAGAGCCTCCTGTTTTAAGGGGCTTTCC
CATCTCCAAATCCTCTATCTGAATAAAAACTACCTGAATTTCCTTCCACCAGGAGTATTTCATCATCTGACTGCACTG
AGGGGACTCAGCCTCAAAGACAATAGACTGACTGTTCCCATCAGAGGGTTCGTCCAGAAACAGCAATACTTGAGGTGG
CCTGAGGATCTCCAGGATGTCGACTGGTTTCTCAATAAACTCTCTCAATGCATTCTAAAGGAAGAAAAGGAAAGGAAG
AAAGACAGTGCTATTCAGCTGCAAAGCGTAACCACCATCTCCTAGTCAAAGGAGCAGTTTCCACTTATTAGAAGCCAC
AGATAACTTTGTACCTTTTATTT"
          }
        },
        seq {
          id {
            local str "seq_9"
          },
          descr {
            title "toll-like receptor 5 (TLR5) gene, complete cds",
            source {
              genome genomic,
              org {
                taxname "Tragelaphus imberbis",
                orgname {
                  mod {
                    {
                      subtype isolate,
                      subname "SAZ17"
                    }
                  },
                  gcode 1
                }
              }
            },
            molinfo {
              biomol genomic
            },
            user {
              type str "OriginalID",
              data {
                {
                  label str "LocalId",
                  data str "seq_9"
                }
              }
            },
            user {
              type str "StructuredComment",
              data {
                {
                  label str "StructuredCommentPrefix",
                  data str "##Genome-Assembly-Data-START##"
                },
                {
                  label str "Assembly Method",
                  data str "SPAdes v 3.12.0"
                },
                {
                  label str "Genome Coverage",
                  data str "4x"
                },
                {
                  label str "Sequencing Technology",
                  data str "Illumina"
                },
                {
                  label str "StructuredCommentSuffix",
                  data str "##Genome-Assembly-Data-END##"
                }
              }
            }
          },
          inst {
            repr raw,
            mol dna,
            length 447,
            seq-data iupacna "TGTCTTCACTCTCCCTTCTTCTCCATAGGATCATGGGAGACTGCCTTG
ACCTTCTCTTAGGAGTCGTACTCCTGACCAGTCCTGCACTTGGAATTTCTTCCTGCTTCTTCGATGGTTGGAGAGCCA
TCTATCTTTCCTGCAACCTCACCCAAGTGCCCCAGGTTCCCAGCACCACCAAGAGCCTCCTGCTCAGCTTCAAAGGCT
GACTGTTCTTCTTCCTGGCGACTTACCTGCTAACTTAGAGATCCTGGATATATCTAGAAACCAGCTCCTCTCTCCTGA
TCCTGATTTATTTGGATCACTGAGTGCCACTAAAGAAAGAAAAGGAAAAGAAGAAAGACAGTGCTATTGAGTTGCAAA
ATGTAACCACCATCTCCTAGGCAAAGGAGCAGTTTCCACTTATTGCAAGCCACAGATAGCTCTGTACTTTTTATTTCC
GCCAGTTAC"
          }
        }
      }
    }
  }
}
