Seq-submit ::= {
  sub {
    contact {
      contact {
        name name {
          last "q",
          first "q",
          initials "q.Q."
        },
        affil str "q"
      }
    },
    cit {
      authors {
        names std {
          {
            name name {
              last "Benites",
              first "Adam",
              initials "A.Am."
            }
          }
        },
        affil str "q"
      },
      date std {
        year 2013,
        month 6,
        day 4
      }
    },
    hup FALSE,
    subtype new,
    tool "Sequin 12.60 - MS WINDOWS VISTA"
  },
  data entrys {
    set {
      class phy-set,
      descr {
        pub {
          pub {
            gen {
              cit "Unpublished",
              authors {
                names std {
                  {
                    name name {
                      last "q",
                      first "q",
                      initials "qq."
                    }
                  }
                },
                affil str "q"
              },
              title "q"
            }
          }
        },
        create-date std {
          year 2013,
          month 6,
          day 4
        }
      },
      seq-set {
        set {
          class nuc-prot,
          descr {
            source {
              genome genomic,
              org {
                taxname "Influenza A virus",
                orgname {
                  mod {
                    {
                      subtype strain,
                      subname "this is my strain"
                    },
                    {
                      subtype serotype,
                      subname "this is my serotype"
                    },
                    {
                      subtype isolate,
                      subname "BoBM478"
                    }
                  }
                }
              }
            }
          },
          seq-set {
            seq {
              id {
                local str "seq_1"
              },
              descr {
                title "toll-like receptor 5 (TLR5) gene, complete cds",
                molinfo {
                  biomol genomic
                },
                user {
                  type str "OriginalID",
                  data {
                    {
                      label str "LocalId",
                      data str "seq_1"
                    }
                  }
                }
              },
              inst {
                repr raw,
                mol dna,
                length 955,
                seq-data iupacna "TGTCTTCACTCTCCCTTCTTCTCCATAGGATCATGGGAGACTGC
CTTGACCTTCTCTTAGGAGTCGTACTCCTGACCAGTCCTGCACTTGGAATGTCTTCCTGCTTCTTTGATGGTTGGAGA
GCCATCTATCTTTCCTGCAACCTCACCCAAGTGCCCCAGGTCCCCAACACCACCAAGAGRATGCTGTATTAAAAGATG
GTTATTTCAGAAATTTGGCATCTTTGACTCACTTGGACCTATCCAAAAATAAAATTCAGAGTCTTTACCTTCATCCCT
CATTCCRGGAACTGAATTCCTTGAAGTCCATTGACTTTTCCTTCAACRAAATACCTATTGTATGTGAGCAGGAGTTCA
AACCCCTCCAAGGGAAAACACTCTCCTTCTTAAGCCTTGCTGATAACCAGCTGTACAGCAGRGTCTCAGTGGACTGGA
ACAAGTGTCTGAACCCATTCAGAAACATGGTCCTGGAAACCCTAGATGTTTCTGGCAATGGCTGGGGGGTGGACATCA
TGAGAAACTTCAGCAATGCCATCATGTTGGGATATTTTTAAGGGGCTTTCTCATCTYCAACTCCTCTATCTAAATAAA
AACTACCTGAATTTCCTTCCACCAAGAGTATTTCATCATCTGACTGCACTGAGGGGACTCAGCCTCAAAGACAACAGG
CTGACTGTTCTTTTTCCTGGCGACTTACCTGCTAACTTAGAGATCCTGGATATATCTGGAAACCAGCTCCTCTCTCCT
GATCCTGATTTATTTGCATCACTGAGTGCCATAGACATAACTCATAACAATTTCATCTGTGAGTGTGAACTTAGTGCT
TTTATCCATTGGCTCAATCAAACCAATATCACAATAGCTGGGTCTCCAGCAGACATGTACTGCATGTACTAAGGCAAA
GGAGCAGTTTCCACTTATCGCAAGCCACAGATAACTCTGTACCTTTTATTTCC"
              },
              annot {
                {
                  data ftable {
                    {
                      data rna {
                        type mRNA,
                        ext name "arabinofuranosidase 2"
                      },
                      location int {
                        from 33,
                        to 954,
                        strand plus,
                        id local str "seq_1"
                      }
                    },
                    {
                      data gene {
                        locus "afu2",
                        locus-tag "UMAG_00837"
                      },
                      location int {
                        from 33,
                        to 954,
                        strand plus,
                        id local str "seq_1"
                      }
                    },
                    {
                      data rna {
                        type tRNA,
                        ext tRNA {
                          aa ncbieaa 65
                        }
                      },
                      location int {
                        from 44,
                        to 299,
                        strand plus,
                        id local str "seq_1"
                      }
                    }
                  }
                }
              }
            },
            seq {
              id {
                local str "seq_1_1"
              },
              descr {
                molinfo {
                  biomol peptide,
                  completeness complete
                },
                user {
                  type str "OriginalID",
                  data {
                    {
                      label str "LocalId",
                      data str "seq_1_1"
                    }
                  }
                }
              },
              inst {
                repr raw,
                mol aa,
                length 307,
                seq-data ncbieaa "GRLP*PSLRSRTPDQSCTWNVFLLL*WLESHLSFLQPHPSAPGP
QHHQEBAVLKDGYFRNLASLTHLDLSKNKIQSLYLHPSFXELNSLKSIDFSFNXIPIVCEQEFKPLQGKTLSFLSLAD
NQLYSRVSVDWNKCLNPFRNMVLETLDVSGNGWGVDIMRNFSNAIMLGYF*GAFSSXTPLSK*KLPEFPSTKSISSSD
CTEGTQPQRQQADCSFSWRLTC*LRDPGYIWKPAPLS*S*FICITECHRHNS*QFHL*V*T*CFYPLAQSNQYHNSWV
SSRHVLHVLRQRSSFHLSQATDNSVPFIS"
              },
              annot {
                {
                  data ftable {
                    {
                      data prot {
                        name {
                          "hypothetical protein"
                        }
                      },
                      location int {
                        from 0,
                        to 306,
                        id local str "seq_1_1"
                      }
                    }
                  }
                }
              }
            }
          },
          annot {
            {
              data ftable {
                {
                  data cdregion {
                    frame two,
                    code {
                      id 1
                    }
                  },
                  product whole local str "seq_1_1",
                  location int {
                    from 33,
                    to 954,
                    strand plus,
                    id local str "seq_1"
                  }
                }
              }
            }
          }
        },
        set {
          class nuc-prot,
          descr {
            source {
              genome genomic,
              org {
                taxname "Odocoileus hemionus",
                orgname {
                  mod {
                    {
                      subtype isolate,
                      subname "JEW01"
                    }
                  },
                  gcode 1
                }
              }
            }
          },
          seq-set {
            seq {
              id {
                local str "seq_2"
              },
              descr {
                title "toll-like receptor 5 (TLR5) gene, complete cds",
                molinfo {
                  biomol genomic
                },
                user {
                  type str "OriginalID",
                  data {
                    {
                      label str "LocalId",
                      data str "seq_2"
                    }
                  }
                }
              },
              inst {
                repr raw,
                mol dna,
                length 632,
                seq-data iupacna "TGTCYTCACTCTCCCTTCTTCTCCATAGGATCATGGGAGACTGC
CTTGACCTTCTCTTAGGAGTCGTACTCCTGACCARTCCTGCACTTGGAATTTCTTCCTGCTTCTTCAATGGTTGGAGA
GCCGTCTATCTTTCCTGCAACCTCACCCAAGTGCCCCAGGTCCCCAACACCACCAAGAGCCTCCTGCTCAGTTTCAAC
TATATCAGAACAGTCACARCCACATCCTTCCCCTTCCTGGAGCAGTTGCAGCTGCTGGAGCTGGGAACTCAGTTTACC
CCCTTGACCATTTCCAGAGAAGCCTTCCGAAACCTGCCCAATCTCAGGATCCTGGACCTGGGTGGAAGTCAGATAGAC
TTCTTGCATCCAGACGCTTTTCAGGGGCTGTCCCACCTCGCTGAACTTCGACTGTTTTACTGTGGTCTCTCTGATGCT
GTATTAAAAGATGGTTATTTCAGAAATTTGGMATCTTTGACTCACTTGGACCTATCCAAAAATCAAATTCAGAGTCTT
TACCTTCATCCCTCATTCCGGGAACTGAATTCCTTGAAGTCTATTGATTTTTCCCTCAACAATATATCTATTGTATGT
GAGCACGAGCTCAAACCCCTCCAAGGGAAAACACTCTCCTTC"
              },
              annot {
                {
                  data ftable {
                    {
                      data rna {
                        type mRNA,
                        ext name "arabinofuranosidase 1"
                      },
                      partial TRUE,
                      location packed-int {
                        {
                          from 3,
                          to 455,
                          strand plus,
                          id local str "seq_2",
                          fuzz-from lim lt
                        },
                        {
                          from 499,
                          to 567,
                          strand plus,
                          id local str "seq_2"
                        }
                      }
                    },
                    {
                      data gene {
                        locus "afu1",
                        locus-tag "UMAG_01829"
                      },
                      partial TRUE,
                      location int {
                        from 3,
                        to 567,
                        strand plus,
                        id local str "seq_2",
                        fuzz-from lim lt
                      }
                    },
                    {
                      data rna {
                        type tRNA,
                        ext tRNA {
                          aa ncbieaa 73
                        }
                      },
                      location int {
                        from 66,
                        to 339,
                        strand plus,
                        id local str "seq_2"
                      }
                    }
                  }
                }
              }
            },
            seq {
              id {
                local str "seq_2_1"
              },
              descr {
                molinfo {
                  biomol peptide,
                  completeness complete
                },
                user {
                  type str "OriginalID",
                  data {
                    {
                      label str "LocalId",
                      data str "seq_2_1"
                    }
                  }
                }
              },
              inst {
                repr raw,
                mol aa,
                length 173,
                seq-data ncbieaa "SLSLLLHRIMGDCLDLLLGVVLLTXPALGISSCFFNGWRAVYLS
CNLTQVPQVPNTTKSLLLSFNYIRTVTXTSFPFLEQLQLLELGTQFTPLTISREAFRNLPNLRILDLGGSQIDFLHPD
AFQGLSHLAELRLFYCGLSDAVLKDGYFKFRVFTFIPHSGN*IP*SLLIFP"
              },
              annot {
                {
                  data ftable {
                    {
                      data prot {
                        name {
                          "hypothetical protein"
                        }
                      },
                      location int {
                        from 0,
                        to 172,
                        id local str "seq_2_1"
                      }
                    }
                  }
                }
              }
            }
          },
          annot {
            {
              data ftable {
                {
                  data cdregion {
                    frame three,
                    code {
                      id 1
                    }
                  },
                  product whole local str "seq_2_1",
                  location packed-int {
                    {
                      from 3,
                      to 455,
                      strand plus,
                      id local str "seq_2"
                    },
                    {
                      from 499,
                      to 567,
                      strand plus,
                      id local str "seq_2"
                    }
                  }
                }
              }
            }
          }
        },
        set {
          class nuc-prot,
          descr {
            source {
              genome genomic,
              org {
                taxname "Odocoileus virginianus",
                orgname {
                  mod {
                    {
                      subtype isolate,
                      subname "JEW21"
                    }
                  },
                  gcode 1
                }
              }
            }
          },
          seq-set {
            seq {
              id {
                local str "seq_3"
              },
              descr {
                title "toll-like receptor 5 (TLR5) gene, complete cds",
                molinfo {
                  biomol genomic
                },
                user {
                  type str "OriginalID",
                  data {
                    {
                      label str "LocalId",
                      data str "seq_3"
                    }
                  }
                }
              },
              inst {
                repr raw,
                mol dna,
                length 633,
                seq-data iupacna "TGTCTTCACTCTCCCTTCTTCTCCATAGGATCATGGGAGACTGC
CTTGACCTTCTCTTAGGAGTCGTACTCCTGACCAGTCCTGCACTTGGAATTTCTTCCTGCTTCTTCAATGGTTGGAGA
GCCGTCTATCTTTCCTGCAACCTCACCCAAGTGCCCCAGGTCCCCAACACCACCAAGAGCCTCCTGCTCAGTTTCAAC
TATATCAGAACAGTCACAGCCACATCCTTCCCCTTCCTGGAGCAGTTGCAGCTGCTGGAGCTGGGAACTCAGTTTACC
CCCTTGACCATTTCCAGAGAAGCCTTCCGAAACCTGCCCAATCTCAGGATCCTGGACCTGGGTGGAAGTCAGATAGAC
TTCTTGCATCCAGACGCTTTTCAGGGGCTGTCCCACCTCGCTGAACTTCGACTGTTTTACTGTGGTCTCTCTGATGCT
GTATTAAAAGATGGTTATTTCAGAAATTTGGCATCTTTGACTCACTTGGACCTATCCAAAAATCAAATTCAGAGTCTT
TACCTTCATCCCTCATTCCGGGAACTGAATTCCTTGAAGTCTATTGATTTTTCCCTCAACAATATATCTATTGTATGT
GAGCACGAGCTCAAACCCCTCCAAGGGAAAACACTCTCCTTCT"
              },
              annot {
                {
                  data ftable {
                    {
                      data rna {
                        type mRNA,
                        ext name "endoglucanase 1"
                      },
                      partial TRUE,
                      location packed-int {
                        {
                          from 399,
                          to 565,
                          strand minus,
                          id local str "seq_3",
                          fuzz-to lim gt
                        },
                        {
                          from 0,
                          to 344,
                          strand minus,
                          id local str "seq_3",
                          fuzz-from lim lt
                        }
                      }
                    },
                    {
                      data gene {
                        locus "egl1",
                        locus-tag "UMAG_06332"
                      },
                      partial TRUE,
                      location int {
                        from 0,
                        to 565,
                        strand minus,
                        id local str "seq_3",
                        fuzz-from lim lt,
                        fuzz-to lim gt
                      }
                    },
                    {
                      data rna {
                        type ncRNA,
                        ext gen {
                          class "miRNA",
                          product "old product name"
                        }
                      },
                      location int {
                        from 0,
                        to 32,
                        strand plus,
                        id local str "seq_3"
                      }
                    }
                  }
                }
              }
            },
            seq {
              id {
                local str "seq_3_1"
              },
              descr {
                molinfo {
                  biomol peptide,
                  completeness complete
                },
                user {
                  type str "OriginalID",
                  data {
                    {
                      label str "LocalId",
                      data str "seq_3_1"
                    }
                  }
                }
              },
              inst {
                repr raw,
                mol aa,
                length 170,
                seq-data ncbieaa "EKSIDFKEFSSRNEG*R*RL*I*FLDRSK*VKDAKFLK*PSFNT
ASERPQ*NSRSFPPRSRILRLGRFRKASLEMVKGVN*VPSSSSCNCSRKGKDVAVTVLI*LKLSRRLLVVLGTWGTWV
RLQER*TALQPLKKQEEIPSAGLVRSTTPKRRSRQSPMILWRRRESED"
              },
              annot {
                {
                  data ftable {
                    {
                      data prot {
                        name {
                          "hypothetical protein"
                        }
                      },
                      location int {
                        from 0,
                        to 169,
                        id local str "seq_3_1"
                      }
                    }
                  }
                }
              }
            }
          },
          annot {
            {
              data ftable {
                {
                  data cdregion {
                    frame two,
                    code {
                      id 1
                    }
                  },
                  comment "original comment",
                  product whole local str "seq_3_1",
                  location packed-int {
                    {
                      from 399,
                      to 565,
                      strand minus,
                      id local str "seq_3"
                    },
                    {
                      from 0,
                      to 344,
                      strand minus,
                      id local str "seq_3"
                    }
                  }
                }
              }
            }
          }
        },
        set {
          class nuc-prot,
          descr {
            source {
              genome genomic,
              org {
                taxname "Giraffa camelopardalis",
                orgname {
                  mod {
                    {
                      subtype isolate,
                      subname "KB3332"
                    }
                  },
                  gcode 1
                }
              }
            }
          },
          seq-set {
            seq {
              id {
                local str "seq_4"
              },
              descr {
                title "toll-like receptor 5 (TLR5) gene, complete cds",
                molinfo {
                  biomol genomic
                },
                user {
                  type str "OriginalID",
                  data {
                    {
                      label str "LocalId",
                      data str "seq_4"
                    }
                  }
                }
              },
              inst {
                repr raw,
                mol dna,
                length 394,
                seq-data iupacna "TGTCTTCACTCTCTCTTCTTCTCCATAGGATCATGAGAGACTGC
CTTGACCTTCTCTTAGGAGTCGTACTCCTGACCAGTCCTGCACTTGGAGTTTCTTCCTGCTTCTTTGATGGTTGGAGA
GCCCTCTATCTTTCCTGCAACCTCACCCAAGTGCCCCAGGTCCCCAACACCACCAAGAGCCTCCTGCTCAGCTTCAAC
TATATCAGGACAGTCACAACCACATCCTTCCCCTTCCTGGAGCAGTTGCAGCTGCTGGAGCTGGGAACTCAGTTTACC
CCCTTGACCATTTACAGAGAAGCCTTCCGAAACCTGCCCAATCTCAGGATCCTGGACCTGGGTGGAAGTCGGATAGAC
TTCTTGCATCCAGATGCTTTTCAGGGACTGCCCCACCT"
              },
              annot {
                {
                  data ftable {
                    {
                      data rna {
                        type mRNA,
                        ext name "endoglucanase 2"
                      },
                      location int {
                        from 78,
                        to 344,
                        strand minus,
                        id local str "seq_4"
                      }
                    },
                    {
                      data gene {
                        locus "egl2",
                        locus-tag "UMAG_02523"
                      },
                      location int {
                        from 78,
                        to 344,
                        strand minus,
                        id local str "seq_4"
                      }
                    },
                    {
                      data rna {
                        type rRNA,
                        ext name "12S ribosomal RNA"
                      },
                      location int {
                        from 0,
                        to 44,
                        strand plus,
                        id local str "seq_4"
                      }
                    },
                    {
                      data rna {
                        type ncRNA,
                        ext gen {
                          class "rasiRNA",
                          product "old product name"
                        }
                      },
                      location int {
                        from 0,
                        to 55,
                        strand plus,
                        id local str "seq_4"
                      }
                    }
                  }
                }
              }
            },
            seq {
              id {
                local str "seq_4_1"
              },
              descr {
                molinfo {
                  biomol peptide,
                  completeness complete
                },
                user {
                  type str "OriginalID",
                  data {
                    {
                      label str "LocalId",
                      data str "seq_4_1"
                    }
                  }
                }
              },
              inst {
                repr raw,
                mol aa,
                length 89,
                seq-data iupacaa "STQVQDPEIGQVSEGFSVNGQGGKLSSQLQQLQLLQEGEGCGCD
CPDIVEAEQEALGGVGDLGHLGEVAGKIEGSPTIKEAGRNSKCRT"
              },
              annot {
                {
                  data ftable {
                    {
                      data prot {
                        name {
                          "hypothetical protein"
                        }
                      },
                      location int {
                        from 0,
                        to 88,
                        id local str "seq_4_1"
                      }
                    }
                  }
                }
              }
            }
          },
          annot {
            {
              data ftable {
                {
                  data cdregion {
                    frame two,
                    code {
                      id 1
                    }
                  },
                  product whole local str "seq_4_1",
                  location int {
                    from 78,
                    to 344,
                    strand minus,
                    id local str "seq_4"
                  }
                }
              }
            }
          }
        }
      }
    }
  }
}
