Seq-submit ::= {
  sub {
    contact {
      contact {
        name name {
          last "Moolhuijzen",
          first "Paula",
          middle "",
          initials "",
          suffix "",
          title ""
        },
        affil std {
          affil "Murdoch University",
          div "Centre for Comparative Genomics",
          city "Perth",
          sub "WA",
          country "Australia",
          street "South Street",
          email "pmoolhuijzen@ccg.murdoch.edu.au",
          postal-code "6150"
        }
      }
    },
    cit {
      authors {
        names std {
          {
            name name {
              last "Hampson",
              first "David",
              initials "D."
            }
          }
        },
        affil std {
          affil "Murdoch University",
          div "Centre for Comparative Genomics",
          city "Perth",
          sub "WA",
          country "Australia",
          street "South Street",
          postal-code "6150"
        }
      },
      date std {
        year 2015,
        month 1,
        day 13
      }
    },
    subtype new,
    tool "table2asn 1.0.0"
  },
  data entrys {
    set {
      class genbank,
      seq-set {
        seq {
          id {
            local str "NODE_97"
          },
          descr {
            source {
              org {
                taxname "Brachyspira hyodysenteriae",
                db {
                  {
                    db "taxon",
                    tag id 159
                  }
                },
                orgname {
                  name binomial {
                    genus "Brachyspira",
                    species "hyodysenteriae"
                  },
                  gcode 11,
                  div "BCT"
                }
              }
            },
            molinfo {
              biomol genomic
            },
            create-date std {
              year 2015,
              month 1,
              day 13
            },
            user {
              type str "OriginalID",
              data {
                {
                  label str "LocalId",
                  data str "NODE_97"
                }
              }
            }
          },
          inst {
            repr raw,
            mol dna,
            length 353,
            seq-data ncbi2na 'E073CD70E3381CC790CCD39CC8D0A7BCE0BE7833F3F001A2
E8FC0CC83C017DE3BF3A2B9CC0202330DFFA0CE58273928C200E3E132C000CF3080030F30FF3CC
CC5C041CCFFB400C3FFC03FC0CDE4A9FE5591547DFFA186D65C0'H
          }
        },
        seq {
          id {
            local str "NODE_104"
          },
          descr {
            source {
              org {
                taxname "Brachyspira hyodysenteriae",
                db {
                  {
                    db "taxon",
                    tag id 159
                  }
                },
                orgname {
                  name binomial {
                    genus "Brachyspira",
                    species "hyodysenteriae"
                  },
                  gcode 11,
                  div "BCT"
                }
              }
            },
            molinfo {
              biomol genomic
            },
            create-date std {
              year 2015,
              month 1,
              day 13
            },
            user {
              type str "OriginalID",
              data {
                {
                  label str "LocalId",
                  data str "NODE_104"
                }
              }
            }
          },
          inst {
            repr delta,
            mol dna,
            length 1407,
            ext delta {
              literal {
                length 513,
                seq-data iupacna "TTTACTTGAAAAGGGAGCTGACGCCAATACAGTATGCGAAATAG
AAAATGAAGATATGGTTATATCGCCTACTCCTTTAATGAATGCTGCTTATAACGGGAATATTAATATAATAAATATGT
TATTAGAAAATGGTGCTGATATTAATTATACCACTGATTTTGGAACAACCCCTTTGATGATGGCTGCTAGTTTTAATC
ACTTTGAAGCTGTAAAAGTACTCTTAGAAAATAATGCAGATACTTCTATAACTGATGAAGATGGTAGGACTGCACTTG
ATTGGGCAAAATTAGAAAATTTTGAAGATATAGTTGAGCTTCTTGAAGAATATAATTAATACTTTTTAATATATACCT
AAACAAATATATTTTGTCAATTCTAGTTTTTTAAATTTTATTATTTCTGGGGACTAGCCCTTACGAAGTACACAGCGT
GCCACACTCCCACTTCTTTTGCGACCAAAGGAAGTACTGCGACTGAAAGGAGTACCTGACGAAATCCACTGTAAGTGTA"
              },
              literal {
                length 144,
                seq-data gap {
                  type scaffold,
                  linkage linked,
                  linkage-evidence {
                    {
                      type paired-ends
                    }
                  }
                }
              },
              literal {
                length 750,
                seq-data iupacna "TACTGAAACGATTTCATTTTGCCGACTACTACACATTATATAAT
TATTATCAACTTTTTTGTCGCACAAAAAAGTTGCAAAAAATGCAATTGCTAGAACTTTATATTTTAAGAATATCTATC
AAATATGGTGTAATACCCTAATTTTAGGTTAAAAATGCATTTGTTTTGGTTCTTTTATACCAATAAAATAACTGGGGT
ATGGGGCAAAGCCCCAGATATAAAAACAAAAATATAAATTTATTTTTGACAAAATATAGTTGTTTAGGTATAAACTAA
AAAACAAATAAAGTTAATATTCAAGTATAAAACAATAAACATAAAGGGCGGGGTTTTAAAATAAATTTTTCTAAGATT
GAATTTTAATAAGAATATACCCTATAGGACTTTAATATAAAAACTTGAAAAAAAATATTTTTATAATATACTAATCAA
AAACTTGACTATAGGATATATTGTTTATGAAATATTTATTAATTTTTTTACTTTCTATAATTATATTTTCTTGTAATA
CCAAAGAATCAAACAATAATAATACAGATAAATCGACTATAAACATAGATGATAGTACAGATAACATAAATAAAACAG
AACAATCAAATACAGATGATAAAGATAATAAATCAAATAATTCATCAATAAATACAAATGAAACAGAAGAAACAACAT
ATTATTCATACACAGATAAAGAAATTATAGCTTTTATAGAATCAGGAGATTTGGAAACAATCAAAAAATTAATTGAAT
CAAA"
              }
            }
          }
        },
        seq {
          id {
            local str "NODE_127"
          },
          descr {
            source {
              org {
                taxname "Brachyspira hyodysenteriae",
                db {
                  {
                    db "taxon",
                    tag id 159
                  }
                },
                orgname {
                  name binomial {
                    genus "Brachyspira",
                    species "hyodysenteriae"
                  },
                  gcode 11,
                  div "BCT"
                }
              }
            },
            molinfo {
              biomol genomic
            },
            create-date std {
              year 2015,
              month 1,
              day 13
            },
            user {
              type str "OriginalID",
              data {
                {
                  label str "LocalId",
                  data str "NODE_127"
                }
              }
            }
          },
          inst {
            repr delta,
            mol dna,
            length 43115,
            ext delta {
              literal {
                length 3641,
                seq-data iupacna "TTTTTTATATATACTATATATAAAAATGGATTATGGGGTATATT
ATGATAAATGTTGGAATCATAGGTGCTGGCGGATGGGGACTTGCTCTTGCTAATATATTTTCAGAAAAGCATAATGTT
AAAGTATGGGTGCATAGTGAGAGTAGTTACAAATTATTAAGCACTTCATATAGAAATGATAATTATTTAGAAAATATA
CAATTAAATAAGAGTATAAAATTTACAACAGATATAGGAGATGCTGTAAATGACAGTGAAATAGTTATAATAGTAACT
CCGTCATTTGCTTTTGCTGATGCTTGTATAAATATAGAGCCTTATATAAGTAATGATCAAATATTAGTATCTGCAACT
AAGGGGCTTGATAGAAAAACAGGAAAAACTATGAGTGAGGTAGCAAGAAGCATAATATCAGGTGATTTATCTATATTA
ACTCTTTCAGGACCTTCTCATGCAGAAGAGGCTGCAAAAGGAGTACCTACTGCAGTTGTTGTAGGAGGTGAGAAAGGT
GTTTCCGAATATGTAAGAGATACATTGACAGTACCTCCTAAATTTAGAATATATAACTCTACAGATCAAAAAGGTGTT
GAAATAGGCGGAGCTTTAAAAAATATAATAGCTATTGCCGGCGGTATAGTTGATGGGCTTAAACTTGGCGATAATACA
AAAGCGGCTCTTATAACAAGAGGTTTGCATGAGATAGTAAGATTTGCATTGAGTAAAGGTGCTAGAATAGATACTATG
TACGGACTTTCTGGAATAGGCGATTTAATAGTAACATGTTCAAGCGGACTTAGTAGAAACAATAGATTAGGACGAGAA
CTTGCTAAAGGTAAAAAATATCAAGATGTAATAGCTGAAAATCATGGTCAGGTTGCTGAAGGAGTATATGCTACTACT
GCAGCTTATGAGTATGCTCAGAAAAACAATATTTATATGCCTATAACTGAAGCAATATACAATATACTTTTTAATGAT
GCGAATATACAAGATACTTTAACAGAACTTATGAGCAAAGATGCTAAAAGCGAAGGTTTTTTTTAAAATAATATGGAG
ATGCAAAAATTATAGTTGCATCTCCACATTATAAACTACATAAAAATATTTAATTTAAATAAGAATCTCTTATTTCTT
TCAGATATTTTACAGATCTCTTTAATCCTTCATCTTGATCTTTTAATAATTTTTCCAAATATTCATTAGATATTTCAT
GAGGATAATAATATTCCAGAGGCTTTATTTCATTGTAAGGGTAAGGATGAGGATGTACTTTGAAAGCATTTTCTCCAA
CTTTATCTACACCTCCAACTCCTGGAGCTCTTTTAAATTGGGCACAATATGGATGACAAGATTCTATATTTATTCTTT
TTAATGGTGATTTATTATAAATAACATCATAGATTTTTTTGATATCCAAATTTCCTTCTCCAATAGGTACACCACATA
CAACATATTTATATACATCTTCATGATCTTCTATAATTATATGATCTTTTGCATGTGTAGTAAAAGTGTATGGTGCCA
TATTATTAACAGCTTCAATTGGATCTTCCCAAGCCATCATAGAATTACCAAAATCAAATAATAAACCTATCCAAGGAC
TAGATAGTTTTTCAACAACCCAAACCAATTCTTTAGAAGTTTCATATTCATGATTTTCTAAAGCAATTTTTATCCTAT
ATTTTTTTAATATAGGTATAATTTTTTCTAGTTTTGGAATAGCTTCCTCATATATAGAAGTATCAAAAAATTGTCTTA
CTTTAGCAGGATCATATTTTCCGCCTGCCCCTGATTCCTCTGATATTATCGGATCTTTAGTTGGAATATATGTTCTTA
CAACTTCTGCATCAAGTATATTTGCCACTTTAAGAACTTTTTCTAAATGATCAAATTCTATACCTTTTGTATCAACTT
CTATGTATAAGCCTAATTTATCACATAGATTTCTAACTTTTTTAAGATGGTTAATATCATCAGTTTCTAATGTACCCC
AATTAGGATCTAAATTATAATCTTTTATAATATTAATTTGAACGCCATCTAAACCTAATTCTTTAGTTTTATTAATAA
AATCAAATATATTCATTCTTTTATTTTGAAAGAATAAATGATAACTTTCAGTTTCTAAACCTAATTTCATTCTTGAAC
TCCTAATTTTTCTTTTTTCTTAATCATTGATAAAAGTAAACTAGATATTAATATTCCAAGTATAGAGAAACCAGCCAT
TATAAAAAATACTATACGATATCCTGCAAAACCTTGATTATTATCTAATATGTTTCCATATAATGCAAAAGCAAACAT
TTGCGGAGAATATCCAAATATACAGGCTATGGACATAGCTGCCCCTGATATTTCTCTAGGCACTTTTACTTCATCTAT
AGGTGCAAAAAATACAGCTCTCATAGAAAATATAATAGCTCCATAACTTAATGTTAAAACCATACCTATATATGGATT
AAATTTATTATGTGGTATGAATGTAAATCCTATTATTGCAATAGCTGATAGTAAAAATGCAAATCTTATATATTTAGT
AGGTGAGTGGAATACTTTATCTGATAATACACCTCCTATAGGTCCTCCTACGATTTTTAACCCATATTGGTTAATTAC
ACCATAAGCTCCAACTAAAGCAACAGGTATACTATATATATCTTTTAGGAAAGGTATAAAATAAGTTAATCCGCAATA
TACAGAATATACGCTGAATATAGTTAATGAAACAACCCATATTTCTAAGCTTTTAACTGCTTTTATAACACCTTGTAT
AGCAACTTTATCTCTTGAAACTTTATTTCCGCTTTCATCTTCAAGTTTAACAACATCATCTTCCAATAAAATATAAGA
TAGTATTCCAGCTAATATGACTGCACTGGAAAAGAATATTATACCTCCTCTTAAACCAGCAGATCCAGAACCTAATAA
TGTAAATACACCCAAAGCACTATAAGCTATAACTACATCTACAATACCTCTTCCAGCTTCTAAGAAACTGAATAATCT
TCCCTGTTCATTACTATCACCTAATAATCTTACTGATTTTAATAATACAGGCCAATATATAACTTCTCCAAATAATGA
TAATAATCCCCATGAAATTAATATACCATAATATGGTGGAAATGTAGCCATATATAGACCAACTAAACCAACACCTAT
AAGACCTACAGGAATAAGTATTCTTTTTGAAAATCTATCTGCAATATATATAGAAAAGAAATTTCCTATAGTTTGAAC
AAGTCCGTAAACAGACAATGCGAATCCTATTTGTGTATGAGTTAAATTCATAAATTCTTGCATAGGAACATAAAAAGC
ATCTTTTAATGATGATAATTTAAATACGGTTCCTCCGCTAAAAACCAGGACACAAAAAGTAAACCATTTTTTAAAACT
GTTTTTGACTGCTTTTTCTTCTTTTGACATAAGTCCTCCTAAATTTTTATTTTATGATAAATTTAATTTATGTGAAAT
AATATTTGTTTCTTTTGATTTTATATGACTGATTGGAAGTTGTTTTTTTATAAAAAAATACTTATAATACAAATTTGT
ATTATAAAATAATATACTAATTAAATTTTTATATGATGAATATAAAATATCTGTTGACTGTTGACTGTTGACTGTTGA
CTGTTGACT"
              },
              literal {
                length 144,
                seq-data gap {
                  type scaffold,
                  linkage linked,
                  linkage-evidence {
                    {
                      type paired-ends
                    }
                  }
                }
              },
              literal {
                length 38585,
                seq-data iupacna "TAACTAATAATCCCATATTAAATAATATAGCTAAAATTATTGTT
TTGTCAAATTTATTTTTATAAAAAAATAAAATTTATATTTTTGACATTTCTAATACTTGCTGAACTACATTTTCTAAT
ACTATAGAAGCTTTAGCATTGTTTAAATCTTTAAACTCTAACAGTACATAAGTAACATTATCAATATCTAGTCTAAAC
TTTGTTGATTCAGATGATGGATCCCCAACTTTTACATAGCCTCTATAAACCATCCAGCCTTTTAATACTACATAAGCA
TATCCATTTTCTTTTAAATCTGCATCAAATGTGAAATATGGACTTTTACTTTTATAGTATCCTGCTCTATCTTTTAAA
GTAGTTACTTTTGGTTTTTCTACTTCTACAGTTTTTTTATTATGATATTCTACTACTTCTTTCATTTGCATATCTGTA
CTTTTACAAGAAATAAAAGCTAGTATAATAAAATTAATAATTAATATTAGTAAGAGTTTCATATTATATAATATATAA
ATTATTTTTACAAATTCAATATTTTTTTATGCTTGAAAGAATATCATATTTAGTATATTATATATCTTACTTTAACTT
TAAAATAGATGAGGTGTATAATTTGAGTAAAAAATTAGATGAAAATAGAATTAAGGAAGGAGTAGGTGGACAGGCTGT
TATAGAAGGTATAATGCTTAGAAATAGAAGTCATTATGTAGTTGCTGTTAGAAAACCTGATAAACAGATAGATTTTAT
AAAAGCTTCTATACCTGAAAATAAAAATAAATTAAGTAAAATGCCTTTTATCAGAGGTATTGTAAATTTTGTAGATAT
GATGAAATTAGGTTATAAGACTTTGGTATTTTCTGCAAATACAGCTGGTATTGAAGAAGAAAATAATAAAAAAGATAA
TAAGCCTAAATCAGAAAAAAGTGATAGTATAGCTATGACTTTGAGCATGCTTGTATCTTTAGCATTTGCTGTAGGTCT
TTTTATAGCTTTGCCTTATTTTATCACTACTCTTATAGGTATAGATGAGAAAAGTAACTTTGTAGTATTTAATTTAGT
AAGAGGATGTATAAAACTATCAATATTTGTTTTATATCTTCTTATAATATCTTTCTTTAAGGATATAAAAAGAGTATT
TGAGTATCATGGAGCAGAACATATGGTTGTTAATGCCTATGAGCATGGGCTTGATCCTGATACTGGAAATATTAGAGA
TTATACAACTATACACCCTAGATGCGGTACTACATTTATGTTTTTAGTATTAACTGTATCTATATTACTTTATATGTT
TACAAGCTATTTTGTATATACATATATATATGCTTCATATACTCCGCCTAAAATAATAGGAAATTTAACTGTTTTAGC
TATTAATATAATTTTACTTCCTATAGTTTCCGGTATATCTTATGAAATACTAAAATTAGGATTTAAATTTTATAATTT
TCCTCTTATGAGACTTGCAATACTTCCTGGTTTGGCTCTTCAGAAAATAACTACTAGAAGACCGCAAGATGATGAGAT
AGAAGTTGCATTATTCGCTTTAAGTAAATTATTAGATACATCTATAGAAAATAGAACAGAAGAAGAAGTTCAAGCCGA
TATTAAAAAGGCTTTAGAAATTAATGATAATATAAAAGATAATGCAACAGAAGAAAAATTATGCGTATAAAAAAGAGG
CTTATAGCAAATGATAATTATTATGAATATTCTTCAAGCTATATAAGAAAATATATTGTTTTTATAGCTGCGGCTTTA
TTTATTTTATTATTTGTAGTTATATTCATACATGTTAATTATAGAGTAGTGCCTTCAAAATCATATATGAGAAATGAT
ACTCCCGTACTCGATGGTAATGTGCTTACTATTACTAATAATAATGGTGTATATTATACCGGGGATTTTACTAATATT
CCAAAATCTATACATATAAATGATAATATGGTAGAAAATTTATATTTGTATTTGTTTCATGATAATCATATAATATTT
TGGAAGCTTTATAAGTACGGATTGAAAAGATATTTTTCTTATTATGCCTTTAATATACTTGATGGAGATTCTCAGTCT
TTTATTATAAAAGAAAATGAAAAAGACTTTTTGGATTTTTATGATAATTTTGTAAGGGCTCAATTTAGAAAAAATGTT
GGTGAATTAGATATTGAAATTCCTAATTTTTATAATACTAAAATAAATATAAAATCTTCTATAAGCAATTTGATTAAT
GCAAAGTTTTCATTCAAATTCACTAATTTTTCATCATCTATGGTAAATTGGAAATATAATAAAGCATTATATACAGCA
TTTTATTATGGTCTTCCAAGCGGATATTTAATTGTTCCTGGAAGTGAAAATGCTATAACAGATACAAGTTCAGTTATA
GCTATTAACACAGTAGGAGAAAATCCTTCCAGATATACGCATAATATAATATCAGCTTTAGTTTATACTTCTTATACT
ACTGAACCTATTCCTGTATTTATTTATGATTCTAAACCTGAGTCGCAAAATTCTAGGATGATTAAATTTTTATTTAAT
AATAAATGGTATGTATATAAGAATTTTGAATCTCATGAGTATAAAGACGTTATAGATTATTATTCTAAAGAAGAAGGC
TTTAGTTTTGTATTTACAGTTACAGGAAATTATCTATATGAATCTTTTGGCAGCTTTAGTAGGATAGATATGGAAACT
ACTAAAGGTGTATTAGACGGATATTTTACTATCAATAATGAACAATTTAATATTAATGGTAATGCTGTTAAAGAATTT
GTACATAGCGTATTTTAAAAGGAATATTATATGCCTGATAAGAAAAAATTTGAGAGATTATTTCAATTATATACTTCA
TTATTATTAGATGGCTTTGTAGATAAAAATAAGCTTATGCATCATAATAATATGTCTTTGAGAACTGTGCAGAGAGAT
ATAGAAGAAATACAAAGATATTTACAAATAGATTTAATTTTAGAAAATGACAGATATATAGTAAAAAAAGAAGATTTA
AAAAAATTAAGAAGAGGACTAAATTTTGATAATGATGATCTTAAAAAAAATGTAGATATATTATTTTCTGTATTTATG
AAAAAAGTGAGTTCAAATTTATCTCTCATACCTCATTCAACTATATCAAAATTACTTCCGCAGAATGTAGATCATGAA
TATTATGATGTTATTATAATTTCAAATAATGAAATAAATAATATATCAGGCAATAGTGAAAATATAGAAAAATTGCTT
TATTGTGTTAAAGATTTAAATGATATTAGTTTTAATTATTATATTCAAAGCGGTAATATTAATTATAAAGTTAAAGCT
ATAGCATATCTTATTTATTATTTTCAAGGTATATGGTATTTAGTCGCTTATGATCATAAATATAAAAAGATAAAAACA
TATTCTATTAGCAATATATCTGATATTGAAATAATTCAGAAATTAAAATTTAATAATAATAGAGAAAAAGAAGAATAT
GATAAAGAACATAAATACAGAATTAATAATAGAGAAAAATTAATTAAATTGATAGAGAAGAAAAGAAGTATATACTGG
AGTGATAATAAATTAACTAGAACAACAGTTCATTTCAATTCAGATGTTGCACACTATTTTAAAAATAGAGATTATGGA
TTCAATCAAAAGATAAAAAAAATATTAGATGATGGTTCTATAATTATTAATTTTGATTTCTCATCTTTTACAGAGCTT
AGAATATTTTTAAGTCCTTGGCTTGGTTCTTTTAAGATAATATCTCCTAAGAATTTTAATAAAGAATTTATAGATCAT
TTAAATAATTCATTATCTATTATGAACGAATAAAGTAAAAAATAAAAGGGCATAAATTATATAATCTATGCCCTTTAT
TAGTTTATGATAAACTATATAACATATCGCCGTAAGTTGGGAGTTTCCAATATTTTTTTGATACAGTTCTTTCTAATT
CATCTATTGTAACTCTCATATCTTCTAAACAAGCGAATATTTTATCTCTTGAGAATTTGGCTGATTTGGCTATATCAT
TAATTTTCTTAGATTCTAGAGTGTATCCTTCTAATTTTTCTAATTTAGAATCAAGATCTTTGATTAAATCATTGAGTT
TATTAATCAATTTTTTTTCAACATCAAATTTTAATTTTAAATTTCTTTTTTTATCAGCTGTATTTGCAAGCTCGCCTA
CATATTCCATTGAGTATGGAAGTATTTGCTTATGTACCATATCTATTAATGTTAGAGCTTCTATATTAATTTCTTTAA
TATACTCTTCCATACTTATTTCATATCTTGAATGTATTTCTGCTTCTGTTAAAACTTTATGTTTTGTTAATACTTCAA
TATTCTTTTTAGATATGAAATGAGGTAATGCTTCAGGAGTTGTTTTTAAATTAAACAAGCCTCTTTTTTCAGCTTCTT
TAACCCAATCATTAGAATAATTGTTTCCATTATATATTATTCTTTTATGTTTTCTAAAAGTTTCTCTTATTAGTTCTT
CAACATCTTTATCAAAATTTGAAGATTTTTCTAAAATATCAGCAAACTGTGATAATGCTTCAGCTACTATAGTATTCA
AAATGATATTAGGACCAGATACTGAAAGACTAGATCCAACCATTCTAAATTCAAATTTATTTCCAGTAAATGCTAAAG
GAGAAGTTCTGTTTCTGTCAGTTGTATCTTTAGTGAGTCTTGCTAATGAATTAACACCCATTTCCATTTCAACTCTTT
CTTTTCCTTTATATTTTTTAGAGCTTTCCATATATTCAAGTATTTCTGTAAGCTCATCTCCAAGAAATATAGATATGA
TAGCAGGAGGAGCTTCAGCAGCACCAAGTCTATGATCATTACTAGCACTTGCAGTAGTTATTCTTAAAAGATCCTGAT
ATTCATCAACAGCTTTTATTATAGCAATTAAGAATAATAAGAATCTTTTATTTTTAGAAGGATTGTCTCCTGGATCTA
ATAGATTTATACCTGTATCTGTAGCAATAGACCAGTTATTATGTTTTCCGCTTCCATTTACTCCTGTGAAAGGTTTTT
CATGAAGTATACAAGCTAAATTATGTTTTTCAGCTATTACTTTCATAAGCTCCATAGTAATCTGATTTTGATCTGTTG
CCATATTTGTAAGTGTAAATTCAGGAGCTAATTCATATTGTCCAGGTGCAGCTTCATTATGTTCAGTTTTAGCAACTA
TTCCAAGCTTCCAAAGCTCATTATCGAGTTCCTTCATAAATGCAAGTACTCTAGGTTTAATAGCACCGAAATAATGAT
CTTCTAATTCCTGACCTTTAGGAGGACAAGCACCGAATAATGTTCTTTTACAATATCTTAAATCAGGTCTTTGTAAAT
ACAAATCTCTGTCTATTAAAAAATATTCTTGTTCAGCACCTACTGTAGTGAATACTCGATTAACATCATTATGTCCGA
ATAACTTTAATATTCTTTTAGCTTCTTTTTCTATAACTTCCATAGAGCGAAGTAGGGGAGTCTTCTTATCTAAAGATT
CTCCGCTATATGAACAAAAGGCACTAGGTATGCATAATGTGTCGTCTTTTATAAATGCATAAGATGTAGGATCCCAAG
CAGTATATCCTCTAGCTTCAAAAGTAGCTCTTAGTCCGCCTGAAGGAAAACTAGAAGCATCAGGTTCTCCCTGAACTA
ATTCTTTACCTGTGAACTCCATACGAATGGATCCGTCATCGGTTTGAGTAATAAAGCTTGTATGTTTCTCAGCTGTTA
TTCCTGTCATAGGCTGAAACCAATGAGTGAAATGAGTAGCACCTTTTTCTATAGCCCATTCTTTCATAGCATGAGCTA
CAACATTGGCAACTTCTAAATTTAAACGCTCTCCATTTTTTATGGTCTTTATAAGTTTTTTATAAATGTCTTTAGGAA
GTTTATCCTTCATAACATTGTCATTAAAAACCATACTACCAAAAATTTCTGGTATTTTTTTCATTTTATATATTTCTC
CTAAGAAATTTATTATAAAAAAAATTATAATTAAACGCAATTATTATATCATTAGTTTAAATTAATTCAATATTACTA
TTAGAAGTTATAAGAAAAAAATTAAAATTTTATATATTTTCATGTATAAATTGTTTTAATTTGTACAATGCTTTTAAT
AATTCTTTTCTATCAATATTATTTCTAGATGAAAATAAAACTTTTATATCATTAATTTCAGAAAGCGACATATAATCA
TCACTAGCTATTCTTTGATAAATATATTCAATAGATTTTAATATAGCATCATCATAATCTTTAAAATTAAAGTATTCA
TTTGGTAAATTCCATATAAGAGCTTCTGTTATAGTAGGAGTTAATTCATTAATATATTTAATTTCAGAAGAAAAAGTT
AAAAATAAATGTTTAAATAATTTTACCAAATTGATAAAATTAGATCCGCAATCATGTTCTTTCTTATCAAAATTTTTA
TTGTCTAATTTAGGATAAAATATTTCATTTTTCCCATTAGAGTCAGTTACTAAAGCACCTTCAACATTATTATCCAAG
TTTTTAAATGAAGGTATCAATACTATTTTTTCATTTTCATATTCTAGAATTAAAGATGATGATGTAACATTAACTTTA
TTTGAATATAAATCATTATTTTTTATTAATTCTAAGATAGAAGATTTAAATTTTCTAGTATCTAATGCATCATTATTA
TCTAATATTAGAAATATATTAAGATATTCCATATAAGTTACATCAGTCCTATTTCTTTTTGAACCAGTAGGAATAATA
GAAATATTATTAAATTGTTTATGAGATGATATTAACTTGGATATAAAATCAATTTTTTTTTCTATTTTATAATATGGG
TAAGCTGTAGAACCGCTTACCCATTTATTTATATATTCATATAAATCTATATTTGTGTTCATTTTTATTTATACTCTT
TTTAGAGCAGCAGCAAGTATTTTATCTAATGGTAAAACTTCATCAACACCGCCTCTTGCAATTGCTTCTCTAGGCATT
CCAAAAACAGTACAAGTTTCTTCGTTCTGAGCTATATTGTAAGCACCGGCATCTTTCATTTCTTTCATACCATTAGCA
CCATCATCACCCATACCTGTAAGTATTATACCTATAGCTTTGTTTTTAGCATATACAGCACCGCTTCTGAAAAGTACA
TCTACAGAAGGTTTATGTCTTGTAACAGGTTCTCCGTCTCTTACTTCTATATAATACTTACCGCCTCTAACTTTAATC
ATAGTATGTTTAGCACCTCTTGCTAGTACAGCTTGTCCTCTTCCTATACTCATACCATCTTCAGATTCAAATACATCG
ATTTTAAGAATACTATTTAATCTTTTAGCAAATGAAGTAGTAAAGTGTTCAGGCATGTGCTGAGCAATAACTATAGGA
GGAGCAGAAGGGGTAACATTTTTAAGACATTCTATTAAAGCCTCTGTACCGCCTGTTGATGAACCTATAAGAATTATT
TTATCCATAGGAGTTTCTCTTGAAGGTGTAAGAGGAAGTATAATATCGGCAGTATTTTTTTGATAAACTTTAAAACCA
GCGGTTTTTGGTGCTTCTAAACTAATAGAACTTCTTTCTGTAGCTGCAGCAGGTTCTGTTGGAACATTAACACCATGT
TTTCTATAAAACTTAGCTCTGTTTGCATAAGCATTCTTTATTTTTTCAACTAAGTCTGTAGCTAATTCTTCTACACCA
TCTCTAACGTTTGCGGAAGGTTTTATTACATAATCAAAAGCTCCAATATTTAAAGCATCTAAAGCTAATTCTCTATGT
TTATCTAAAAGCGAGCTAAACATTATTACAGGAATAGGATTATTAAGCATAAGCTTTTTAAGATATGTAATACCATCC
ATTTCCGGCATTTCAATATCTAAAGTAATAATGTCAGGCTTAAGATTTTTGACCTTATTTTCAGCTAAAATTGGATTT
GCAGCAGTTCCCACCATTTCCAAAGCAGGATCTGAATTTACAATTTTAGTAAGTAATTGTCTTATTAATGCGCTATCG
TCAATAGCTAATACTTTAATTTTTGTAGCCATAAAAAATCCTTAATTATTAATATATTAAAACAATGTAATGTCTGAT
TTTTCTTCAAGTTTATGCTGTAAATTTTTAGAATATTTAATTTCTTGTTCAGCTGAGAATTCTTTAGTTTTACCTTCT
AATTTTTTCATAAGAACTCTATTCTCAGTATTAAAGAAAAATACTTTTCTAGGCCAAGAACCGCCTATATCTTCACTT
ACTATAGGTATTTTTTCATCTGCCAAAAATTTCTTAGCGAACTGTATATTTTTATCAGGTACCTGAAGAATATTACTA
GTCATACCTGAAAGTACATGCCCGCCTCCAAATATTTTAGCTGTAAGGTTTTCCTTTTTTCCCCCTAATTTAATGATT
TCGTTTATAAGAACCTCCATAGCAAAAACACCATATCTAGTATTATTATAATCTTCAGCAGGATTTTCCCATTCTCTC
ATTTCAGGAAGCATAAAGTGATTCATACCTCCAAATTTTAATTTATTCTCAAACAGGCATACTGATATACAACTGCCT
AGAACTGTTTTTATTACAGCAGGTTCTTTTGAAGCATAATAACCACCTATATATATTGTGATTCTTTTAAAATTGCTA
TTGGCTGCTGCTGGAAAATCAATCATTATTACACACCCCTAGTTAAATCTTTTTATAAATATTGCTTGCTACATATTT
AAATTTATCAGACACACCAAATAATGTTTCTGAGTGTCCTATAAATACTAAACTGTCTTCTTTCAAATATTTATGAAA
TTTATTAAATAATTCCTTTTGGAATTCTTTATCAAAATAAATAATAACATTCCTGCAAAATATTAAATCGAATTGAGT
ATGAATATCAAAATCTTCATCTTTAAAATTTAACTGTCTAAAAAATAAATTCTTTTTTAATATATCTTTAACTCTAAA
TAATCCTTCTTTATCACCTGTGCCTTTTAAAAAATATTTTCTAAGTATATTATCTTGTATAGGTTCAACAGCTTCTTC
TTTATAGATGCCTGCTCTTCCATGTGCTAATACATTGGTATCTATATCACTAGCTAAAACTTTTATATCATATTTATC
ATAATTAGCACCAAAATATTCATGCAAAGTCATTTGTATAGTGTAGGGCTCTTCTCCTGTTGAGCATGCTGCTGACCA
TATTCTAAGATTTTTTACTTTACCAGCTTTAAAATTCTTTTCCCAATCTGGAAGAAATGTACTTTTCATATACTCGAA
ATGTTTATTTTCTCTAAAAAAGTCAGTTTTATTTGTAGTAACGGCATTAACAAAATTAGTTAATTCTTCATCTTTAGC
ATTTTTGACAAAATCTATATACTCTCTGAAAGAATCCATTTTTAAAGCTCTTAGTCTCTTACTTAATCTAGAAGTTAC
TAAAGCTCTTTTATGACTAGTCATTTGTATTCTAGTTTTGTCATAAATAATTTTAACTAATTCATTAAACTCAGCATC
ACTCAGAGCCGGCATATGCTCATTCATATCTTCCATTTTTATACCTCAATGATATTATACTGTTTGATTTGTTGGTTC
ATTAGATTTTATTATTTCTTCTATAGGAAGAACCATAATAATCTTATTTTCTAATCTAATAACATTAGAAATTTGAAG
TCCTCTCATATTATCAATAGGAGTTTCTGTCATCTGGCTTTCATAAACTGTAATAACATCACTTACCATATCTGCCAA
TATACCAAATTTTCTATTAGTAGTAGATATAACTATAATAACATCGTCTTCAATAGAATGATCATCTCTTCTATCCAA
GCCAAATCTTATTCTTATATCAACTATATGAAGAATATTACCTCTTAAATTCATAAGTCCTCTCATAAATTTAGGACT
TCCAGGAACAGGAGTTATATTAGTTACACCTACAATACCTTCAATGCTTAATACATCAAGAGCATACTCCTCATTGTC
AATTTTAAACACTAAAAATTGCTGACTAGGTTCAATAGAAATGTTTTCATCATGTTCTAAAGATGTACCTCCAACCTG
AGGTATATTAGCTGCATTAATTTTTTGATTATCTAACATATTAAAATCCTTTATTTTACGCCGTTATTTATTTTTCCT
TGTAAAGACATATTTACTAGTCCTTGTATATCTATAATAAGGGCTATTCTTCCGTCTCCAAGTATAGTACCTCCGGCT
ATTCCTGCATGTTTACTGAATGCTGAATCTAAAGATTTAATAACTACTTGCTGCTGATCCAAAAGCTCATCAACAAAT
ATAGCACATTTTCTATATCCAGCTTCAACAACAACAACTATACCATCATCTATATTATCAACTTGTGTATCTATTTCA
AATACTTTATGCAATCTAATTAAAGGCAAATATTCATCTCTTATTTTTATCATTTCACCTTTGCCTTCAAAAGGTTTT
ACCTGTTCATTTTTTACTTTTATTTGTTCTATAATAGAAATCAAAGGCATAATATATATTTGCTTACCTAAAGCAAAA
GTAATACCTTCAATAATAGCCAATGTTAAAGGAAGTTTAATTATAAATGTACTGCCTTGTCCCTCAGTAGATTTAATT
TCTATTTTACCTTTCATTTTTTCAACATTAGCTCTAACAACATCCATACCAACACCTCTTCCTGATATGTCTGTTATT
TTTTCAGCAGTTGAAAGTCCAGGAGAGAAAATAGTTCTGTATATTTCTATATCAGAATATTTACCGTCTCTTGAAAGA
AGTCCTTTTTCAACAGCTTTATTAAAGATTTTTTCTTTATTTAATCCATTACCATCATCTGATACTTCTATAACAACA
TGTCCTTCTTGGTGAGCAGCAGACATTGTTATTGTACCATATTCAGGTTTACCTCTGGCTATTCTTTCTTCTTTTGTT
TTTTCTATACCGTGGTCCATAGAGTTTCTTATAATGTGTTTAAGAGGGTCAGATAACTGCTCTAACATATTTTTATCT
ATCTCTGTAGTTTCACCTTTAAGAACTAATTTTACTTCTTTATTTAATTCTAAGTTCAAGTCCCTAACATATCTGTGG
AACTGAGTGAATATAGGACCAATAGGCATCATTCGGATGTTCATAACTTCTTCTTGTATTTGTCTGGAAGTTCTATCC
ATTGAACTTACAGCCTCTTTTAATCCATTATCTATATCCAAACTTTGAGTAAGCTGCATTATTCTTGATTGAGCTATA
ACAAGCTCTCCGATTAAGTTCATTAAGCTATCTAATTTTCTTGTATCAACCCTTACTGTTGAAGGAGCCTGAACTTTT
GTACCTGCTTTAGGAGCGGCTGCAGGTTTACTAGCAGCTGCAGATGTTTCAGCCGGTTTTTCTTCTGTTTTGGCAGCT
GTATTTTCTTTAGCCTCTTCTTTTGCTGGTTCTTCTTTTTTAGATTCTGCTGGTTTATTTGCTTCCTCATCATCTTTT
ATATCAGCTTTTGTATTTATAATATTAATATCATTATCATCTATTACAAATAAGAAAATGTTCTGAACTTGTTCTTCA
GGAGCATTAGTTTCAAAATCCAAAGAGAATTGAGTATAACAAACATAAGGATCTTCAAGATTTAAGATAGTAGGTAAG
CTATTACATTCTATTCTTAAGTTGCTTATAGTACCTATAGCTCTAAGGTCATTTAAGAACATTAGAGGGTCTATACCA
TTATCAAAAATAGTAGCTTTAAATCCCATTTCAATATGGAATGAATTTTCACCGCCTGAAGAAGCAGGGGATTCAGTT
TTTGTATCTTCTTTTTTTTCTTCAGTTTTAGCTTCTTCTTTTGCTGGTTCTTCTTTTTTAGGTTCAGGAGATGCTTTT
GGTGTAGCTGCAGCTGTGCTTACATCATTACCATCAGCTATAGCTTTTATTTTAGCTTTTAGTGAATCTATATTGGTA
ACACCTTCAGTTTCACTTTTACCATCTACAATATTTTGCAGCATTAATTTTACAGTATCCAAAAACTCTAGTAATACT
GTAATCATTTGAGGAGTAACATCCAATTTACCGCTTCTAACTTTTTCTAGCAAGTTTTCAGCGACGTGGTTTAACTCA
CTCATAATTGTAAAACCAACTGTACCTGCTGAAGATTTAAGAGTGTGAGCACTTCTAAATATTTTATTCAAAAGATCT
TCATCACTTTTATTATCTTCCAACAAAACAAGATCGTTTTCAAGACCTTCTACAATTTCATTGGCTTCACTTAAGAAT
ATCGAAATAAATTCATCACTATCAAACATATAGCACCTCTACCTTTGTAAAATCCTTATTATATAATAAGATGGTTAG
AAATCAATTTAAAAAACGTTTTACTACATCTAAAAGCTGAGTTGGGTTAAATGGCTTTACTAGCCAACCACTAGCACC
TGCAGCTTTACCCTCCATTTTTTTCTCATCTTGAGATTCTGTTGTAAGCATTAGAATAGGGGTATATTTATGCTGATC
TACCTTTCTCACATGCTTAATAAATTCTATACCGTCCATTTTTGGCATATTGAGGTCTGTTATTATCATATCAACATT
TGGTGTTTTACCAAGAACCTCCAATCCTGTAGTACCATCATCTGCAGACACCACAGTATAGCTGCCTTTCTTCAAAGT
ATATTCAACAGATGCTCTAGCTGTATTAGAATCGTCTACAATTAGTATTGTTTTAGCCATAGATTTAACCTCTTAATC
ATTAATTATTTTTATCATTAATTATATTTAAATATTCTACAAACAAATTATCCATACCTTCTACTATAAGGTTTTTTT
GATTTTTAGCAAGCTCTTTTTTCATAGCATATAGTATTTGAAGTCCTGCTAAATCCACATGAGCCTCACCCTCACAAT
TAAACTTTACAGTCATATCTTCGTTATAATTAGCACTTTTTATGACATTCTTAAAATATTTACTCATAGTTCTTATAT
TAAGATTATCATTTATCTCTATAACTGACATAAATAAATACCTCCATTACTTTTATTAAAACATAGTAAAGTCACCGC
TATCAGCACCTACATCTATACTTATATCGACATTTGGCGCATCTTCTCCAGATAAAATACTATTAGCAATAGCTCTTT
CTTTTTTGATTGTATAAGAATTAACTATATCCAAATATTTATCACTTTCTATTTTCCAATTTTCTATACCCAACAAAT
TGTAATATTCATTCTTTTTATCTCTTATAACATTTCTCATACTATTAAAAATTTCTATTATTTCATTAATTTTTGTAA
GCAATGTACTTAAAGAGCTTAAATCTATTAGCGTTTTATCTATAAGTCCAAATAATTCATCAGCATAACTATCTAATC
TTTTTATGTTATTATTAATAATATATTTAGATTCATCCAAACGTTTACTTACGCTGTCTGTCATAGATTCTATAAAAG
AATGTTCGCTTGACTGCTGATTAATATTGGATTTAAACTTATTAATAGAACTAAAAATAGCAGATTTAATATTATGGA
ATTGCTCTAAACATCCGTCTACTGTATCTGTAATGTTAGTAGCTATTGATTCCACACTTTCTATAGAGAAAGTTTGAG
AATTATTAAATATATTACTATTCTTTTCAAGTTCTATTTTAGCTAAAAAGTTAATAGAGTTAAAAGTTTTGGCAATGT
TTTTTGTTTCTAAGAACATACTTTCCAATTCTTCTATTGAGTCTATTATGGCTATATTACTATCAGATATTCTATATT
TATTGGTCAGAAATAATTTAAAGTTTTCTAAATAGAGTTTTATAAAACCCATATATTCATTAAATAATGATTCTGAAA
CTGTGAATGGGAATTCTGATTTTCCGCTTTCGCCTCCAATCATATATTCCACTATAGTAGTTCTATCTAATGTAATAT
CTGTTAAAGCATCTTTTAAACCTTTTAGGCTTTTATAAATATCTGAGTTAGTAAGATCGATTTCCTCATGTATAGATT
TAAAGTTTTCTATAATTAAAGTTAAAACTACATCGTCAAAAGTAAGCAAATCTAGGAGTTTATGCTCCAATGTTTGAT
TTTCTTCTTTTTCAAGATCGGCAGCATCCATAGTTTCTACTTCTTTTCCATAATACTCAATGAAATTTCTATTTTCAT
AAACTATAGAATTCATAGATTCTATTATGTGTTCTGTCTGCTGTCTTACTATATCTTCACGAGGAAGCACCATCATTA
CTTCAAATATAAAATCATAAGTGTTATCAACTCTTGATATTATATCTGATATTATATTAGAAAATACTGCAAAGGAAT
TAACCATATTATTATGCTCTTTATCGAGCTGCTCTCTCATAATGGTAAAATTTTGTCTTTGCAATTCATTTGTTTTCA
ATATTTCAGTTTTAAATGATTCAAACCTTACAAATAATTCCTTACCGATTCTGTTCATTTGATCTGCTTGTTCATTTG
ATGTTTCAGACATTTTTATTATGTTTTTGGATATTTCTCCAAAAGCTTTACCGCCTGCACCATATTTAGAAGATATGA
TGATAGCATTTAATGAATAAACTTTAATCTGGTCAGCAAGCATCCTAATTTGTTCTATGGAATCCATAATATTGCTTG
TTCTGCCAACGTCTTCAACTAATGAGTCGGAAAGTTCATTATCCTGTGATATAAAGCTTTGCATTCTGTCAAATGATC
TAAAAAAGTCTTCCTGGTTTTCATCTAAATCATTTGAGAAGTTTTTTTCACCTTTTTCTTTGTTGGTAAAATATGAAA
GCAGCTTATTAGCTTTTTCATTTTCATTTTTCATTTCCTGTTCAATCATAGGAAACTTTTCACCTATAAAGCTATATA
CTCTTCCAACTTCTTCAAGGAAGGAATGAATATCTTTTACAGTTGTTTCTAATATTGCAGAATAGTCGAGGATGTCCT
GCCTTATGTTATTGTCTATAATAGTTGTAGCCACTTTTTATAATTTCCCAACATTCTAAAAAATTATATATTACGATA
TAAATATAACATTTATTATTGCTTTTTGCAAGTAAAATTTTTATTACACAATAATTTTACAGTAAAAATATATTTAAT
TAAAGTTTTTTTAATTAATTTCAAAAATTTTGTTTTTTAAGGACAGATATTTTGCTGTATAATATATCCTGTTTTGAG
ATTCTCTATTTCCAAATCCGAAACTTCTTCTGCTTACAGCAAGTATCGGAGGAGCTTGTATCCTTTTAGATATACCCA
TTCCCATGTATTGCTTCCACCATCTTTCTAAATCGTCTACAAATTCGGCACCGCTTTTGAAATATTTTTTTAATATTC
CTTTTTGGCATCCTATTTTTTCTTCCAAATTTCCTTCTATATAAAATTCTAGTATATCTTCTAATATTGCTCTGTTCC
AAGATTCCATTAAAAATTTAAATAAATAATCATGATAATCATATTTTATAGGATCTCCTTTACCTTCATCTACAGCCT
GAGCAGTTGAAAGTTCAGCACTTGGAACAATATTTATAGTACCTTCAGGGATAATTTCCTTTTTAAATACTTCTTTGT
TAACATAATTAGCTAATCCATATATTTGATATTTCCATAAATCAGCTAAGCAAGCAAAAAATCCAGCACCATCTCCAT
ACATAGTTGAATATCCTACCATAGTCTCTGTTTTATTAGCATTGCAGGTAAATACGCCTCCAAAACTAGCTGCTATAG
CAGATAATACTCTCGAAGATCTGTCTCTTGCCTGTATATTCTCTATAACAAAAGATGATAATTTTAGATGATCTTCTT
TACCTTCTTTTATAATAGGGGAGGTTTCTAATTGTTTTACAGTATAATCTACAGACTCTTGTATAGGAACAACCATAT
AAGCACAGCCTAAATTATCAGATAAAGTCTTAGCAAGGTTTTTAGTTGTATTAGAATTAAATTTACTAGGCATATTAA
CAAGTAATACATTATCTTTTCCAATTGCATTTACATACATTGCAGATGATAATGCAGAATCAATACCCCCAGATACTC
CTATAACAACCTTATTAATTCCTATGGACTTCATAAATTTCCTTATTCCATAAATAACAGTATCATATATTAATTTAT
ATTCATTTTCTTCTTTTATCTCTATAGTTTTTCCAAATGATTTATTTTTCACATCTATATCAATGAAATACAAATCTT
CTTCATATCTTTTTCCTGTTAATAGTAAATTACCATTATTATCATAAACAGAGCTTCCTCCATCAAATGTATATACTG
TTTTTCCATTATTTTGTATTCCTACATTATTAGTATATACAAGAGGAGTATTATGTTTACTTGCAATTTCTCCATACA
TGCTATGTCTTTTAGCATCTTTAACCAAAGTATAAGGAGAGCTTGATATATTGATAAATAAATCTACATCTTTATTAG
TATTAATAATATCCATTGGAGAAAATAAATAGTTTTTGCTCCAGGCATCTTCACATATAGTTAATCCTAATTTAATTT
TTTCACCATTGCATTCTATTTCTAATGGCTTTAAATAATCTTTTATATCAGTATTATTCTCAAAAGCCAAGTCTTTTA
AGCTGAAAAAGTGTCTAGGATCCTCAAATTCTTTATAATTAGGCAGTAATGACTTTATTATAAAAGGGTATTCAGTGG
TATTATTATGTATTAATTTACCATCTTTAGCTACAAACATAGCATTATATTTTCTTATTCTTCCATCAAAATTCTTTT
TTTTCCTATCAGAAGCAACATTTCCAAAAATAACATATATTCCATTTGAAGATTTTATTATCTCTTCACCAAGTTCTT
CGCATTCTCTTATAAATCCCTCGCTTTCAAACATATCTCCAATCATATATCCTGAAATGCATAATTCTGGAAATATTA
CTATATCAGCATTCTCTTTTTTGGCTTTACTTATAAAACTTATGATTCTTACTGTATTATCGCAAGGCATAGATGGTA
TTATCTCTAATTGTGAAACAGCTATTTTCATAGTAAATGAACTCCAATTGTAATTATATTAATTAAATTATAAAGAAA
AAACATAATAAACCGTTATATATATTATAATAAAAATTATTAATTTAGTCTACAATTATAATTTATATTATAAAAGGT
TATGCTTTGGTAATTTGTATATGAGAAGAAAAGATTTTATATTTGAAGATAAAGAAGAGATATATAGCATGCTTAATA
GTATAGAATTCGGAGTTATGGCTCTTCCTGACAATATACCTTATGCTGTACCTATAAGTTTTTGCTATAAAAATAATG
AAATATATTTTCATGGAGCTATGGCCGGAAGGAAATATGAAATTTTAAAAAATAATCCTGAAGTATCTTTTACTGCTT
CTAAACCATATTCTTATATACCTTCCGAATTTTTGAATGGAAAAATGATACCTACACAGTTTTTCTTTTCAGTTTTTA
TAGAAGGCAAATTTGAAACTATAGATGATATATCAAGAAGAAAAGAAATTTTATATGAAATAGTAAAAAAATATGAGC
CTAATAATGATAATTTATCTATAGATAATAAAATGTTTGATTATGCTCAAAATAATATGCTTATAGGAGTTATAAAAG
TTAAAAATATTACGGCAAAAGCTAAATTTGGGCAGAATATGCCTGATGAAGAAATAAAAATTATAATAGATGATCTAA
ATATTAGATCAAAAGACATAGATATTGAAACAGTAGATATGATAAATAAGCTAAGAAAATAAAAAAAATAACTTGAAA
AAAGTATTATAAGTGATAGAATAAAATAATAAAATAATCTTTTTTTATTCTAAAAAACTTTAGATATAATTAAATTAT
TAGTTGAGGAAAAAAGTTAATGCAAACAAGAGTATATAAAGCAGGTTCTATAGTATATTTTACAGGCGATACCTCAGA
CAGAGTTTATATTTTGAAACAAGGTCAGGCTCAAAGTATATTTTTATCAGAAGAAACAGGTTATGAAACTAGGGAACT
TATTAATATAGGCGAGTTTTTTGGGGTAAAAAGTATACTTGGTACATATCCGCAGGAAGATACTGTTCAGTGCTTAAC
AGACTGTGTTGTTATTATCATTACTTATGAAGAATTTGAAAGTTTGGTTGAAAAAAATAAACCAATCATTATAAAAAT
GTTAAAGGTATTTTCAAATCAGCTTAGAAGAATCAATAAAAGAGTAAGAGAACTTGTTGAAAATGATATAAGTGAAGA
GGGACAGGATCCTTTAGAAGGATTATATGGAATAGGTGAGTTCTATTTCAAAAATAAAAAATACAGAAATGCTCTTTA
TGCATATAAAAGATATATACAATATGCAGATGAAGATTCAGCATTCTATAATACTGTAAAAGAAAAAATCGAAGAATG
TAAAGATGAATTAGATATTACAGATGACAGTGATATAGCACCTCCTGTTTCAAATGCACCTGTTTCAAATGCTAAAGC
TCAGACTAAAGCTACAATTAATGATCCTGCATATAATAAAGCTGTTGAATTATATAACAATAATGATTATGTTAATTC
ATTAAAGGCATTCAATAATTTAATTAAAAGTTCGGATACTGCTGTTGCTGAAAATTCAATATTTTATATGGGTAAATG
CTATTATAATATAAATAAATACGATAATGCTTCTACTGTATTATTATCAGCGATAAAAAAATATCCTAAATCTTCAAA
TGTTAAAGAGGCTATACTATTTTTGGCTAAAAGCTGCGAAGCAAGCGGAAATAAAACGAAAGCAAAAGCTTATTATCA
GAAAGTTATTTCAATGCCTCCTATGGATAATTTTTCAAAAGAAGCAAATGCTAGTATTTCAAGACTATAATCTTATAT
AAAAAGAAATTAAGGAACAAATATGGACAATAATTTAAGTTCTCATACTAAAAAATATAATACTGATGATGTCATATT
TCTTGAATATGAAAAAGGTGATAAATTCTATTTAGTTCAAAGCGGTTCTGTAAAAATTACCAAAGTTATAAAAGATGT
TGAAAAATTATTAGACATAGTTTATGCAGGAGAATTCTTTGGTGAAATGGCTATATTAGAAGATACTACAAGAAGTGC
ATCAGCTATAGCTAATGAACCAACAGTACTTTTAGAGTTGAGAAAAGAAAACTTCCAAAGCATATTGGCTAATAATAC
TATAATGGCATTAAAACTTTCAAAAACATTCGCTAAGAGAATATTCGATGCTAAAAGAAGACTTTTAATACTTCAATT
AAATGAAACTGATTTGAGAGTTTATGATTGTCTTTTACTTTTAGCAGAACTTCAAAACATACCTAGAGATCATTATTA
TGAACCTCAGGAATTAAATGCTACTATAAATGATATAGCGAATTGGTGCGGTGTAAAAGTAGTTGATGTACAGAAAGT
TTTAAACACATTGGTAAAAACAGGTAAAATTGATATAAGAACTAATACCATATATGTTAAGAACTTAAAAGAGATTCA
AAGACAAATCGATTTAAAGAGAAAGAAATCATAATTTTTATTATTAATAATAAAATTATTTAAAAGCTGATAACAATA
AGTTGTCAGCTTTTTTATTGTTTTAAAATATTAAAATTATTCAATTTCAAATAATCATATTGACAAAATAATATAACA
ATATATATTTTTCCAATATTTTTAAAAAGAGGTTTATATGAAAAAAATTGTATTGATGGCAATATTGTATACTTTATT
TAGTTTTAATGCATTGTATCCAGCAAACTCTGAAGATGAATCACTGTTTTTATCGTATATAGCATCCGGTGATATTGA
AGAAGTTTCAAATTTTATAGATAATAAGAAAATTAATATAAATGCCAGGATAGAAAATAGTGCTACACCATTAATATT
TTCCATTATTTTTAAGCAAGATGAAATTGCAAAAATGCTTATAGGAAAAGGTGCAGATCTTAATATCAAAGACAAGTC
AGGATTCACAGCTTTAATATATTCTATAATGTATAATAGAATAGAAATATCAAAAATACTTATAGAAAAAAAAGCTGA
TGTAAATACAAAAGTATCATTAAATGAAAATGTGGTATATATGAAAAACGTTACTCCTTTAATACTTAATGAAAATAA
AGAAGTAGCTCAATCATTAGTAAATGCTGGTGCAGACATTAATATTAAATTCTCTTTTCAACATGCTGGAAAAAATAT
AAAATTAGAAAATGCTACACCTTTAATGTGGTTTATTTTTAATGATAATTCTGAAATAGCTAAGTTATTGATAGAATC
CGGAGCTGACATAAATGCTAAAGATAAAAGCAGAAAAACAGCATTAGATTATGCGAAAGAGAAAAATAATGCTAAAAT
AGAGCAGTTACTTATAACCAAAGGTGCTAAATAATAAAAAATATATAGTTTTAAAATCTCTATGAGCTAAAGCTGATA
GAGATTTTTTATTTGTAAATCATTAAAAAGTTAAATATACAAATATTACTACTATTAAAATAGCCTAAATAATTAAAT
GTGATCATTGTAAAATTACATACCATAATGAAGTATATAATTGACAAAACAATGTAATTAGTATATTTTGTATATAAT
TTAAAAAGAGGTTTATATGAAAAAAATTGTATTGATGGCAATATTGTATACTTTATTTAGCTTCAATGCACTGTATCC
AGAACTTAGTAAAGATAAAAAAGAATTTGTATCATATATAGCGAATGGTAATAAAGAAGAAGTTTTAGATTTTTTAAA
TAATAAAAAAGTCAATATAAATTTAGATATTATTGATGGTGCTACACCTTTGATGTTATCTATCATTTATAAGCAAGA
TGAAATAGCAAAGCTGCTAATAGAAAAAGGTGCAGATCTCAATAAAAAAGAGAAAGAAAGCAGTGCTACACCTTTAAT
TTTATCTATTATTTATGAATGATATGAAATAGCAGAGTTACTTATAGAAAAAGGTGCTAATGTTAATATAAAAGACAA
TTCGGGATTTACAGCTTTAATACATGCTATACAGCGTGAGAAAACAGATTTATCAAAAATGCTTATAAAAAGAAAATC
TGATGTAAATACAAAAGTATCATTCAAGACAGATGGATTATATTTAAAAGATTTTACTCCTTTGACATTTAATGTAGA
TAAAGAAGTAGCTGAATTATTAATAAAAGCTGGTGCTAATGTTAATACTAGATTATCTATAAAAGATGATTCAAGAAA
TATACAAATTAGAAAATATTACTACTTTAATGTGGGTAATTTTTGATTATAATACAGAATTAGCTGAGTTATTGATAG
AAGCTGGAGCTGATCTTAATGCTAAAGATAAAGATGGAAACACAGCATTATATTATGCAATAACTAAAAATAATAGTA
AAATAACGAAGTTGATTTCTGAAAAAGGTAATAGATTCTAAAAATAATTTTTATAACTAGCTTTATAATATTTTTTAA
TTACTATTTTAGTTTTCATTAGTTCTTAATATTATTCTATGTATTAATATGATTAAGATATTATATATAAGTAATGCT
ATAAAAAATATTTTCATTATGAACATGAAATTTTCAAAGGTTCTAAGTCCGTTTCTTAATGAAAAATATACATAAGCA
AATATAATTAAGTATCCGTAAAATGGTGCGAAAAGTTTATAAGCAAGTCCGTAATTGAAGGCAATAACTGTAAATCCT
AAGGAAAATCCAAATATTACAGCCTGCGGAATCAATGGAATAATGGCTTCATATCTATTTGTAAATTGTATTAATACT
ATTTGTTTTGCAAATATAATTAAAAATGCTGATAAACAAATAGATGCAAATACAAAAAGTGCAATGGAATAATAAACT
ATCTTTCTTTCTTTATTTTTATTATTATCCTTTTTAGCTATTAAAATATAAGAAAACATAACTGATGCAACAGGAGTT
CCTATATAGAAAAACATTTTTATTATTAATGATATAGTAGAGTAGTAGCCTGCACTTGTTTTATCCAAATATCTGTTT
GCCATAAGTACATCGCTTAATGATATCCAATTGAATATAAAATTTATTATTACAATATGTATTATATAGCTTAAAAAT
ACTGATAGATTTTGTTTAGAGAAATACATTTTTATTTTATTTAATGGTATAAAATAGGGTAGATTAACTTTTTTCAAT
TCTATTAAATTGATTATTAAATATAGTACGCAGAATAAAGTAACTGTTATAATAGATTTGAATAATGTCAATCCTGTA
ATAATAAAATATGCTAATAATAAAATTTTGGATATTAATATTGCTATTAAACTTGCCGTATAGTCATAGGCTATATAG
TTATTAATTTTTAATATTGACTGAGAAACTATACCTAAAATCGTTGCGAATATTCCAATTGATATTATTAAAAGAGAT
GGGTAGCTTTTTATATTAAATAGTATATCTATTAATGGTATTGATAATATATATAATAAAGATATTATAAATGCTATA
ATATATCCATAAGCCCAATAAACTTTAGCATCTTCATCATCTTTATAATGATGCATAATATAATAACTAAAGCTTGAT
ACTGTTAGAACTATTATTGAATATATATTGATGATACCGTTGTAGTGTGCAAAATCAGATATTGATAAACTTCTGTTT
ACATATATTGAAGATACATAATTTAATACGCTGGCAATGCCGTTTATAAATACTAATAAAGCATAGTTAATATAATAT
GAATATTTTTTGTATAAAAGTTTTATATTATTCATACTATATTAACTTATGCATAGCCTTCATTGTAATATATTATTT
TATCTTCTTCTAAAGAACCATATTAATATACCAAGTATACCGAACAAACAAGGCAAACCTATTTGAGCAACATATCTG
ATAAAGTTAGTTTGAGTTGTTGTAAGAGTAAGATTTTTAATACTTGCTTCTTTAGGTCTTATAGTAATTTTCTGTCTA
GCTTCTAATAGATAAGCAACAGTATTCATAAATAAGTCTTTATTTCCGGCAAAAGCAATATCTACAGACTGTCCTTGT
TCAGGATTGATATATGCATTCAATGCAAATGTAGCATCACCAAATACTACTATTCTTGCAGGATCTTTTCTTCCTTCG
ATTTCATAAGTACCGCTTATAGCCAAAGGCACAGGTCCTTGTATATCTGTTCTAGGATTGAATCTAGCTCTTGATAAA
TCAAAAGTAGCTTCTTCTTTTCCATAACCTTGAGGAGTAGTTGTTATTATATTTTCAAAGCTGCCATTATATTTATTT
TCACCGCTTAATATACTTCTAGCAACAACCAAACAAGCAAATACATTTCCTTCTTTTAATGTTTGAGTTATAGGATGA
GAAGTATATTGAGGTACTATATTAACAGGTATAACAACACTTGAAGCAGGATCTATTATATAGTCATTTTTAGTTTTG
AATCCCCAATCAGATAAGAAATTACCTAAATTGCTGTTAAATTTACTTCTATCCATAAAACTATCATATAATACAAGA
AGTTTTCCGCCTGTTTTTACATAGTTATTCAATTTTTCTATTTCAAAATCACTGAAAGTTTCAACAGGTGCTGCTATT
ACTATAAGTGATGCATCTGTAGGAATATTTTCAAGTATTATATTTAATTCTTTAACTTTGTAATTTTCATTTTCCAAA
TAAGTTTTTACATAAGATAAACCTTCACCGCCTCTGTCTTGAATCTGTCTTTCACCATGTCCTACAGTGAAGTAAACA
GTATAAGATTCTGTATCAAGTAAAGTGTATATAGACTGAGTAAATTTTTCTTCTCCAACAAATAAAGGATCGGAAGTT
ACTTTAGACTGAGTTGTTAAATCTTTTCTATATACTCTAACTTGTTTACCTTGTCCATAAGTAAATACGATTTCTCCA
ACCTGAGTCATTTGATATTTACTTTTAGCAGAAGGTTTTTCTATAGGGTTAATATATTCAACACTTATATGTTTATTT
ATTCTTTTATACTGTTCCAATAATAAATCAGCTCTCCAATCTGCTGAAGTCGGATCTGTACTAGGTGATCTCAATACT
ACTATAGAAAGCGGACTATCTATTCTTGATAGAACATCCATAGTCTGCTGAGATACTGTATATGATTTATTTTGTGTT
AAGTCAAATCTTATAGGGAAGTTTATACTTATAATATATAAACCTACAAGTATAGCAAGAATTATTATTAACGATAGT
ATTCCAAAAAAAGCTTTATGAACAAATCGCATCTTAAAAAAAGATACTATCTGTTTCCTATCTACTATTAATGTTATA
ATAGTTATTATAGAAGTAAATGTTAATACTCCCCAAAAAACAGGGGTAGGAGTTTGGGTCACGGCATAGAAAAAAATC
CAAGCAAAAAATAATAATACCCAAGAAGCTAATGTAACTATTTTTAAATTAAATTTCTTATTTGACATTTAGTAATAA
TCCGTTTTTTAAAAATTTCAATTAATTTGAATAAATATTATATATAATTAATGATAAATTTCAATAGTTATGTTTAGT
TATACTTATTCTGGTATATTATCGGCTATTAAAAAAAATACATAAAACAATATTTTTTAATTATTAGAGCTATTTATT
AATTTATAATAATAGTATAGAATATTATACTATTATTATAATATTTGGGAGTATTATGAAAAAAAGAATTCTTTTATT
GGGAGCTACTGGCTCTATAGGTTTGAATACTTATTCCGTTGTTTGTAAATTTAGAAATGAGTTTGAAATAGTAGGAAT
GTCTACAAATAGCAAAATAGATATATTAAGTAATTTATGTGATGATCTTAAACCTAAAACTGTAAATATATCAGATAA
GATTGCTGAAAATATTTTTAAAGACTATGACTGCGCAAAAGATCTAAGTATATATGAGGGAACTATAGCTGATTTTGT
AAAAGATACTGATTTTGATATATTAGTTAATGCACTTACAGGATATGCAGGATTTTTGCCTACTGTAGAAGCAATAAA
AAAAGGAAAAACTATTGCTTTGGCAAATAAAGAAACATTAGTCGTAGGCGGAGATATAATAAATCAATTATTGAAAGA
ATATAAAGCAAGCTTAATACCTATAGACAGTGAACATTCTGCTATATTTCAGATGTTAAGGCATTTTCCTAAAGAGTC
TCTTTCAAAAGTAATAATAACAGCTTCTGGAGGACCTTTTTTCAGAACTCCAAAAGAAGAATTAAAAAATGTTACGGT
TGAAATGGCTTTAAAACACCCTACATGGTCTATGGGAAATAAAATAACAATAGACAGTGCTACTATGATGAATAAGGG
CTTTGAAGTTATAGAGGCTCATCATTTATTTAATTTGGATTATGATAAAATAGAAACAATCATTCACCCTCAAAGTTT
AATACATTCTATGATAGAAATGAATGACGGAGAAATTTATGCTCAGATCGGTAAAAATGATATGCGTCTTCCTATACA
GCATGCATTAACTTATCCTGAAATTAGAAACACTCCTTTTGAAAAATTAAAATTATATGAACATCCAGAAATCAATTT
TTATAAAATGGACTTTGATAAATTTATAATGCTTAGATTGGCTTATGAATGCGGAAAGAGAGGAGGGCTTTATCCTTG
TGTTTTAAATGCCGCTAATGAAATATGTGTGTATTCATTCTTACAAAAGAAAATAGGTTTCACTGATATATTTAATAT
AGTATCAAAAGTATGTGACAGAAAAATTAATGTTCCATTAACTGTAGATAATATTATTAATATGGATAGTGAAATAAG
AAAAGAAACAGCTTGGATAATTAATTCAATGTCTAAATAAAATTATAAAATGAATTATCTACAAATTATATATGGGAT
AATTCATTTTAATAAGTTAATAATTTATTTTATATCTATTATTTTTAATCCAACAGAAGTATCTCTGCCTACTGTTAT
ATATTTATATTTTACGTTTCTTGCTTTAACAAACTCCTGAAAAGCCTTAAATTCATGATTTTGCCAATTCGGATAATT
TATATATTCATCAAACACTATTACAGTACCTTTCTTTATTCTAGGATATAAATTATCCAAAATAACTTTTGTTGAGGA
ATACAAATCACAATCAATATGTACAAAAGCTACATCTTCTTTATGTGATTCTAAAAATGGAGGTAAACTTTCATTAAA
CCAACCTTTTATCAATTTTACATTATCATTTACTTTTGGTAAATTTCCATCAACATCAAAAGTTCCAATAGGTCCAAA
CGTTCCTGTCCAATTTTCATTAAATCCTTCAAAAGAGTCAAAGCCATAGAATGTTTTATCTTTTAATATATTTGAGAT
ATAATTCAATGAACTTCCTTTATACACACCAAATTCTAAAAATAAACCATCTATTTCTATTTCATTGAGTAAATGATA
TTTCATTTCTTCTAAATAGCTTTCAAAAAAAGTTAAATCATTTAAATATGGTGATAAATATTCGTAAGTTTCTTCTTC
TGCTTTTTTTTGAAAAGCAATGAAAGGCATTCTTTTTCTCTTTTCTTCTAAGATAGCATCTTGAAATTCTATTTTTTT
TCTTAAATATATTCTTACTGCATCTCTTAATCTTCTAAACGGTATATAAAATACAATATCATCTATAAAATCTCTTTC
TTTCATGTCATTGCTCCTAAATAAAATACCCTAAGGAATAGAGTTAATATGTAATTGATATATAAAGATATTAGTTGT
TGGTTGTTGGTTGTTGGTTGTTGGTTGTTGGTTGTTGGTTGTTGGTTATTCATAGTTTTAATATAACATAATTTCTAT
TAATGTCAATAATTATAGTTGATAATTTTAATTTTATAATATATCATTAATATAAAATTTTTAATCTTTTAAGGGAAA
TATTATGCGTTTATCAAAATTATTTATGCCTACATTGAAAGAAGCACCTAGTGATGCAATAATAGCTTCAAATAAATT
AATGTTAAGAGCAGCACTTGCAAGAAAAATATCAAATGGACTTTATTCGTATTTACCTCTTGGAGTTAGAGTATTGAA
TAAAATATCTAATATAATAAGAGAGGAAATGGATGCAATAGGTTCTAATGAATGCATAATGCCAATACTTGTTTCAAA
AGAATTATTAACACCTTCAGGAAGATGGGAAAGATTTAAAAAAGAATTATTTAGATTAAAAGATAGAAATGATGTTGA
TATGGCAATGGGGCCTACTCATGAAGAGGCTTTCACTATAACAGCACAAAATGAAATACAATCCTATAAGGATTTTCC
ATTGACATTATATCAAATACATACTAAATTCAGAGATGAAATACGTCCAAGATTTGGAGTTATAAGATCAAAAGAATT
CACAATGAAAGATGCTTATTCATTTCATATAACTAAAGAATGTCTTGATAAAACTTATAATGATATGAGCGGTGCTTA
TACAAAAATTTTCAAAAGAATGGGACTCGATACTGTAAGCGTAAAAGCAGACAGCGGTGCAATGGGCGGAGAAGGAAG
CGAAGAGTTTATGGTATTAAGTGAAGTAGGTGAGGAAACAATAATTTTCTGTTCTAAATGCGATTACAGAGCTAATGT
TGAAAAAGCTAATGTAAAAGAAGAGGAAGCTGCTAAATCTTATACAGATAAAGCATTAGAAGAAGTTCATACTCCTGA
TATAAAAACTATAAATGATTTAGAAAAATTCTTTAATACATCTTCAAAGAATTTTATTAAAAGTATAATTTATAAAAC
TGAAGAAGATGAAATAATACTAGTTGCTATAAGAGGCGATTTAGAAATTAATGAAACTAAATTATCTAATGCATTAGG
AGGACTAGATATAGAACTTGCTGATGAAGAAACTGTAAAAGAAGTTACAGGTGCTAGAGTAGGTTTTGCTTCTCCTAT
AGGATTAAAAAAGAAAATTAGAATATTTGCTGATAACTCTATAAAATCAGTAGCCGATGCAATAGTAGGCGGAAATAA
AGATGATACCCATATAAAAAATGTTAATATAGAAAGAGATTTTAATATCGATGTGTGGGGGGATTTTAGAACAGCTAA
AGAAGGAGACAGATGTCCGGTGTGCGGAGAAACACTATATCAGAAAAAAGGTTTAGAACTAGGACATATATTTAAACT
TGGAGATAAATATACTGAAGCTTTTAATTTCAAAGTATTAGATGAAAATAATAAAGAGATTACTCCTATAATGGGATG
TTATGGTATTGGAGTTAATAGAGCTTTGGCTTCTGTTATAGAACAAAATTATGATGATAAAGGTATAATATTCCCTAT
AAGTGTTGCCCCTTATGAGGCTATAGTTGTTGCTATTGATAAAGAAACTGAAGATTCATTCAAAAAAGCAGAAGAAAT
ATACAATACTTTAAATTCTATTGGTGTTGAAACTATGTTTGATGATAGAAAAGAAAGACTTGGCGTTAAACTTAATGA
CTGCGATTTGATTGGTATTCCTATAAGAATAATAGTAGGTAAAAAATCACTTCAAAAAGGAGTAGTTGAATTCAAACT
TAGAAAATCACAGGAAAGTGTTGAAGTGAAAGTTGAAGATATAATTGAATACGTAAAAACAAAAAAACAAGAATTATT
CAATGAAATAAATAGCAGATTATAATAAATCAATATAGTAAAATGAATAGGGGAGTAATTTACTCTTTTATTCATTTT
TTATTTTATTAATAAAAATGGAAAATATAGAAATCGTAGATAATATCGATGATAATATAATTGATTCAATTTTTTTTA
TATCCTCAAAAAGCGAATATATACATCTATCTAAAGATTATATAAAACAGTATATAGAAGATAAATATCATAAAGTAA
TTATTATAAAAGATAGTAATCAAATAACTGGTTTTTTAATTTATTTTTTATTAGAGCCAGATATTGATATAATATTTA
TAGCAACATATCCAAATAATAATGGCTATGGTAATAAATTATTATCATATATGTTTAATGATTCTAAAAAAAACAATA
TAAAAAGTATAAAATTAGATTTACATGAAAATAATATAAATGCTAAAAAGTTTTATTTAAAAAACGGATTTAAAGAAA
TAGCTGTTAGAAAAAAATATTATAATAATCAATTTAATGCTGTTATTATGGAAATGAAAATAAATTAAATGATTTGTA
ATTTGTATTAATGGAATTTTTTAAATGCTAATATACAAAGTATAGCGAATATAATATTTGGCATCCAAGCAGCAATGA
ATGCATTAATATCACCTGCTTCTCCCATAGATCTGAAAACCATAAGTATAGAATAATATAACAAAGCAACTATTATAA
CCATAACTAAACTTACAACTAAAACACTTTGAGTTGAAAATTTAGAGAATAATGATGCAAGTAGAACAATAATAAAAC
CAGAAAAACAATATGATATTCTATAATGCAAATCAGTTTCTAATTTTGAAGTATTCATATTAACTTCTTTTTGAAGTT
TTATTATATGTGATTCTTCACTCAAACTCATAGCATCTAAAGGCGGTCTTCCATAAAAATGTTCCGGTCTTTCTAAGA
GATCTAATGGATAATTATTTACTTTTTCTACTTTTATTTCTTTATTTTCGCTAAATGTAGTCAATATCCCATCCATTA
CATACCATTTTCTATCCTCATTATTCCATTGTATATGAGGACTAGATACTCTGAATTGAATTCCGCCGTCATCATCTA
GTTTTACTATAATAGTATTTTGCATATATTGTTCTTTATAAAAATAAGTTTCTATAAAATATAGATGATTATTACCAC
CAAAAAGCTGCCAAGGTCCGCTTTTAGATACTTGTTCACGACCTCGCATAGCATCATTTGCTGCAAAAGATACTTTAT
TTAATGGAGCTGCTACAAATTCCCAGAAAAATACCAGAAACAAACATAGCCCAATTACAATAATAAACATAGGCATAG
AAAATTTAAATAAACTAATACCGGAGTTTTCAATAGCAAGCATTTCCTTGTTTTTTACAAATGTACCTAATACATAAG
TAGAAGAAAACATCAAAGCAACAGGGAATATATAATATGTATTATGCGGAGCTCTGGCTAAATGGTAAGTAATAAAAT
AATTAATTAATTCAGGATGTTCTGTATAAAAAGATAATCTGCTGCTTAAGTCTGCTATTGTAACCAATACAACAAAAA
GCAGCAAAGAACCAAAAAAGAAAGATAGGAATTCTTTTAATAAATAAGCATTTAATTTTTTCATTAACTTACATCTAT
ACCATATTCTTCATTAAGATGATTTAATTCTTCAGTAATAGCAACATGAAGTTCTTTTATTTTTTCAAGTAAAGCAGA
AGGTTTTGATTTACTGCTCTTTCCAGATCCAAATATTTTACTTATTTTTCTTTTAGCTTGTACAAGAGTTTCAGCTTT
AACTTTAGGATCTGGTATAAATTTAGAAGCATCCATTCCAAGCAATGCTGCCATATAAAGCATACCTTCATATCCAAA
ATTATTATCTATATCCGGACCAAATGATTTTAATTTTTCAAAATTCTCTTTTCCATTTTGCATACATTCTATAGAAGC
AGAGTATAGTTCACTAGCTTTATATTGGAAGAAAGGAATAAGTCTATCGTAATTTTCATTAGGATAAACATTTGCTAA
ATCTTCTAAAGTCCAGCTTAATCTCAATGAACATAACGCCTTTTTCAAAGTAGGAGCAGTATCTTTTCCATGATAACG
ATATCCATCTAAAGCTAAAAAATAGCTAGCCGCACCTTCCAAAAGTGTTCTATGTTTTGTAAAGTCTACATCATTTCC
AAAAAATTCTTTCATATATGAAGCTCTTTGTCTTGTTGTATCTGCTGCTTCTTCTACTTTTTTATGATCTATTAAATT
AAAATCCTCTTGAAAAGCCGCGTATAAACAATGAGGACAAACTACTACTACATATATTAAAGGGTAAACTGTACCATA
TTTTTTACTTTTTTCATAAGTTCTTCTTAAATCATTTCTTAATTTTCCAGCAATTAACCTTCCACCGCCTGTAAGAAG
CATTTCATGATAAAATTCATTCCTACATACAGGACAAGTTCTTGGGTTTTTCTCTATAAACGATACTTTTGGTTGCTC
ATCACTCATAAAAAAATCCTATTATATACTTATTTTTATAACATTTATAATATAAAAATGTTAAATCAATTATCGGTT
TATTTTAATTTTTCAATATCACTTATATTGATCTTAGTAATTCTAAGTTCATCAAATATATCATTATAATATAGTATA
TAAAAATATGGATATTGGGCAGATTTTAGTCTTACATTTCCTATACTTGTTCCCAAAACAGATAAATCTATGACTCTA
TTGTCCATAAATAGATATTTATTTCCATTTTCTTTAGTATATAAAACCATTATCTGCGCTGCATAATCCAATGCTGAA
TCCAATGAAATTATATTTTCATCTTCAGTAACTATTGTACCATTAGTAAATACTCCATCATAAAATCTAGTATAATTA
ATAGTTTGAGGATTATCTTTGGTTATATAAACTATATTAAATCTGTTATGTTCCTCATATGCAACTGAATAAATACTA
GAATTAGTTACTATTGCTCTGTCATCAAAGAATTTAAATGCTGTATTAGTTTTTCTAGAGCCATATAATATATTTCCT
GTTTGATATTCATGCATATAAAGTGCATAACCATCTTTTTCTGCAACAGGATAAACACTGTCTACTATTCTATTTGTA
TAAATGAAGTCTGAAAAGAAATTATCTCTATAAAATCTTGATACAGATAATATGCCTCTATTATCTACAAAAAATAGG
GTAGGATAATTGAATGCTGACATAACTAATTTTAAATCAACAATTTTTCTATTTTGCCTTATATCCATAGTATAATTA
TTGAAAGTTCCGGAATTATTATTAACATATAATAATTTGTTTGCTTTATTATATGAAACATGTACATGACTATTGTTC
AATGCTATACTTATCAAATTACCAAGATCTCTATTATTATCTAATATAGTTCTGCTGAAATTTCCTTCTTTTCCTGTA
ACATATACAGCAGTATTGAGAATATTATCATAGTAAGCAAAATGCACATTATTGTATCCATCTATAAATAACTCACTA
ATATATGGTTCCTCCCTTAAAGAAGCTATAGACCAAGTATAAAGCGATTCAAATCCGCTCATTCTAACATAATGCTCT
GTAAGGGGAGGAGCATCTTTTTTTATTTCTTTTTGATATTGTGCATTTAAACTTGCAAATAACAGTATTATTATAACA
AATATTAATACACTATTTCTTTTTAGATTTCTTAGCATCTTCTATTTTGCTTACAGCTTCAAGTCCTTCTTCTTTAGG
TCTTATAAATCTGCATTTTATTACATTACCTTTATCATCAAGTAAAGCTTTTATATGTGAATAATAAAATATACAATG
TTCTATATAAGCATTATCATCAACAATAGAGCCGTATAAATAGCTTACTCCTTTAATAAGAACATTAGTACCAATATT
AACAGGGTGATTATCGCTTCCTGTAACATTAACACCTCTTTCTAAAGTAGTATTTTTTCCTATATATACATTACCCTT
AATCTGATTTCCAGAGTATATCTTAACATTATCATCTAATATAAGTTTCTGATTCTCTAAACAAGAAAGTAATACATT
ATCTCCTATATAGGCATGTTCTCCAAGATATACATTACCTTCTATTTTTGCCCCATGTGATATTGTAACTCCATAATT
AACTTTAACCCCTTTACCTATATAAGCACCTTTTCCTATATATATATCGAGAGGTTTTTCATCTTTATCTATTTCCAA
TATCTGATCTACAACACTATCATCTATAAAGAAGTCTTCTCCATCATATATAGTGATTATATTTTTTAGTTTATTATA
AACATTAGATCTGGCTATTGATTCCATCTCTTTAAGAACTGTTTTATCATTAAATCCTAAAACTACTCTGCTGTCTTT
AGGCATATAAGTAGATATTGATAAATTATTATTAATAAAAATTTCTATTAAATCTGTAAGATATAATTCATTTTGTGC
ATTATTAGATTCTAATTTTTGTATGAGTTCCTCTAAAGGCTTCATTTTAAAACCATATATACCAGCAACATACTCATT
AAAATTATCTAATAACTCATCTTTTTCATAAGAGAATTTTTCATCTTTATAAACTTTGAAAAGCTTATCTTCATCTTT
CATTGCAAGTATATCTTTATATTCAATAACACCTATAACATTACCTTGAGAGCCTTGTCTGTACTTACTTTTTTTACC
ATCGTAAGTAAGACCTCTGCTTCTTAGTATTCTTCCATAATAGTTGCTTCCTTTAGGACCATCATACATAGCAGTCAT
AACTATCATATCAGTTTTAGATTTCAAAAATTCTTCATGAAATTCTTTCATAGTTTCAGAGTCAATAAGTCCCATATC
AGCATATATTACATAACAATATTTTATATTCTTTAAATCACTCTTATCAAGACCAACTTTTACAGCATGACCTGTACC
TCTTTGTTCTTCCTGATAAGCAAAATTAGTGTTAGCCTGCTTTCCAACTGCATTAGCAACATCAAGAGCCTTTATTCC
AACAACTATAGTAATATTGCTTTTAGGCATACCATTTTTTACAGCAAGTCTAACTCTTTCAATACTAGGAACTCCCCA
TATGGTATGAAGCATTTTAGAAGTAGAACTTCTTATTCTTTTACCATGACCAGCAGCTAATATTATCACTAATGTATC
ATTTTTTGAAAACTTAGATGACAACGAAGCAAGAGCATTCTCAATTTCAACTACATTTTTTTCCATAGGTAACTCCTA
ATTATAATGTTTATTTTTTATTTTGTTTATTTGTATATATTTGTTCAAATACAGGTTTTTTTATGTTGATGTTTTTAG
AATAGAAATCGGAATTTACAGTTTTATCATTAACTTGTAAATCATTATTTTTAGAATCTATTTTTTCTTTTGCTTTTA
GAATATCTTCTAAACTATTTTTTTTGTAATTGTTAGGAAGAAATACATTTTTACTGTCTAATTCTAATTTATCATTAT
TATTATCTTTATTGAAAGTTTCATCTTCTTTCAGCCATTTTCTAAGAACCTTAGCAACAGATTCTGCCAATTTATCTA
GCTTTTGCTTAGCTCTTACATTTCCGCCAAGATTAGAATCTTCTTTCATAATGAATTTATAAAGCTGCATAGCTTTTA
TTATATTTTTCTTTTCAAAGTTATAATAATCAGCAACTTTTTCTATGCCTCCATAATAGGAAGCTGTAAGATAGCATC
GGTAAGCGCCTTCTATATCTTTTTGATTAAAAAGTTCATTACCTTTTCTAACTAAAGCACTTCTTGTAGAATCTTTTA
TTTCCATAGTCTACATTATATACTGATAATAGAAAACTGCAAGCATTAATTTTATGTTAATTTGTGTTTGTATCTTTT
AATTTTAATAATTCTGATTTCATTTCTTTTATTATACTATAAGCAAGAGGTATTGCTAATAAAAAAGTAAGAAAATCA
GAAAAAGGCTGAGCAATTTCTATACCTGTTATTCCAAATATTCTAGGAAATATATATATTATTGGTATAAAGAATATT
CCTTGTTTTGCCAAAGCTAAAAGAGAAGCCCTTATAGTTTTTCTAGTAGTTTGAAGCATCATACTTGATAATGTTATA
ACTCCCCATAAAGGTAAGCTTAATGCCTGATAATGTAAAGCATCTTTTGCTACATTAAATAAAGAAATATCTTTATCA
TTAAATAAATGAACTATTTGAGATGAATTTACAAATATTATAACAGCAAAAATGAAAAGCACTAATGTAGATATTTTG
ATGCAGAAAAAAAATGCATTTATAACTCTATCATATTTTTTTGCTCCATAATTAAATCCGCATACGGGCTGAAAACCC
TGACCAAAACCTATGATTGCAGAATTAGCAAATATAGAAACTCTGTTTACTATAGACATACCAGCTATAGCAGCATCA
CCAAATTGACCAGCAGCTATATTCAAGAATGCTGTTGCAAAACTAGATATACTCTGTCTGCAAAGACTAGGAAGTCCT
CCTACTATGATAGCTTTGTATTTTTGTAAACTAGGTGAAAAATCTCTTAATTTTATAGGCAAAGATCCCCAAACATTA
GTACCAACCAAAAGTACACAAAAACCGCAAAATTGACTTATTATAGTTGCTATGGCAGCACCTTTTACACCCATAGAA
AAATGGAATATTAATATAGGATCAAGTATTATATTCAAAATAGCTCCTGTTATTAAACCTATCATAGCAAATAAGGCA
TTACCCTGAAGTCTTAATTGATTATTCAAAACTAATGAAGCAGTCATATATGGAGCACCTATTAAAATATATTTCATA
TAACTTATTGAATATGGAAGTATAGTTTCTGTTGATCCTAATATATAGGCTAATGGCTTAATAAAAATTATTCCAAAT
ATTAATATAATAAAACCTGCTATCATAGCTGATAAAAAACCAGTAGCAGCCATTTTTGAAGCTTCTTCTGTTTCCTTT
GCCCCTAATTTTATAGATATATAATTACCTGATCCATGTCCGAAAAAAAATCCTACAGCCTGTATTATTGCCATCATA
GAAAATACTATTCCAACAGCAGCGGTTGATTGAGTATTTATCTTGCTTACAAAAAATGTATCTGCCATATTATAAAAA
GATGTTGTAAGCATACTAATAATTGTAGGTATGCCCAACTTTATAACTAAAAATTCAACTCTTGATTCTGTTAATTCT
TTAAACTTTCTATTTTGTCTTTCAGTTTCTTTTAAAGTTGCATCATCACTTACGTTCATATTATATCCTAAAAAATCT
AATTATGCATAGTATATAACTTTTTTATATAACTTCAATATGATTTTTTTATTTGACTTTTTTTATTTTTTTAGTACG
ATATTAACATAATATAGAGGATTGCAGTATGAGTGATAATAGTGTAGAAAATTTCATAGATAAACTAGAAAATAAAGA
TGAATATACATTTACATTAGAAATATCTCCGCAGGCTAAATTTGATTTGGGTTATATAAAAGATAAAATTGATGATGC
TAAAATTTCAGATTATATAGATGCTTTTGTTGTAACTGATTCCCCATTTGCTAACTTAAAAATATCATCTATACTGGC
CGCATTGCAATTGCAGCAAAGACTTAATAATAATAAACCTTTCATAGCAACTCAAACTATGAGAGATAAAAATTCTAT
AGCTTTGCAAAATGATTTAATAGGGGCAAATTATTTTGATATAAGAATGGTTCTTGCTGTTACAGGAGATCCTATTAA
TGGAGGAAATCAAAAACAGGCTAAATCAGTATTTGAGGGAAATTCTGAATTACTTATAGCTATAATAAAAGATTTAAA
TAAAGGAAAAAGTTTAGGAGAGTTTGCTTTTAAAGAACCATTAAAACCTATATATCCTTTTTGCGTAATAAACAGCTA
TGCAAAAAATAATGACAGTTTGAAAGTTAGACTTGCTAAAAAAGCAAATTCAGGAGTAAAGGCTATCTTCACTCAGCC
TATATATGAAGCTGAGAGATTAGAACTTCTATTGGAATGGATAGATGAGCTTCCTCTAAAAAATAAACCTATATTGGT
ACCTGGTTTCTTCCCTGTATTAACCTATAAAACAGCATACTTTATATACTATAAACTTCCAGGTGCTTATATACCGGA
AGATTGGCTTAATAAATTAAAAAAAGCAAGTAATAAATCTCCTGAAGAAGAAAAAAGAGTTGCTGTAAAATTATCATC
CGATTTGTTTCATAACATGCTTAAGAAACATAAAAAAATGCATATAATGAGTATGAATAATTATGATTTTGTTGTTAA
TTTATTAAAAAATATCAAATAGATTAATTGGCAAAATAATAAGAATCCTCACAAAATGATACTATTGCACAAGTACTA
AGCTCCGGATCCATCATGTAGCTTTCTGTAAGAGTAACATTGAATTCTTCAGGTTTTAATTGATTGAATATTATCCTA
TTGCCGTACATATTTGTAAGTGCTTTATATCCGAAAGAATATCTGCATCCTACATGTTTTCTTTTGCTGTTGTTTTTT
AAATTAAGCAAATTATCCATGTGGGCTTGAAGTATATCAACATAATTTTCTATAATATTTGTTCCTATTGCATTATAA
AAATAATATTCTTTATATTCATCATTATCATATAAGCCTTTCAAAAATTGATGAAATTTAGCTCCAAGACTTACAAGA
GTAAAACCTATAGTATCTTCTTCTTTATCAAAAAAATCTACTATTGAATTGTAAGGCTCATTTTCCATACGCTCTAAA
GGAATTTCTATCTTTTCATTTTTTAATTCATTAGTATAAAAATCAACATCATATATATATAATTTATCATTTTCTGTA
ATAGTTTTATAAAATCCGTAAATCATAACAGGTTCTATTAAATTATTATCTATGATATTGTTTTTCATCTCTTCGTAT
TTAGGTTCTACTTTTGTTTTAATCATCTCATTATACTTTTCCATATCCTGGTTCTTAGCAGAATAACCAAAACCAGCT
CTGAAAAGTCTAACTTTATTAATCATATCAAAAGCTTCTTTTTCTATTTCTTTATTAAATTCAAAAACTTTTCTTCCA
TAAAATGGAGGTTTATTTATATAATGTTCATGAGTTTTATGATTTATTTCAGGCATTGCTTTTAGTGTCCTTTAATTA
TTATTTTCTTTATCTCTGTCAGCTATTATCTCTTTTATTGCTAAAATATCATCGAATCCGTCTTTACAATAAAATATT
TTAGCAGTATCTCCGTAAACTTTTTTGCAGTCATTTTCAACAAAATCTTTTGTTAGTGCAGCTCCTCCAAGTATAATT
GGTATTTTTAATCCTTTCTCTCTTATATAGGCTAGATTATCCTTCATCACTTCTGTAGATTTTACTAAAAGTCCTGAC
ATCCCTATACAGTCTGCATTATGTTCCTGATAGGCTTCCAAAAATTTTTCTATAGGCACTTTAGTACCAATATTAACA
GTTTCAAATCCATTATTTTTTATAATGATTTCAACTAGATTTTTACCAACATCATGCACATCTCCTGCAACAGTACCA
AGTATTATTTTGGCAGTTTTTTCCTGTTTCTTTTTCTCTAAAAATTCAGATAAAAAGTCAACACTCTTTTTCATTACT
TCAGCAGATCCAAGTACAAAAGGAAGCTGTATAGTTCCTTCACCAAATTTTACTCCAATATCAGCCATAGTAGGAAGA
AGTATTTCATCAATTATAGCTTGTGCAAATTTCTTTTCACCGCCAAACTCTTCGCTATTTTTCTTTACCTCATTGAGT
AAGTTTTGCATATCTTTCCATTCTCCGTCAAGCATAGCATCTTTTATAGCTTCCCTTATAGGCTTTTTTACATTTTCT
TCTTTATTAAGTTCTTTCTTTTCTTTTTTATCAGAGAAATGATTTATATAATTTATTAAAGGTTCTTTAGTATTGTTT
TTATTATATATTAATTCTCTTGCTAATTCTATTTCTTTTTCATCTATCTTTGAAAGCGGAAGTATTTGAGCTACATTA
ACAATTGCAGTAGTAAGTCCATGATTAATGGCTTCATACAAAAATACTGAATTCATTATCTTTCTTGCTTCTTCTTTA
AGTCCGAAAGATATATTTGATACACCCAAACTTATAGAACTTTCAGGATATTTATTTGATAATTCTTTTATAGCATTT
AAAGTTTCA"
              },
              literal {
                length 133,
                seq-data gap {
                  type scaffold,
                  linkage linked,
                  linkage-evidence {
                    {
                      type paired-ends
                    }
                  }
                }
              },
              literal {
                length 612,
                seq-data iupacna "GTCAAATATTATATCATGAGGAAGTATTTTATGTATATTTACAG
CCCTGTCATACATTCTTTCAGCCATTCTCAATTTATCTTTGCAAGTTAAGGCCATTGATTTTTCATCTATAGTAAGAA
GCATAATAGAGGCACCATATCTTTTAGCCAATGAACATATAGCATCAAATTTTTCTTCACCTTGCTCCATGTTGGCAG
AATTTATTATTGGTTTTCCACCATATACTTTTAAAGCAGCCTCTATAACATTAGGTTTTATTGCATCAATAACTAAAG
GCAAAGAAATTTGTTTAACATAAGCAGAAATAATTTTTGTAATATCTTCTACTTCATCACGTCCAGCCCAAGCAGCAT
TTACATCTATTGCATGGCTTCCTGCTTTTACCTGTTTTATACCAACATCAAGCATACCATCCATATCTCCTGCAATCA
TAAGCTCTCTAAATATTTTACTTCCTGTAGCATTACTTCTTTCACCAATCATTAAAGGTGCAGGATTTTGTTTTATGC
TTACTACATTAAATAAACTAGCTATGTAAGGTCTTTGTTTTTCTAATGCCGGCTTTTTAGGCTTTATTCCTTTTACTT
TATTTGCTAATGCATTTATATG"
              }
            }
          }
        },
        seq {
          id {
            local str "NODE_140"
          },
          descr {
            source {
              org {
                taxname "Brachyspira hyodysenteriae",
                db {
                  {
                    db "taxon",
                    tag id 159
                  }
                },
                orgname {
                  name binomial {
                    genus "Brachyspira",
                    species "hyodysenteriae"
                  },
                  gcode 11,
                  div "BCT"
                }
              }
            },
            molinfo {
              biomol genomic
            },
            create-date std {
              year 2015,
              month 1,
              day 13
            },
            user {
              type str "OriginalID",
              data {
                {
                  label str "LocalId",
                  data str "NODE_140"
                }
              }
            }
          },
          inst {
            repr delta,
            mol dna,
            length 34432,
            ext delta {
              literal {
                length 9796,
                seq-data iupacna "TTTGCGATTTGCGATTTGCGATTTTTAAAGTATCCATAATTACA
ATATTATATATAAAAAATAAACTATTGTCAATATTTATAATATACTATCAGCAATATATTTAACTATCTTTTCTCTTA
CATCTCTGCCGTAATAATCGAATTGCTTTTCTCTCATTTTTACTAGATTCTCTCTATTATTAGCAACAAGTAAATCTA
TTTTATTAAATATATCATCTGTAGAACTAGTATCATATCCTAAACCATTATTATCAATATATATAGGATTTTCTTCTT
CCTGACCAGGTAAAGCTCCCATAGATACAATAGGAATTAAACAGTTAATAGCTTCTATAATAGCTGTAGGACCTGATC
TTGTTATTAATATATCATTCTCATGAAATAATCTAGGTAATTCTTGAGTATATCCCATTATAATAGGTTTATTTTCTC
TAGAAGAATAAACTTTGTTTAATTTATTAAATGTTTTTTCATTTCTTCCGCATACAACAGTTACTTCGCATTTATATC
TTTCATACAAACCATCTATTATATACATAAGTCTTTTAGTTCTTTCAGAATTATTAAGCAGAAGTATTTTCAATGTAT
TATTAATATTTGTATTTTTTATTACTTCTTCTTTAGTTTTATATAAAGCATTAAATCCTTCTCTAACAGGCAAGCCAA
ATGTAATAATTCTTTCTTTATCTACTCCATTTTTCATCATATATTCAGAAGCTTCATAAGAAGGGCTTATAATTTTGT
CAGCTCTGTTATCAAACCATAATTTGCTTATTGTAATTAAATCTGTTATTATAATAAAAAATTTTGTATTTATCTTTT
TCTTTTTTAAAATACTTAGAAGGCTTCCGCTAAACATTGGGTGAACATTAACTATTATATCAGGTTTATATTCTTTTA
AAAGCTTTAAAAATTTTCTTTTAACATGAATGGCATTATTTTTATTTATAATATCTCTATTTTTAAAAGAGAACCTAA
AAATTTTATACCATAATTTAGGAGCATATTTTATACAGCTATTATAAAGTCTTTCAGCAGCCATAAGATCAGGACCGC
CAAGTGTAAAGCCATTTACAACCTTACATTCTATTTCTTCTGAGTATAATGATTTGAAACCTTGTAAAAGTGAAGTGT
GAACGCTTTTATGACCATGACCTGTATATTCTGATGATATAATAAGAATCTTTTTCATAATATACCTTCTAAAAATTA
ATATTACTTAGAATAATTAGTATGAATTATACTTTAATTAGTTCATTTGTCAATAAATATTTGAAATATTATTATATA
TAATAATATTAAAATCAATAAAAAATCCTAATACCATAAAGATATTAGGATTTTTTATTTCAAATAATTATTTATTTA
ATTAATTGTTTATATTGTCAAAAGGATTATAAGTCAAAGAAGTAGGCTCTGCTTTAGAAATATAATTTTGTGTTTCTT
TCTTGTTTTGAGCTTCCATGTATTCTCTTCTTGACAATGAAATTCTTCTCTTGCTTTGATTAACTTCTCTTACAACAA
AAGGATAAGTTTCTCCTACTTTAACTACTTCTTCTAAAGTACTTCCTTTAGGAATTTCAACTTGAGAAACATGCATAT
AACCTTCCAAATCATCTTCCAAAGAAACAATAGCACCAGAATCAACTATAGCTTTTACAGTACCATCAACTATAGAAC
CTTGAGGATGTGCTTTTTCAAATAATCTCCAAGGGCTGTCTTTAGTATGTTTATAGCTTAATTTAATTCTTTGTTTAT
CTCTGTCTATAGACATGATAACCATATTAACTTCTTCGCCTTCTTTTACATAATCTTTCATATTAACGATATTGTTTC
TCCAATCAAAATCGCTTATATCACATATACCTTCCAAACCATTAGGAAGTTCAAATACAGCAAAGTTTTTAATGATTC
TTTTTACTTTACATTTTACAGCAGATTTAACAGGGAAATCTTTTTCAACTGTATCCCAAGGATTTTCTTTAACTTGTT
TTAATCCTAAAGTAAGTTTTCTCTCAGCAGCATTCATATCAAGTATTTTGCACTCTAAGAAAGCACCTTTTTTAACAA
AATCACTAGGATTATTAACATGAGAATTCCAGCTTAAATCTGAAACATGAACAAGTCCTTCTATACCATCAGCAACTT
TTACAAAAGCACCGAATTTTTTAACATTAGTAACTTCTCCATTGATAATATCGCCTATATGATATTGCTCTACAAATT
TACCCCAAGGATCTTCATCCAATTGCTTAAGACCTAAATCAACTTTACGATTTTCTTTATCAATGTGAAGAACTTTGA
ACATTCTTTCTTCACCTTTTGATATTACAGACTTAGGATTTACAACTTTATCCCAAGACATATTAGGTATGGCAAGGA
ATCCATCAAAACCTGGTGTAATTTCAATAAAAGCACCGAATTTTTCAATATTTTTTACTTTACCATTGATTATATCAT
TTTCTTTAAGATTATTTAAGAATGTTTCTATTCCGGCATTTTGAGTTTCTTCTAATAATACTCTTCTAGAAACAACAA
CATCTCTTCCGTTTTTCTTGATTACTCTAAACTCATACTCTTTACCTATATAATCAGCTTCTTTAATTCCTCTTGCTA
AATCTATTTGAGAAAAAGGACAGAATGCCTGATGTCCCATTATAGATACTTTAAATCCGCCTTTGATAACTTCTTTAA
CAACACCTGTAATTGCAGTATTATTTTTTACAGCATTATCTATTAATTCCTGAGATTTTCTCTTATCTATTTCACTCT
TAGACAATATAACATAACCTTTATCATCTTCGCCTGAAACAATAGCTTCTATTTCCTCTCCAATAGTAGGTTCTTTAT
CAAATTCACTTCTTTTAATTTTACCTTCAGATTTAGAATCAAAATCTATAAAAACATCAGTATCATCAAACTGAACTA
CTTTGCCTTTAATGATTTTTCCTCGGCTTAAAAATGTATTATCACTTTCCTCTAAAGCCTTGCGAAATTCAATTTCAT
CATTTGATAAATTTTTATTATCTTCCATTGTTCCTTCTCCCTCCTGTACTTTGACAGGTTAAAAAATAATCTAATATT
TAATTAGACTTTATATTAAAAATCACATTAGCGATTTTTTCAACCACTTCATCAATAGTCATACTTGTAGTGTCTATT
ATATTTGCATTTTCAGGCACCACCAATGGACTATCCTCTCTATTCGAGTCAAACTCATCTCTTTTTCTTATACTTTCC
CTAACCTCTTCATAAGTAATATTTTTACCTTTAGATAATTCCTCATTATATCTTCTTTTAGCTCTTTCATCTAAAGAT
GCATCCATATAAAACTTATATTTGGAATTAGGAAATACTACACTGCCTATGTCTCTACCATCTACAACATAATTACCG
CCTTCTGCTATTTTTCTTTGTAGAGATACCATATTCTGTCTTACAATGCTTATAGAAGAAACCTTAGAAACCAGATTA
ACAACTTCCATACTTCTTATAGCTTCTGTTACATCTTCATTATCTAAATATATTCTTCCATCATTATCAAAATTAATA
TTTAAATTATTAAGAGCTGATATGACTTCACTATTATTATTTATATCAATATTATGTTTTATCATATATAGGGTTACA
GCTCTGTACATAGCACCTGTATCTAAGTATTTAAAAGATAATTTCTTCGCTAATAATTTAGCTATTGTACTTTTACCT
GCCCCTGAAGGACCATCTAGAGTTATTATTTCGTATGTACTTGACACCTATAACCTTTTTAATTAATATAATTTTCTG
TACAGTATATCATAAATAATTATAATTTGCAAATATTTATCTTAATAAAAAACAAACTTTATTAGATTTTTTAAATAT
TTTCTAATAAATAATTCATACTATAAAGCTAAAAATGGAAATAAATACCAAGCAATATATTTGTATCAGTATAAAATC
TAGAATAAGATGCAGATAAATCTCTTATCATAGTATTGTAATTAATATTCATTGAACTTGAATATGTAAAAAAGGCTG
ATACCTTTCTATTGCCCAAAAAGTACCATTCTATAGTTTTTAAAGTTCTGAAAAAATTTAAATAACTTACAGAAGTTT
CTACATTTTTATCATATCCCATAAACTCATATAAATTTAAAAATATTGATAATATAGGAATTTTACTTTGAACCATAA
AAAAAGTACTTAATTTAGGAAAATCAATAGTGCTGAGATTAATAGAATAATCTTCAAAAACTAGATCATTTATATCTG
TTATACCATCATTAACAGAAGTTATGCTATAAAAACTATCAGAAATCTTGACACTAGTAATACAATATAAATTAAATG
AAAATATAAACAAAATACATAATATGTATTTATAAATATACATTTTTTACAAACCCTAATAATTCAACAAAATTAAAT
ATACATTAAGGATATATAATATAATTATTTTTACAATATGTAAATATCAATTTATTCAAAAGATTTATATTTCTTTAC
AGAAAAATTAGCTACTCTCTTGAATTTAGTCATTATTCTAATAATTCCATAAAAAAATCCAAGACCATAAAAAAAATG
TGTTATAAAAAACATAAAAGGATATACAAATATACCTCGAATTTTTGATATAATACCTTTATCAGAAAAAGAATATAA
AATTCCTGCTAACGATGTCATTATTATGTAAACTAATAATGGAAGAAAATAAAATTTTAATACACTTAATTGAGAAAA
ATGATAAGCACATAATACTATAGGAGTTAAAATTATATAATTAGCAAATAATGACGGCAATATAAATATTAAATTTTT
AATATTAAAATCTCTAAATAATTGTTCAAATCTACCCCTGCCATAATTAAGCAGCATTTTTATATAAGATTTTAAATT
TGATCTAGGAGGCCTTTGAACTATTATTTTAGGGTTATATATTAATTTATAACCAAGGGATAATATTTTATCTATTAA
AGCATTTTCTTCATTTGGATATAAATTTTCATTGAAAAGTCCTGCCTCAAATAATACATTTCTCCTTACAAATAAATT
GCAAAGTATAACATCTCGGTCGCTTCCTTCTTTTACATCATTATTATCAAATCTATATCTATTAGCTATAGGACCTAC
TGCATAATAGGCTCTCATACATCTATCTATATACATTTCAACCAAAGAATTAACTTGATGTACAGCAGGACCTCCTAC
TATCGCTATTTTTTCATCAGACTCAAATATGATACCAGCTTCCTTAATATTATCCGGACTTACAATAGAATCATTATC
TATAAAATATATAATATCCCCTAAAGACTGCTTAATACATTCATTTCTCTGAACAGTAGGATGAGTTCCTTCTGCCTG
AAAAATTTCAATATTCTCCTTAGGGTAATTAGATAGATATACCCCTTCTAAAGTCTTTTCTATGTTTTCACCAACTCG
GTGCGGTATTATAATAGTAAATTTCAACAAATTCTACATTCCCATATATCTGATATATGCTGTTCTTAATTGAGCAGC
CATTTCCTCAGGACTTGTAGGATTGCAAGGTGCCCAAGCTCCTGTTTCTGAAGAAGCATTGAATTTTTGTTTTTCTTT
ACTTCTCATAGGAGGGAAAAATTCTATATGATAATTCCATATATCACTGTAATTAAAACCATCATTTACAGGAGCACT
ATACATACACATCATATAAGGAAATTTCATATCGAATAATAAATCCAATGTAGAAGTAGCTTTTTTCAAGGCATCTGC
TAGAGATAAACTTTCTTCTTTATTAAAATCAGTAATAGAATTTTTCTGTTTTTTAGACATTATCATTATACCATAAGG
ATATTCTGATGCAAAAGGCAAGAAACATATAAAATGATCATTTTCAAATATAACTCTCTTATTATATTCAATTTCCTG
TTCAATCATATCTAAAAATAGATTTCTGCCATTAACACTATAATAACTAGAAGCCATCTCAATTTTTCTTTTAACTCT
CAAAGGAATCCAACTGTAACCGTATATCTGTCCATGAGGATGAGGCATTGTTACACCAACTACCTCGCCTTTATTTTC
AAATGGCATAATATATTTTATCTTTTTATTTTCTGATATAACTTTCATTCTTTCCTGCCATAAAGCCACTAATTTAGC
AATATGATCTACAGGAAGCTCAGGTAAAGTAGTATTATGATCTGGAGAGTATAAAATAACCTCGCATTTACCTATAGA
TGGAGCTGTTCTAAACAATTTTCCATTATCAACTTCATCAGGATAAGGAGGTTCAAAAGATAAAGCAGGAAAGTCATT
ATCATAACAAAGAACCTCATAACTATCTGGTACTTTTCCGCTGCCAGGACAAAATGGGCAATAGTCTTTAGGCATCTG
AGGACGTGCCTGCCTATGACTAGCTATCATAACATAATCTCCAAGCAATGGATTATAACGCAATTCTGCCATATTAAT
TCTCCTTAAATTTCATTTAATAAAAATATAGTTTTAATTTATAGGTATATTATATACCTTTTTTAATAATAAACAATA
TATAAAACAAGTATAATTCAAAAATATAAAATTATTATTTAATTGCTGATTTACTATCTGCTAAATAAATTTATTTTC
ATATATCTACTCTACGAATATATTCATAAAATTACTTTTAAATATCATAAGTTATAATTTTATATTCAGTTTTAACAA
TAAAAATATAAAAATCGTTTATTTTTTATTATTATAATATATAATCTAATAATCAAAAAAATAGGAATATTATAATTA
TGAAAAAGAAAATTGCTCTGCTTTTATGCTCAACAGGAAATGAGGCATTCGCTGTTGGAAATGTAATAATAGGAGCTA
AAAAATACCTATTTCAAAATTTAAAAGATGAAGAATATGATATTATATTCTATACAAATAAATTAGAACAAAATGATG
AAAAAGCTTTAAAAACAATTTTCCCTAGAATAATCATAAAAACATATGAATCCCCATTCTCCAAAAAGATGATGGAAT
TAAATGAATTAAATAATTTTAGCGTATTTACATATGTCAGATTTGAAGCTTTTAAATTGCTTGATGATTATCAAAAAA
TATTCTACGTTGATACTGATATTGTAATACAAAAAGATATTTCAGAAATACTTAATATTAATACAGAAATGGCTATAT
GTTATTTTGCAAATGGAATGGCAGTATCAGGAAATTTTAATGAAGAAAATATTAATTTAGTAAAAAAATATGATTTAA
ATAAAGTATCAATAGCTGCTGCTGTTTTTTTGATAAATGATAACTTGAAAGATTATAATAAAATGTATAAATGGTGCT
ATGAAAAATCAGAAGAATATCAAACTAATGATCAATCAATACTTTGCCTTTTAATACAGGAATTCAATATAGAAGTTT
ATGATTTAACAGAAAGTTATGGAGCATATCCTAATTCAAATATAGCTAATGAAGCACATATAGTACATGCTATAGGAC
CTGCTAAATTTTGGAGAGGTACTTACAATAAATTCTGGGAAGAAAATAATAAAATATGGATAGAAGCCGGTGGAAATC
AAACTTATGAAGAAAGCAATGCTAAAAGAAAAAAAATAGATAAAATTGTTTGGTGGATACCAACTTTCAAATTACGTG
ATAAAGTGAGAAGATATTTATTAAAAAAATTAGGATTAAGCGGAAGATAAAATATGTTTAATACTCCTATATTATTAA
TTATTTTTAAAAGAAAATATACTGCATTAAAAGTTTTAGATACAATAAGAAATGTAAAACCCAAAAAATTATATATAG
CAGCTGATGGCTGGAGAAATGAAGAAGAAAAAACAAAATGTATTGATACAAGAGAAGCTGTAGATTGGGAATGCGAAG
TAAAAACTTTATTTCAAGATAAAAATTTAGGATGCTGTTATGGTCCTGTAAATGCTGTAAATTGGTTATTTGAAAATG
AAGAACAAGGAATAATACTTGAAGATGATGTTATAGCTGAAACTTCTTTTTTTTATTATTGCGAGAAATTACTTAACT
ATTATAAAGATAATGAAAAAATTATGCATATTTCTGGTGATTCTCCTTTAGATAGGAAAGTTGGAGATGCTAGTTATT
ATTTTGCTACTGTTCAACATTGCTGGGGGTGGGCTACTTGGAAAAGAGCTTGGAAATATTTTGATGTAACTATGGAAA
GTATAAATTTTGAAGATGTAAAAAAAACAATTAGAAAAAGATACAAAGATTTTAATATAAAAGATTACTGGCAAAGAT
GGTTTCCTAGAATAAAAAAAGAGCATTCTTCTGTATGGGATTATCAATGGACTTACTGTATTATCTCAAAAAATGGAA
TATGCATTAATCCAAGTATAAATTTAACTTCTAATATAGGATTTGGAGAAGATTTTACCCACACTACAAATGAAAATG
ATGAAAATATAAATAGTAAAACATACCCTATGGATACTGAAAATATTATTCATCCTAAAGAAATAAAATGTGATGAAA
GAGCTGATTTTGAAATAGCTATTAAAAGATTTAATATAAAACCTTTCTCTTTAACATCTAATATAACTAGAGAAATAA
AAAGAATCATAATGCAGATAAAAGGACTTTTTATAAAAAAATAATTTTAGTATATAATGTTATATTTTCTTAATTGGA
AAAGAATACCTTTGAAAAATATTTTTCTTATACTAGAATTTAAGTTAAAGTAGAATTTAAATTTTTTAAATGAATAAT
TATTGATAAAACATTTATAATATAAATTCAAATATACATTATTAGGTCTAAACTTACAAAATTTATCTTTGTATATAT
TAAAAAAATCACATATACCATAATAAACTATTGATTTATCGTCATCTAAAATTAACATCTTATTAAAACACTCTATTA
TAAAAAATAATACCCTATCTAATACAGTATTCATAATATTAATATTATTTATATAATTTTCTACAACACATTTTATTA
CTTCATGTAAACCTTTAATTATTTCTTCATTACTCTTTTTTCTATTAGTTTATGAAGTTATTCTCTGTAAATAATAAT
ATACAGCATTATTATTATAAGATAATGTAGGATTATATGATAAAGCCAACAAAAAAAATATATAATCTTCTAAAAAAT
TAATTTTAGCAAAATATATATTGTTTTTTAATATAAAATCTCTACTCCACAATTTACTCCATTGAATCCAAGGAAAAA
AAGATATAGGAGAATTTTTTAAATAATATTGAGAAAAATTTATACTTATAAATTTTTCTAAACCATATTCATACTTTC
CATTTTCATTATTTAATTCAAATATTTTATAAATATCTATATTTTCTGTTTCATTATAAAAAACAATATTTTGAGTTG
ATGATATGTCTGATTTATATTTTACAGCAGTAGAATATAGAAGCTCTAAAAAATTAACAGAATAGCAATCATCATTAT
CAATAAATGCCAAATATTCACCTGTAGCATTTTTTATACCAATATTTCTATTTTCCCCTATTCCTTGATTTATTTCAT
TTTTTATAATAACTATCCTATTATCTATTTTTTTATACATTTCTAATATTGAATGGCTGTTATCTGTAGAACAATCAT
CTATACAAATTATTTCTATTTCTTTTAAAGTTTGATTTATTACACTGTCAAGACATTTTTCAATGTATTTTTCAGCAT
TGTATACTGGTATTATCACACTCACTTTTATCATAATTTTACACCGTTAATATTTTAAAACAAAATATGATAAACCTA
TTAAGATTAATAGGTATATGTGAATAATATTTTTTAAAACTATTGCTTGCTTGCTTGCTTGCTTGCTTGCTTGCTTGC
TT"
              },
              literal {
                length 111,
                seq-data gap {
                  type scaffold,
                  linkage linked,
                  linkage-evidence {
                    {
                      type paired-ends
                    }
                  }
                }
              },
              literal {
                length 11026,
                seq-data iupacna "CTATTAAATAGATGATTGGCATAATTAAGCATATATAATATTAT
ACATTATAATTACAAAAAAACAAGCATATAATATTTTACAATATAATTTATAAATTTATTTAATTTAACTTAAAGATA
ACAATACATAAAATACTTGATGTTATTTAAACTATATTATATAATTTTGAAAATTAAAATGAATTAGCATCATAAAAA
TTATATATAAATCTACTTAAATTATATTTAACAGGATTATATAGTTTGCTTTTTTGGAGAACAAAATGTCAGATATTC
CTAAAATAAAAAAGTTCGCTGTAGTTTTATGCTCAACATCCAACCAGATGTTTGCTGTCGGAAATGTACTAATAGGAT
TGAAAAAATATTTTTCATTACCTGAAAAAGATTATGATGTAATACTATATATAGGCGGTACTATAAATCCAAAAGATG
AAAATGCTTTAAAACAAATATATAGAAATATCATAATAAACCATTATAAATCACCATTAGAAAAAAGTATGAAAAATG
CTAACTGTACATTGATGTGGAGTTTAATGACCTTTGCTAGATATGAAATCTTTGACTTATTGAATAAATACAATAAAA
TACTTTATTTAGACACGGATGTACTAATACAAAAAGATATAATAAAATTATTAGATATAAATAAAGATATTTCAGTAT
ATCATGATAAAAATGCTATTATAAAAGCAAATATAGAAGATACTCTTTTAACAGAGAACTTTAATTCTCAAAAATATG
ATCTCAATACAAAACTTTTTAATGCTGGAGTATTTTTAATAAATGATTCAATAAAAAACGGAAAAGAAATAAAAGAAT
GGTGCTATAAAATGTCAGCTGAATGGAGAATGACAGATCAACCTATATTAAATTTAATGGTACAAGAATTTAAATTAG
AAGTTTATGATTTTTCTGATAAATATAATAGATTTTATTTGTTAAATAATTCAATTAATGATGATGCTTATATATTAC
ATATGGCTTATGGTAAAAAATTTTGGATTAGCGGTATTGATAAAGAATGGAATGAAAATAATGAAAAATGGATAGAAT
TGGGCGGTATTGCATATGATGCAGAATATGTAGAAAAGAAAATGAAAGAAATTAATAAAATAGCTTGGTGGATACCTA
ATAAAAAATTAAGAGACATCTACAGAGTAAGACAAGCTCAAAAATTTGGATTCAGATGGCATTTACATTAATATAAAA
ACTGCTTGAATATTCTAAACACTAAGCAGTTTTTATAATTCATTTATTTAAATAAATTATACTATATCCAAAGGAATC
TTTTTATCAGGCTTAGGAAATTCTTTGTTAAGCATTTCTATATCTTCATCTGTTAATACAATATTCTGACTCAAAATA
TTCTCAGAAAGACGTCTTCTGCTCACACTCTTAGGAATAGGTATGTATTCTGAAAACTGCATAATAAATGCCAATGCT
ATCTGAGCAGCCGATGCATTATGTTTCTTAGCTATTTCAAGAACCGTATTATTTCTAAAAATATTTTTGCTAAGTTCC
CCTGCTCTTCCTAAAGGACAATAAGCCATTAATGCTATATTTCTCTCTTTCATATATGGAGCCAAATCAAATTCAACA
CCCCTAGAACCTAAATAATATAATACCTGATTAAGAACACATTTATCTCCGTCTTTTAATAATTCAAGTTCCTTCATA
TCATCTGTATCAAAATTTGAAACACCCCAATCTTTTATTAGTCCTTCCTTTTTAGCTTCTTCCATACATTCAACAGTT
TCACTTAAAGGTATTCTTCCTCTCCAATGAAGCAAATACATATCTAAATAATCTAATCCCAAACGTTTCAATGATTCT
TTTAAACTGTCAAATATTTTATTTCTTCCAGCATTATGTGGATATACTTTAGAAACTATAAAAATCTCATCTCTATTT
ATATCAACTGTTTTTAAAGCCTCTCCTATTATTATTTCAGCCTCGCCATTTCCATACATTTCAGCAGTATCTATTAAC
CTCACACCATTATTCAAAGCAAATACTATAGATCTTATTTCTTTCTCTTTTTTCTCTTCATTCTCTCCCAATCCCCAA
GTTCCTATACCAAATTTAGGTATTTTATTATTAGATTTTAATAATGTATAATCCATAAATAATCCTTAAAAATTATTT
TATTTATTATTCTTTACTTATATATAAAGTCCTAGAAGGGAAAGCAAATCCAACACCTAATTTATTAAACTCATCTAT
TATTTTATAATTAATATCCTCTACTATTTTAACAAATTCTGCATAATCAGGTATAGTTACATGATATATAACCTCAAA
ATTAAGAGAAGAATCAGCAAATTCTATAAATCTTGCACTATAAAATTCTGTATTATTAGTACTTTCTATTACTGACTG
TATGATACTAGGTATAACTTTTAATTTTTCTAATGGAGTAGAATATTCAACACCTAATACCATGTACTGTCTTCTCTT
TTCTAATATTCTATAATTTTGTATTCTTGAAGAAAGAAGATTAGTATTTGATATTAAAAGCTGCTCTCCTGTATTTCT
TCTTATACGAGTAGATTTTATACCAATATATTCAACAACACCTTTATCTGCATCTACTTGTATGAAATCACCTTTCAA
AAAAGGCTTATCAAATACTATAACGAAATAATTGAAAAGATCAGCTATTATACTCTGTGCAGCAAAAGCTACAGCTAC
ACCTCCTACCCCAAGTCCTGTTATAAAAGTATTAACATTAACACCCAAATTTGAAAGTATAGTTAAAAATCCTATTAC
CCATACCAACACTTTTAATATTGTAACAATACCATCAGATATAACAACATCTTTTTTCTTTGACAAATAATTATTAGT
AAAATTAGTAATCACATCGCATATAAACAATGTACTAAAAACTATTATAAAAACTACAACTACTTTTCCAAAATATCC
GCTGGCTTCTTTTGGGAGATTAAGTCCTATTCTTGCTATTGCTAATGAAGATATAAATATAATCGGTTTTGTTCTGCT
TTTAATACTCTTTGTTAAATCTACAACAAAAGGACTTTGAAATCTAGTATTTAATTTTAATAAAATTTTTAATAGAAA
TATTAATGCTAAACGCATAGAAACTATACTAATAATTAATATTCCTATGGCTATTAAATACTGAAATAATGTATTATT
CCAAAACACTGTATCTTTAAGATATTGCATGTATTCTCCAATATTACTAATTTTAATTATATTAATTTTACTATATAA
TATTAATTTTTCAAATATAATTTGACATAAAATGAATAGTATATTAGTATTATAACAATAAAAAAATAATGGAGTCAA
ATAATGAAACAAATTATTAGTATTATTATCGTATCTATTTTATTTATCGCTTGCGGAGGTCAAAAAACAGAAACTGCT
GCACCTGCTGACACAAATACAAATGCTGCATCAACAGAAGCTGGAACATTAACAATAGATTTCCAAGCTATTATAGGC
GATACAAATAACAATGTAATAAGCAGTAATTCATATTTAAAAGTAACAGGTACTTACGGTGATATAGACGGAAAAATA
GATGCTACTACAGCTGCTTCTACTCCTTCTAGAACACCTGATCTATTAAACAAATACAGATCAACAGATAATAATGTA
TTAAATAACAGAATGGAAGTAAGTATGGGACAGTTTTTACTATTCGGTACTGCTAATGCTGCTAGATATATAGATGAC
GGTATGTCTGGTTCTGGAATAGCTCAAAGAACTGTTGAAGGAAAAACAGGTCCTAAAGTTACAGGTACAGGCATTACA
AAAGGAGATGACGGAGTTATAACAATAAGATTTGTACATGCTGGCGGTAAAACAGTAGATCCTTATGTTTTCGAAATG
AAATCAGATGCTAATGGAATTTTCAAAATAGGCGGCGGCACTGAAAACTTTAAAAGAACTGAAGCTGTAGTTACAAAT
GATTTTGATTTCAATACTGATGCTGCTTCTTTAATAGTTGATAAAGCTAAAGAAGGTACTCCTTATTGGAAAGGAGAT
TTACAAGCTACTTTTGAAAATAATATAATCAAAATTACAGGTACTTTAACTGAAACAAAATAATATTTATTTAATATG
AATTATAAAAGAGCATGGTATTTTTACTATGCTCTTTATTTTTAAAATAATTTTAAGGAAAATCAATTATGAATATAA
AAAAAGTAAAAATAGAAATATATATACCTGAAGAATATACTCAAAAACTTAGAGAAGCTTTAAATGATATAGGCGCAT
TAGGTGTCGGAAATTATGATAATGTAATGTCTGTAACAAAAATCACAGGTTATTGGCGTCCTTTAGAAAATGCTAATC
CATTTGACGGAAAAGTTAATGAAATATCGAAAGCTCCTGAAGATAAAGTAGAGTTTTCAACAGATGCTAAAAACATAG
AAAATATTATAAAAGTTATGAAAGAAGTTCATCCTTATGAAGAGCCTGTGATAAATATTATTCCGCTTTTAAATGATA
GATTTGATGTTAATTTGAATTATTAATAAAAAATAAACTAGACTTTTATAAGCTATATATAAAAATCTAGTTTATCAT
AATTCATTACAAAATTTTTAAAATCAATTTTTTATTCTGCTGCAGGCTTTACCATCCAATTTTTGCCTTTTAATATTC
TTGATAAAAGCATTCCAGCTCCTACATCATTTGTAGCATTTATAGTTGTTGCCGGAGCATCTGTTATAGTACCTATAA
GCACCATAATAGGAATAGCCTCTGGTGGAAAATTGAAAGCTGATATTATAAATATTTCACCAACATATCCACCGGCTG
GTATTGCTCCCATCACTGAAGATGCTAAAACTGATACAATTATAGCTGTTATCATATTCTGAGGCTCAAGAATATTTA
CATTAAACATAGAACACATAAATGTTATTTTTAATATAGTTATCAATGTAGCCCCTGCTTTATGCAAATTGCATCCCA
TTGGTATTGTTAAATCATTAATATCATCTGGTATACCTATTTTTTTACCAGCTATTAGATTGGTAGGTATTGTAGCAG
CTGAAGAGCATGTTCCAAGCGATACCAATGAAGGCGGTATAATATATTTCCAAAATAATTTTACTCCATTCATACCTG
CAGATAAATATGCAAATATTGTATTTGAAGCAAAATAGAATATTGCAGCTGCAATAAAATATATTATCAAAGCTCTAG
ATAACGGTCCTGATATTGCAGAACCATTTGTACCTACAAGAGAAGCAAAAAATGCTCCCAATCCTATAGGTGCTATGT
ACATAACATATGAAACAACTTTTGATATTATAGTTGTTAATGATGCAAATAAATTTACAACAGGTTTTCCTGCTTCTC
CAGATTTTACAACAGCAATACCTACAATTATAGCAAATACTATTAAAGCCATTAAATTTTGTCTTGACCATAAAAGAG
GAAAATCATTTACAGTAAACATACCAAGTATATTTGAATTACTTGTAATATTACTTATTGTTTCATTCATAGCTATAT
CAACACCCTCAGCAGGATTAAAAATTATAGTTATAACAAGCATATAAATAGCTGCTAAGGTTTCTGTAACTATAAAAA
TTAAAATCATAATAAATAAAACTTTTCCTATCTTACTTGTATTTTCCATATTTGCTATTGAATATACAAGAGAAACAA
ATATCATAGGAACTACACAGCAATAAAGTAAATTCAAAAATATATCGGCTATTGGCTGAAGTATAACAGCTTTCTCAC
CAAAAACTACACCGATTATAGAACCTACAATCATTCCAAAAATTAATATAAACGAAAACTTATAATTTTTTAAAATAT
TCATATTCTTTTTCTGAATCAACAAATTTATTAAATACAATATACGATTTTTTATATGAATTATAAAAAATCGTATAT
TGTATAATTTTAATTATTACTTACAATTCTATTTTTAAACCAATCTTTTCCTTCTACTATTCTAGAAACCAACATTCC
TGCAACATTATCACCAACAGAGTTTACCATAGTAGCAGGAGGATCAACAAGTATACCTATAGTAGCTATTAGAGGGAA
TGCCTCTGGAGGGAATCCATATATAGAAACTATAAGCATTTCACTAATAAGTCCGCCGCCAGGTATAGCACCATTAGC
CATTCCAGCAAGAGTAACAAATATTATAGAACCTATCCAAACATCAATACCTGTAAAGTTCATACCAAATACACCATA
AAGGAAAGCTATTTTTAATATACCGCTTAAACAAGTACCATCCATATGAGCTGTTGCTCCTATTGGTAAAACAATATT
TCTTACATCTTCGCTAACACCTATTTTTTCAGATGCTTCTAAGTTTATAGGCAATGTTGCTATAGAACTCTGAGTTGA
TAAAGATGTAATCATAGGAGTTATTAAATACTTCATAGATTTTACACCGTATTTTCCGGCAGCAATATAACCGTATAT
AGGGAAGAAAATAAAGAAATATAAGAATGCAGCAGGATAATAAACTGCACAAGCTCTTGCATAAGTACCTATCAATTC
AGGTCCGAACTTTCCTACTAAATTGGCAAAATAAGCACCTAAACCTATAGGAGCATAATACATTATAATACTAACCAA
TTTCATTAATGCTAATGTTGCAGCTTCAATGACTGGAATTATAGGTTTAGCTTTCTCTCCAACCAACTTTATAGAAAA
ACCAAAGAATAAAGAAAATACTATAAGAGGAAGCATATTACTTATAGAAAGCAAATCTTTAAAATCTGTAACTGTTAC
CATTTTTACCAATTGCTCTGATATTTTAGGAGGATTAGGATCTTCCACTTGTGTAACAGGCATAGTAAAACCTTCTGC
AGGATTAAATACTCTTACTGTTATTATCATAACAGCAGCTGCAATAAGTCCTGTAATAATAAATACAATAAACATTGA
AGCTACTATTTTACCTAATCTTTTCATATTATCCATTTGAATAATAGAATTGGTAATAGACAAAAATATTAAAGGAAC
AACTACAGTAAAAAGAACATTAATAAATATATCACCAAAAGGCTTTAAAACTGCAGCTTTCTCTTTAAGTATTATACC
TAATATACTTCCAACAATTACTCCAGAAACTAAGAGTATAGGAAACCTATAATTTTTCCAAAAAGAACTTTTCATATT
TCCTCCTATTTTATTATTTATAATTTTTATTTTTTAATTGTGAACTTACTTTATTTACAAATTCTTCTATATATTTAA
AATCTGTAGCAAGATTTACTCTTATAAATCCTTTACAATTATCAGAGAACCATTCTCCAAAGTCTATAGCTATTTTAC
AATCATCCTGTATAAACTCTTTAACTCTATCAGGATTAACAACTTTTCTTAAATCCATAAAAGCCAAATATGTTCCTT
CTAAAGGAGTTGTTATTATATCAGGAACTTTTGATTTCAATTCATCTCTCATATATTCATAATTGCGTTTTAATGTTT
TTAATAATCCATCAAGCCAATCTGATCCGTATTTATATGCTGCCTCTGTAGCAACCATACCTAAAAGACTTAATTCTG
TTCTATTAACTGTATTAACATATTTGTTATATATATCTCTCATTTTTTCATCTGGTATAACAATATGAGAATTTAAAA
GACATGCTAAATTGAATGTTTTTGAAGCAGAAGTTAAAACAATCAATTTATCAATATATTTATCTTTATTTTTTATAG
AAAGTGCTGAAATGAAAGGTCTTACACCTAAATTTATATCCTGGTGAATTTCATCAGAAATAATATATACATTATGCT
TTTTACATATATCGAAAGTTTTATCTATTTCCTCATCAGTCCATACTCTTCCAGCAGGATTATGAGGATTACAAAATA
TCATCAATTTAACATTATTTTTTACTATATCATCTTCTAATTTATTAAAATCTATGCTAAATACTCCATTATCATTTT
TAAGTTCGCATTTTACTAATTTTCTTTCATTGTCCTTAACAGCATTATGAAAAGGATAATAAACAGGAGTAAGTATAA
CAACGCTATCTCCTTTATTAGTGAAAGCATTAACAAGCCAATACAAAGCTGTAACAACACCAGTAGAAAAAGATATCC
ATTCTTCTTTCAAATCAATATTATATCTGCTTTTCTGCCAATTGAAAAATGCTTCAAAATAACTATCCCATAAAACTG
TATAACCAAAAACTCCATGAGCTACTCTTTTATTCAAAGCATCAAGAACTTCATCAGGAGCTTTAAACTCCATATCAG
CAACCCACATAGGTAAAAGTCCATCAACTTTAAATCTCCTATCTTTTAAAGTTTCCCATTTTTGAGAGTTGGTTCCTT
CTCTAGTTACCAAATATTTGCTGTTAAATTCTTCTACGGTCATAAAATAATCCTTTATAATATAATTATGGTATATAT
ATTAGTATATATATTTATTAAGAGATATCAATAAAATTAGTATTTTATATTAATTTATTTTATAAAGAATAAAAAATA
TATGAAAGTTTTTATATTTTAAATTGAATAATATAATCTATATAGAAAATATATCTTTTATAATATAAACAAAATCAT
TCTTTGGAAACTTATTCATATTTATTACATTTTCTATTGCATCAGCGAAATACAATTTATTTTGACTAGGTAAATATG
ATATGCTGAATATTTGTGCATTGCTGTTTAATAATTTTTCTTTTGTATATCCATATTCAGACATTTCGATCATTCGGC
TTGGTATATTATCACCATAGAAAAGAAAAACGGCATGATTATATAATTTAGCTTTTACTATTTTGTCTTTATCGTTAT
CATCTTTTTTGAAAACTTTTTGATTATCATCTACATATAAATCAAATATTTCATTAAGTTCATTTCTTATATTGTTTA
GAACTGCCTCTCCGTCTTTATCAATATCAACTAAAAAGAAATAGTAAGCATGTATTATAATAGACTTTTTATTTTTTA
TAACTTCAGCATTAATAAAAACTCTTGATGAATTAATTGAATACATACTATAACCAAAATATCTTAATCTGTCTATTA
TATTTTCTTTGTTTACTGTTTTATTTATATTATGCTCTAATATAGAATTATTTTTTATGAATAATAATTTTCTTTTAT
TAATATTAGAAGCATCAATATATAAAAATACGAGTGTTATTATTTCAAGTATTATTAAAATTATAGTTATATATATTT
GATTATTGTTATAGATTGAAAAGAAAATTAAGTTGGCAAACGCTATGGCTATTACACCATAAACGCTTGCCCTTAATA
ACTCTTTTTTGAAGGAGAACAGCTTATTATTGTTCATTATTACTAATTTATTTGATGAATTTATTATCTATAAGTAGT
TACTTCTTGATAAGCTCTTACAGCTCTATCAATTACAGCCTTTGTAAAGCTAAGAGATAATTCTGCTTCAGCAATGGC
GTTCATTACATCTGATACATCAACCTGATCCGGTCTAATACCAGCTTGAACTATTATATTATCTCTGTCAACCTGCTT
CTGATTTACAGCATCAATGGCATCGCTTAACATTGTACCGAAATTGCTTATTAAATCATTGCTTGAACTTCTTCTTAA
CTGCTGAGCAGGTCCATAATGTCTAGGGTCAGTAGTTTTTAGTACGAATCCATAATTATCTCCTACATTACCTGTTCT
TGTATTGTTCATACTATAAGCATTCATTACATTATTAATATTCATAAAAATATCCTTAAAATATTATTGCTGTCGTAA
AAAAATTAATATCTTATTATATTCAAAGCACTTCCAAACATAGTTTTAGCTGACTGAATCATAGTAGAGTTTGCCTCA
TAAGCTCTTGAAGCCTCCATCATATCAACCATCTCTGTAACAGGGTTAACGTTTGGCATTTCTACATAACCAGCTTTT
TCACCATATTTGATAGCATCAGGGTGAGAAGGATCATATACGAATCTAGTTGCAGTTTCCATATCCTTTTCTATGCTG
AATACTCTTACACCAGTACCAACATTAGGCTGTAAAGCATCTGGTAAAAATGGGCTTCTATATTTGTTGCCGTCATCT
CTAGGCTTGAATATAACTCTGCTTCTTCTAAAAGCTCCGCCCTCTGTAGTTCTTGTTGTATTAACATTTGCTATATTA
TCAGCTATAACATCTAATCTAGTTCTTTGAGCAGTTAAACCGCTTCCTGATGTATTTATAATTGAAAATATTCCCATT
TCTGTTACTCCTTTAAGAATTTAAATAATACTGATTAAGCATTACCTATCATTCTTCTGATTTCTCTATATTGAGCAT
TAACTATTTGTGTAAACATTTGATATCTTAAAGTGTTTTTAGCTTCTTCAGCCATTTCTTTATCTATATCAACATTGT
TTTTATCATTTCTATAGCTAGTATCATAATCTACTGTAATAGTAGGTGAAACTTGTTTATAATCCATAGGCATATGAA
AAGGAAAATGTCTTGAATCAGTTCTTTTAGCTTCCATACCATTATAATTTTCACTGTCTAAAGCTCTAGCAAGCTGAT
ATTCAAAAGTTACATCGCTTCTTTTGAAATTAGGTGTAGACACATTTGCTATATTATCGGCTATAACCTCAGCTCTAA
GTCCATAAACATTTAAAAGCTTCTTGGCTACTGTCATAGTTTTAGCATAGGTTGTATCAGCAAACATACTCATAGTTA
TAACCTCTAAATTATAAAATTATACTTATGAATATTGTCGGTTTAATGAAAAAGTGCTTTAATATTTTTTTAGGATTA
TATTATGTAAATTATATAGGTATATACCTAAACAACTATATTTTGCCAATTTTAATTTTATTGTTTGTGGTGGCTTTA
CCCACCACTCTGCGTACTTCGTAACATCCACACTTCTTTTGCCGACACTGTGCGTGCCTTCGGCAGGCGAGAAGCTTA
TATCATCGATAAACTCGGATACGCTTCGCGAAAGGCTATATTTGAACTTAAATGTAATAAATTATTTTACATGTAATA
CAATTTTAATATAATTTACTAATAATTTTATACTTGCACTTTTTGGTTCTTTTTGCGGCGGG"
              },
              literal {
                length 136,
                seq-data gap {
                  type scaffold,
                  linkage linked,
                  linkage-evidence {
                    {
                      type paired-ends
                    }
                  }
                }
              },
              literal {
                length 9910,
                seq-data iupacna "TTAATTTAACAATCAATATCGTAAAATACTATTTTATAAAATGT
ATTATAATTAGATTAAATTTTATATTTTTATTTGAAATACAAACTATTCATAACTTCTTTAGCAAATGATATTAAATT
ACTGCTTACTATAACAGTTGATGATATTGTAAGTATGATAGATTCTTCACCCTTACCTACTACAGTTATGGCATTAAA
GAAATCATTTTTATTTATCTTTGAAATGAATATATACTCTGCAAATAAATCATTATATTCTTCTCTTTGTCTTATGGA
TATAGGCGTAATGATAGAGTAAAGCTCCCCTCTTCTGCTTCTAAATCCGTCAAAAAGCTCTTTTATAGCAGCTTCATC
ATATTTTTTATCGCTATAGCTTATGATTATTGATATTCTCTTATCAAAACTTTCTATTTTTAATAGAGATCCTTCTAT
AGAGGCATTGAAATTTTCCGGAACTAATAAATTAAATCTGTCAGGATTAGCCTGTATTGCTGTTAATCTTCCTATATC
AAATTTTGAATTATCTATTAAATATTTTATATTATTTATTCTGTTTATAATATTTGAATCATTTTTATTTATAGTTAA
TGCTCTGTCCAAAATATTCAAAGCATCATCATATTTATATAATGCCCTATAAGCTACAGACATATTAATCATAGATAA
AACATCTTCATTATCTATAGATATTGCTTTTTTATATTTTTCTATAGCCTCATTATGTTTTCCTTCTATAGAGAGTAA
AATTCCATACTGTCCGTAAACACTTGAATCAGCATTGCCGAAAGATATTAACTTTTCTATTACATTCTTTGCTTCTTC
ATATTCATAAGTGCTTATAAGTGCCTCTATCTTATTTTCAAGCAAATCCTTATCATCTTTTATAAAATTAAGAGCATT
ATCAATCAATTCTATTACAGATTTGAAATCATTTTCTTCATAATATATATCTATTAACACTAAGTATCCGTATTTATA
TTGATTATCTTTTTTTATAAGTTCTAAAGCTAATTTTTTGGCATAGGAAATATTATTTATATCTATAAGTTTGTTAAT
TTTTTCTGCAATAATATCATTATTCTCTTTTATTATATCTTTAATATCTTCATCTATTGCTGCATTATCATAGATATT
ATTAATATTTTCAGTCATATTATCTCCAATTAACTATAGTAAAACCTTTATCTTTATTTTTTAAAGCATGCTCTTTTA
ATCTATTATCAGGATTAACGCATACTTTAGTGTCGGCAAAATCAAAAAGAGGTAAATCACTTATAGAATCACTATAAG
CTATATTTTTATCGCTATGATGAGGAAAAAAATGTTCAGTAAACAATCTGTATCTTTTAGCCTTGCCATAGCAATTCT
TTCCATACATATATCCTGTGTATTTTCCTCTGAAAGTCCATAATTCAGTGCCCATACATCTGTCAAAACCTAAATTCT
CTGCTATATATTTTGCATAAATCTCAAAACTAGCAGTTACTAAAATCAATGTATAGCCTTGATTTTTTAATTTCTTTA
TTTCATCTAAGGCATCTTTATAATATAATTTAGGAACAATTTCATCAGCAAATTCTTTTCCTATTTTATCTCCAAATT
CTATATCTATATTTTTGAATATATGCGCTATTTGGTATTTTATGCTTTGATTATCTATTATTTTTAAACAAAACAATA
AAAAATAAGGTATCAAGGCTATATAATGCATTATACTTGAAGGATTCTTTTTTAAATAGAACATCATAAATGGAAATA
TGGAATCTTTATTTAATATAGTTTTATCCAAATCGAAATATGCAACTCTCATCATAAAATGTATTCTACTACAAAAAA
ATCATTTGTCAAAGGAATTTTAAGATTTTAACTTATAATTAACAAAAAAATTATGTAAACTAAAAAATCGCTTGACTA
TAAATAAAAAATTTAATATTATATATTAGATTTAATATTAATTAATAATAATTGTAAATAACTTTATATAGATATATA
ATTTAGGAGATAATATGCTAAGAGAATTAGTTATATACGGAGATGAAAGATTACAGAAAGTATCTGAAAAGATAGAAA
AGATAGATGATGAAATACTTACTTTAATAGATGATATGTTTGAAACTATGTATAAAGAGAGAGGAGTAGGACTTGCCG
CTGTTCAGATAGGAGTATTAAAGAGACTCGTAGTTATATCTGTTCCTGATTTTGATGATGAAGAAAAACCTGATTTCA
AATTAGCCTTAATAAATCCAGAGATAATATGGCATAATGATGAAACTGAAAGTTTAGAAGAAGGATGTCTTTCTTTCC
CTGAAATAAGAGATGATGTTGCTAGATATACTCAAATTAAAGTAAAATATTTAGACAGAGACGGTAATGAACAGATAC
TCGATGCTGAAAATTACATAGCTAAAGTGCTTCAGCATGAAATAGACCATACAAATGGAATATCTTTTATAGACAGAT
TGGAATCATATCAGAAAAGAAGATTAAAAAGAGAATTGAAAGAACTTAGAAACAATACTGTTAGAGGCATAAAAAAAG
TTAATAACAGAGAAATGTTAAAAAATAGCTGATTAATTATGATAAAAAATATAATATTCGATTTAGACGGAACTTTAG
CTGATTCTATATCAGATATATATAATTGTGTAAATACTTCATTAAAACATTTCAATTTAAAAGCTATATCCATTGAAG
ATACTCATAAATTCGTTGGAAATGGAGCAAGACTTCTTATAAAAAAAGCTGTTAATAAATATAGTAATAATAATGAAG
AAATTGAAGAAGAGGTATATAAATTCTATATAAAATACTATGAAGAACATTGTGTAGACAACACTAAAGCTTATGACG
GAGTTTATGAAACTTTAGAACTATTATATAATAACAATATAAATATGTTTGTAATAAGTAATAAACCTAACAAAATGG
CTATAAAAACAGTAGAAAAATTAAATATAACAAAATATTTTAAAGCAGTTATAGGAGATGGTGTTTATCCATACAGGA
AGCCTGATGTTAATATATGGCATAGCCTAAAAAAAGATTATGGTTTAATAGAAGATGAAACTATTATGGTTGGAGACG
GAATACCTGATTATGAATTTGCATGCAATTCAAGTATAAAATGTTTGTTAGTTCTATATGGAATAACTGATAAAAACA
TTTTGTTAGAATTAAATAACAATTATTATTTAAATTCATTCAATGAGATTGCCGATTATATAACTAAGAAAAAATTTT
AATTAAAAAAAATTATATACTTGACAATACTATAAAATATTTGTATATTAGAATAAATTATTTATTAGTAATAAACAA
GTATTAATTTAACAGTAACAATATGAAAAATAACAAATTTAAGTACACCAAAATACGTAATAACAATAATATTATCTC
TTATATGGAAGATATATTATTCAAAATCAAGTCTAAATTTATAAAATCAAATAATATTCAAAGAATAAGAACAACTTA
TGTTCATTCTACAAGATATACAGGAAATGATAAAAAAAATAATATATTCTTAACAATAATTAAAAAGTTTTCATTAGC
TGTAGTGTCATTATCACTATTTATGATTTTAGCTAATTTTTTAATAATAAATATGCGTCATACTTCCAAAGAAGTGGT
TGTAGAAGATAAAATGCTTGCTAATAATGCATATTCTAAAATATTAGATGAAATATCTCCTGAACAGGTAAGCTATAA
TACTTCAAGCATATCTGAAGTACCTACAGTAACATCAGCAGTAACTTTAGAAAATGCCACAGATATATTTTATAATTC
TATAACTTCTGATAATACTTTAGTAGGAGACGGTACTATAGGTATGAAATATGATGAATATATTATAGAAGAAGGCGA
TAATCTTACTACAATATCAAGGAAAATAGGTGCTAACTTAGATACTTTGGTTAGTGTTAATAAAATCACTAATGCTAA
TAGATTAAGACCAGGACAAAAAATTGTAATACCAAATCGTAACGGATTATTATATACAATAAAAAAAGATGAATCTAT
AGAAGAAATAGCTGAAAGATATGATGTATCATTAAACAGAGTTCTTTCTTTCAATAAAATAAGTGATCCTAATGATAT
TGAAGTTGGAGATGATATATTCTTACCAGGAGCTAAATATACTTTAGATGAAAGAATAGATAAATTTGGACAGATGTT
CAGTATTCCTACAACTATAACTAGAATAAGCAGTGTATTCGGATACAGAGTACACCCTATAACAGGTGTTAGAACTAA
ACATATGGGGGTTGATATACCTGGAAGACTTAATACTCCTGTATATGCTGCTAGAAAAGGAAAAGTAATATTTGCAGG
ATACAGCGGTGGTTATGGTAATTTAGTAATAGTTCGTCATGATAAAGGTTATACTACATATTACGGACACCTTAATTC
TATAACTACAAGAGCAGGTGCTACTGTAGGTGTTGGTGTAATGATAGGAAGAATGGGAAGCACAGGAAGATCTACAGG
AAGCCATTTACATTTTGAAGTTAGAAGAAATGGTGTGGCATTAAATCCTGCTGATTTTATACCTATAAAGAAATTCTT
AAGAGGAAGAAGATAATAAATATTTAATAGTTAATAAAATTAAGGGATTCTTATATGAGAGTCCCTTATTTTTATATT
TTATAAATATTAGTATTTGAAATAAATTTTGATTTTTGTATAATGTTTTGCTATGAATGATATTATTAAAGTAATAAA
TATATTAAATGATATACCAGAACCTTTTTCTGTAGATGGAATAATAAAAACTTTTGAAGCAAGCTCTAAAGATTTTAT
AAAAAGTTTTGCTGTTTATTTTTATAAGGAAGGCAGTGAAGAAGCCAGATTATGGTATACATCTAAAAATAAATTAGT
TATTAATGATAAAAAAAATAATAGAGAATATACTTTATTTGCCAGAGGTAATAAATTTGGTTATATAATAGTTAATGC
AGATAAAAATAAAGATGAAATGGAAGTACTTATAAATTATCTGTCAATAATATTATATAGTGAAAAGCTCTCATTTTT
GGCAAATAGAGACAAACTTACAGGTTTATACAATCGCGGATATATAATAAAATATTTGCAGGAAAAAGAAACTACAAA
TGAAATATATTCTATAGTAATAGTAGATTTAGATAAATTCAAACATTATAATGATACTTACGGACATAATATAGGAGA
TCATGTATTAAAATTAATTTCAAAGGTAATGAAAGATTCTTTAAAAAATATAAAATATAAATCTGTATTGGCAAGATA
TGGAGGAGAAGAATTTATTATAGTAATTGATATTAATAATAAAAATGATCTTTTTAATGCTATGGAAGAAATAAGAAA
CTCAATAATAGAAACTGATTTATCTACAGAAGAATATTCTCTAAAAGCAACAGCATCTTTAGGAGGTGCTATAAAAGA
GGAAAATACAACTTTAAGAACTTTTATAAATAAAGCAGATCAATCATTATATAATGCTAAAGAAACAGGAAGAAATAA
ATCCGTTATATTAGATTTTTAAATTAATTTTTATTGTAAACTAGAAATAATAGTCACTTTTATTTAGCTTTATTAAAT
TAAAGCTAAATAAAAGTGGGAGATTATTTATGAAAAATACTATATAATATAACCATTCATAGAAACTATAGTAAAAAA
TAAATATAAAAAATTAAACATCTCTAAGGAGCACTATATCTTTATATTTAATAGTTGTATTTCCTCTAGGTATAACAG
TTCCGCCTTCCCTCTTTATCATAACTATTAAATTATTTTTAGGCAAATTTAAATCTTTTAATTGCTTATCTTTCCAAG
GATGACGATTATTAATATGTATCTCTCTAAGACTAATATCATAATATTTAGTTTTTTTAGCATTAAGTATAACAACAT
CCCCCTGCTCTATTACAGTTTTACCATGAGGAATAATAGTACTATCTCCCCTTTCTACTGTTACTATAATAGATTCTT
CAGGAAGTTCTATTTCCATAATAGGTCTTCCCACCCAATGATGTGTAGGAGGTATTTTTACCTGTATAAGCTCCATAT
CTGAATCATCAACATAGTCGTTGAAAGTTTTAAGTACATCTTCATCAGAGTCTACCAAATCAAGATTTTTAGCTATTA
TAGGAAGCAATGTACCCTGAAGCAATACAGATATTATAGCTAGGAAAAATACCACATGAAATATATCATAACTTATAG
AATTATTATTAACTATTACAAATATAGCAAATACTATTGAAGCTGCTCCTCTAAGTCCTGCTGCCATAACAAGAATCT
GTTTTTTAAATGATATTTTAAATGGTGTTAATATGGCAAATACAGCTATAGGTCTTGCTGCTAATGTTACAAATAATG
CCACATAAATAGAAGTTGGTGCTACACTTAATATTCTTGAAGGAAAAGATAAAAGTCCAAGTAAGAAAAACAGAACCA
TTTGCATAAGCCCAGTGACACCGTCAAAGAAATGAACTAAAGCAACTTTATTTTTAATCTTTGTATTTCCCAAAACTA
TACCAACTACATAAACAGTTAAATATCCGTTTCCTCCTATAACAGAAGAAAGAGAATATGAAAGCAATGCCACAGCAA
GTACAAATATAGTATCAAGTCCATTAATAGGAAATCTGAACCTTTTTAACATATTATAAGCCATAAAAGATACAGCTG
CTGCAACTGCCAAAGCAAAAACTATTTGAGAAAAAACCATATAGGCAATAGCTAAAGGAGATGTAAGAGTCTTTCCTA
TAAGCCCTAAAAATATAACTGTAAGCATATAAGACATGGGGTCATTACTTCCGCTTTCAAGCTCAAGCAATGAAGCAA
GTCCGTCTTTAAGGTTTAAACTCCTAGAACGAAGTATTGAGAACACTGAAGCAGCATCAGTTGATCCTACAACAGAAC
CTATTAAAAAACTTTCAAAAAAATTTAATTTAAGCAAATAATGGCATAATAATCCTGTAATCATAGATGTTATAAAAG
TACCTACAAATGAAAGAAGAAATGCCTGCTTTGCTACAGGTTTTGCAGCTTTCCAATTAGTGCCGAATCCTCCGTAAA
ACATAATGAATATCAATGTTATAGTACATAGTTCTTCAGCAATTTTATAATCATTAAACTCTATTTTTAAAATACCAT
CTGTACCAAAAACCATTCCCAAAACTAAAAAGAGTAAAAGAGATGGTACACCTACTTTAACCGAAATTTTGCTTACTA
TTATGCATAGTATAATTATTATAGAAGATAACAATATAGATGAATTCATAAAAACCTATTATTAAAAAATATATTTAT
ATAAAGTATATAAATATATATGGTTTTTAAAAAAATACAAATATTATTTTTTAATTAGTAATAAAAATATAATTGAAT
ATATTATTTCAATTTTATTTACAAAAAACTAATTGATTTACAATTGATTTTTTGTTTGTTATAATTTATCATTCCATA
AAAAATAACAATACATATATAGAGTACTATATGAAAAATATTATTTCTATAATTGCAGCATTTATTTTAATGACTGCT
GTAATTTCATGCGGAGGCGATAACAGCGGTAACAAAGAAACAAGTCAATCAGAAAAAAATGCTCAAACTAATCAAACA
TCACAATCTCAAAATATTCAAACTAATACTTCACAAACAAATAATCAAAAAGAATTCTTTGATATGAAATATGTTTAT
AAAGGCATTAGAGTAGATAAAGCTAAATTTGATGAATATCTTAAAAATGAAAGAGAAAATGATGAATATGCAAAAAGG
AATTTTGATTTTCTTAATAGTAAATTTGCAAATGATGATGAAAGAAAAAAATATTCTATAGAGTATATATCAAATGTT
AATTATGAACCTTTTGTAATACCATTATATAGCTATGATAGATATAATGAAGACTTGACAGAATATTATGTATCTGAA
TATTTATATGTTGATCAAAATTTAGCATTAAAAAAAGCAAGAGAGGAATTATTAAAATTAAATAAAAAAGATGCTGAT
GTTTATTTAGCTTTGTTCTNNNNNNNNNNACATTTTGCTATAGATTCGCTTTACTATTTTGAAGAAGAAAAAAAGTAT
TTAACAGAATGGAAAAAGGCAGGCGGAACTAATATAGCTATGATAATAACAAGTTATGATGATGATAATGCTTACAGC
AATAAAATGAAATTAGTTGATTATATAATAGAAGCCCCTAGTTCTTTAAGGGCAGAGAAATTAGTTATTGATGCCTAT
AATAATGGTTTTTATAAATATATTGTAAAAAATGAAGGCTACATAGATGTATTTAATGAAAATAATTATTCTTTAACT
TCAATTGTATATGATGGTACAGCAAATATAGCTTCATTAATGATAGTACCAGAAATAGTTAATACAAATATAATAAAC
AAATATATAAGAACTTATATAAAAAATAGGTTAACAGATGATAATATAAATGAGTATTTAGCATATTATGATCTTGAT
ACCTATGATGCCTATAATGGATGGAACGATCTTAATTTACTTGAGTTTAAGAAAAATACATTTTTAATTGAAAGCACT
ATGAACGGACCAGTAAATATACATTATTATAATCCTGAGTTCATAAAAGATAATTTATATGCTTCATTTGAAGAGATA
AAAAATTATAATTTCAGACTTGGCAATATAAATAATATAGAATCTGCCAAAATTAATTTAATTTCTACAAATGATTTG
AAAGATTATACCAAAGACTCTAAATTTATAAGTTTTGGTAAATTTAATGAAGAAGAATATTCAGATTATGTAAGAGAA
GCAATGTATTCTCGTTGGTCTTTGTATTCTCCATCTTTCTTCTTATGTGATATCAATAATGACGGAAAAGAAGAATTA
ATGGTTTCAAGCGAGTATCACTATACAGGAGGAAGAGGCGGTGTAGTACATTATACTTTACTTTTGAAAGATAATTTG
GAAGTAGATTTTGATTCAGAAATGGGAAAGCTCATCAATAATAATGATTTTCAAAATTTAGAATGTATTCAAAAAATA
TATACTGAATACGGTAAAAATAAAATGTTTTTATTAAATGAAACTGCTAATGAGGCTTTGGATATATTCGTTGATAAT
AATGAAATAAAGAATGCTGAACATTTTAATTATATTACATATAGTTATCATCCTAAATTGGAATGGAAAGGAAGTATA
CTTGATGGAGTACCTGAAGGAGCTTTAAAAACTGATGCAAGTTTTGATATGTCTAAAGCAGAAAATGCATCAGATAAA
GCAATAGTGTCAGACAGAACTTTGAGAATGGCTGATAAACTTATAAGCGATACATATTTTGCTAAAAAAGCTACTTTG
GATAAACAAGGTCAGGAAGAATTATTGGAGCAAAGAAGATCAGAAATAAAAGCTATTCAGGAAGCAAAAGGAGATATT
AAAGCAATAGAAGCTGATATGCTTAAAAATATACAATAATTTTAATAGTTTTAATAAAAGGCAAGCATTATATGTATG
CACTTTTTTTATTGTAAAAATATCCAAATTTAATAAACTTTACTTTTATAATTATTTTTTGTATAATAATATTATGAA
AGATTTAGATAAATTAAAACAAATATTAAATGAACCTGTTACAATCGAAAATTTAAATAGAATTAATGATTATTTTGT
ACGCTATTTATTTTCACATACGGGTAATGAAAATATAGCTTTAAATTTTATTAATGCTGTATTTAAAGATTTAAATTT
TGAAACTTTTCAAAAAATAGAAATACTTAATCCATTTAACATAGCAGAAAATTATGATGAAAAAGAATCTATAGTTGA
TATAAAAGCTACTACAGAATCAGGAATAACGGTTTTAATAGAAATACAATCCAGAGGCAATGAAGATTTTATAAAAAG
AGCTTTATATTATTGGGCTTATAATTATAGTTCTAGTT"
              },
              literal {
                length 129,
                seq-data gap {
                  type scaffold,
                  linkage linked,
                  linkage-evidence {
                    {
                      type paired-ends
                    }
                  }
                }
              },
              literal {
                length 2901,
                seq-data iupacna "ATTAAAGCCAACTGTAAGTATAAATATTACAAACTTTATACTAA
CAGATGAAGATAAAGTACATAGCTGCTATATATTAAAAGAATTAAATAATAATAAAATCTTAACAGATCATTGTCAGT
TACATTTTGTAGAATTACCTAAATCCAATTTAAAAAATATTTCTGAAATAGAAAGTTTAGATAATACACATAAAGAAT
TCATTTCTTGGGTTAAGTTTTTTAAGGGGGAAGATATGTCTATTTTAATGAAAGAAAATACTATATTTGAAGAAGTAG
AAAGGAAATGCCGTACTTTTGTTAATGATAGTCCTGTAATGGATAAATATAAAAAACGAGAAGTAGATACATATTTCT
TGAATAAGAGTATGGAGTTAGATATAAGGAAGGCTAAAGAAGAAGGTATTAAAGAAGGTATTAAAGAAGGTATTAAAG
AGGGGATTAAAGAAAATCAAATATCTATGGCAAAAAATATGAAGAAAGACAAAGTAGATTTTAATATTATTTCTAAAT
ATACAGGATTGAGTATAGAAGAAATAAAAAAATTATGAGCATATAACAAATTCACAGAAGTCGGACAGAGTCATTTGT
TATATATTTTACCGAAGGTACATATAGTGAGCAAATAATTTTTGATGAATAGATTAAAGAAATAGAAAAATTATAATA
AATATAAAAGTTATAATAAAAAAGTGCATGCATTATATACGTATGCACTTTTTTTATTGCGAAAATATTTTATAATTG
AAATTTTAATTATTTTAATTTATTATAAAAAATAACAATACATGCAGAGGGTAAAAACATGAAAAATATTATTTCCAT
TATCTCTATTTTTGTTTTAATGGTTTCAATAATTTCCTGCGGAGGCGGAAACAAAGAGACAGAACAAACAGAAAATAC
TCAAACTAATCAAACAGAAACTAATAAAGTATATGTCAATCCAACAAGTACAAATGAAAATCATAATACAGATATTGA
TATTAACTTTGATACAACTAAATATACTAATGAATATATTCAAGGTACAGAAATGGATCCTATGCCTACAGGATATAA
AAAAATAGATGAAATACTCAATGAACATAAATATAAAGCACCAATATACGAAATATCAGAATTATTAGCAGAGGAAGG
ACTAGAAGGAAAAATTACTGAAATGACAAATTTTGGTGATAAATATATATTTAAAGATTCTACTCCTTTGTTTTTAGC
AGTACAATTCGGATATAATGATTTAGCAAAAGAGCTTATAAAAGAAGGTGCTGATGTTAATGCCAGAGTAGATAATAT
GGAAACAGAAGGCGGTATTGATATGCTTTACTATGCTGTTATAAATAATAATCCTGAAATGACTAAAATCTTAATTGA
TAAAGGACTTGATAAAAACAGAGATTATGGTTATGAATATTCTACTTATTTGACAGATATTGCTATTGGCAACAACAA
TCTTGATATACTTAAACTTCTTGTAAAAAGAGGAGATTCAAAAGAAACTTTAATTCCAAAAGCAGTACAAGAAAATAA
TATAGAAATGGTTAAATATTTATTATCTATAGGACAAGATATAGATGCACAAAGATTTTTTGACGGTTTTTGGGTTGA
TTCTCCTTTGAAAGTAGCAGCTGAAAACGGATATATAGAAATGGCTAAATTTTTAATTGATGAAGGAGCAAATTTAAA
CTCAGCTGATGATTATATGCTTTATGCATATAATAATTATGATATAACTAAATTATTAGTAGATAATGATGTTTTTAA
TCTTAATACTAATACAACTAGAGAAGAAGCTATAAAATTAGTAAAAGACGGCAAATATTATGAAATAGAAAAATTATT
ATTAAGTGAAGATTCAAATAATATAGACGGATATGATGAATTAATGAATGCTATATCTAAAGGTGATATGAAAGCATT
AGAAAAACTTGTAAAAGATGATACTGATTTGAATAAACAATATGATAAGATTACGCCTCTTGGTTTAGCTGCTGCTAG
AAATGATAAAGAGATGGTTAAATTCCTAGTAGAGAAAGGTGCTGATATAAATTTAGAAGACGGATACGGATATACTCC
TTTAATAATAGCAATGAAGTATCGTAATATTGGTTTAGCTAAAGATATTATTGATTTGAAGCCGGATTTAAATGCTAT
ATGTTCAGCAACAGGAGATACTCCTTTAACATATTTAGTAGATAAAGTGAAATTTGGATCAGATATTTGTTATTATTT
GATAAAAAATGGTGCTGATGTAAATAAAAAAAATAATAACGGAGATACTCCATTAATAGTTTCCGTACAAAATTTTAT
TTTAAGTTATGGTATGTTAGGAGTTCTTATAAATATGGGTGCTGATTATAACATTAAAAACAAAGAAGGAAAAACAGC
TATGGATATTGTTATAGAAAAAGATGACAAAGCAACACTTCATCATTTAAATAATCCTGACGATTTAGAATACTATCT
TACTATATAAAAAATAATAAAATAAAAAAGTGCATGCATTATATATGTATGCACTTTTTTTATTGTTAAAAATATTTT
TTCATTGAAATTTTAATTATTCTAATCTATAATGCGAAAACGACAATACATACAGAGGGTACTATATGAAAAATGTTA
TTTCTATAATTGCAGCATTTATTTTAATTACTGCTGTAATTTCATGCGGAGGCGGAAACAAAGAAACGGATCAAACAT
CACAAAACAACAATACACAATCTCAAAATATTCAAACCAATACTTCACAAACAAATAATCAAAAAGAATTCTTTGATA
TGAAATATGTTTATAAAGGTATTAGAGCAGATAAAGCTAAATTTGATGAAAAGCTTAAAAAATTAAGAGAAAATAATG
AATATGCAAAAAGGAATTTTGATTTTCTTAATAGGAAATTTGCAAATGA"
              },
              literal {
                length 144,
                seq-data gap {
                  type scaffold,
                  linkage linked,
                  linkage-evidence {
                    {
                      type paired-ends
                    }
                  }
                }
              },
              literal {
                length 279,
                seq-data iupacna "CGGCATTAGATCTAGAATTCTTAATAAGCTGGGGAAGCTGGGGG
ATATATAGTGAAGTTGAAGATTATTATGCTGTTGGATATTTATATGTTGATCAAAATTTAGCATTAAAAAAAGCAAGA
GAAGAATTATTAAAATTAAATAAAAAAGATGCTGATGTTTATTTAGCTTTATTCTTATCTCATTTTGCTTGCGATTCG
CTTTATTATTTTGAAAAAGAGAAAAAATATTTAACAGAATGGAAAAAAGCAGGCGGTACTAATATATCTATGATGATAG"
              }
            }
          }
        },
        seq {
          id {
            local str "NODE_191"
          },
          descr {
            source {
              org {
                taxname "Brachyspira hyodysenteriae",
                db {
                  {
                    db "taxon",
                    tag id 159
                  }
                },
                orgname {
                  name binomial {
                    genus "Brachyspira",
                    species "hyodysenteriae"
                  },
                  gcode 11,
                  div "BCT"
                }
              }
            },
            molinfo {
              biomol genomic
            },
            create-date std {
              year 2015,
              month 1,
              day 13
            },
            user {
              type str "OriginalID",
              data {
                {
                  label str "LocalId",
                  data str "NODE_191"
                }
              }
            }
          },
          inst {
            repr raw,
            mol dna,
            length 260,
            seq-data ncbi2na '13FDCF83B1C3D7D3F4BF79ECF0713F1C4DF59C1F3711C80C
F7870496074DE4DE7D0E10F5EC4DF7B0CF3F0BE78CF4D08FDDF7973370F4D3C91480FB27340DE7
02CF'H
          }
        }
      }
    }
  }
}
