Seq-entry ::= set {
  class genbank,
  seq-set {
    seq {
      id {
        local str "Seq1",
        general {
          db "BankIt",
          tag str "1657039/Seq1"
        },
        general {
          db "TMSMART",
          tag id 39787263
        },
        genbank {
          accession "KF591393"
        }
      },
      descr {
        molinfo {
          biomol genomic,
          completeness partial
        },
        source {
          genome genomic,
          org {
            taxname "Habropoda laboriosa",
            db {
              {
                db "taxon",
                tag id 597456
              }
            },
            orgname {
              gcode 1,
              mgcode 5,
              div "INV"
            }
          }
        },
        update-date std {
          year 2013,
          month 8,
          day 27,
          hour 10,
          minute 59,
          second 58
        }
      },
      inst {
        repr raw,
        mol dna,
        length 246,
        strand ds,
        seq-data iupacna "AAAAAACCGAACTTGAGGCCATTGATATAGTTGAAAGTGATCAGAAATTTGA
AAGTACCGGGGAGGCTCTCCCGCTGGATTAGGAGTTCCTAGCAGGCATGGTAAAAGTACACTGATAAGCCGAAACTTT
GCTTCTTACTTTCTGAAGCCCTAAAAACCCTAAGACAAGGGGACACCATAGACCCCAACACATGGGTGGACTTAAACC
TCCCCGCTATCTGTGAAAACCCCGAAACTGACCTACTA"
      },
      annot {
        {
          data ftable {
            {
              data gene {
                locus "Putative terminase large subunit gene",
                desc "terminase large subunit gene",
                syn {
                  "syn1",
                  "syn45"
                }
              },
              partial TRUE,
              location int {
                from 71,
                to 245,
                strand plus,
                id genbank {
                  accession "KF591393"
                },
                fuzz-to lim gt
              }
            }
          }
        }
      }
    },
    seq {
      id {
        local str "Seq2",
        general {
          db "BankIt",
          tag str "1657039/Seq2"
        },
        general {
          db "TMSMART",
          tag id 39787265
        },
        genbank {
          accession "KF591394"
        }
      },
      descr {
        molinfo {
          biomol genomic,
          completeness partial
        },
        source {
          genome genomic,
          org {
            taxname "Danio rerio",
            common "zebrafish",
            db {
              {
                db "taxon",
                tag id 7955
              }
            },
            orgname {
              gcode 1,
              mgcode 2,
              div "VRT"
            }
          }
        },
        update-date std {
          year 2013,
          month 8,
          day 27,
          hour 10,
          minute 59,
          second 58
        }
      },
      inst {
        repr raw,
        mol dna,
        length 320,
        strand ds,
        seq-data iupacna "CCGGGGGGTATTGACATGCTTATTGAGCCTGTTGATGCGTTCAGTGGAATTC
CCCTAAGTGGGGATTAAGTAGTTATAAATTAAAGTTTAGGGTTAAATAATAAAAAAAAGATGGGAGAATGATATATAT
GGTATTGAGAAAAGATGAACACTCATCATGAATGTGATGAGTGGACTAAAAGTGACATACAAAGCTTGAAGGTTGACG
CTTTTGATGAGATTTTCGAGAAAGTACGTGACTTATCAGGGGTGAATATTAAAGGGGATGAAGCAAAAGAGATAGAGA
AATTTCCTGAAGACGGATGAGGGGCGTGTAAGTT"
      },
      annot {
        {
          data ftable {
            {
              data gene {
                locus "Hypothetical protein gene",
                allele "Hypothetical protein gene",
                desc "Hypothetical protein gene",
                syn {
                  "syn1",
                  "syn2",
                  "syn3"
                }
              },
              location int {
                from 119,
                to 305,
                strand plus,
                id genbank {
                  accession "KF591394"
                }
              }
            }
          }
        }
      }
    }
  }
}
