Seq-entry ::= set {
  class genbank,
  seq-set {
    set {
      class nuc-prot,
      descr {
        source {
          genome genomic,
          org {
            taxname "Felis catus",
            common "domestic cat",
            db {
              {
                db "taxon",
                tag id 9685
              }
            },
            orgname {
              name binomial {
                genus "Felis",
                species "catus"
              },
              lineage "Eukaryota; Metazoa; Chordata; Craniata; Vertebrata;
 Euteleostomi; Mammalia; Eutheria; Laurasiatheria; Carnivora; Feliformia;
 Felidae; Felinae; Felis",
              gcode 1,
              mgcode 2,
              div "MAM"
            }
          }
        }
      },
      seq-set {
        seq {
          id {
            local str "Seq1",
            general {
              db "BankIt",
              tag str "1657039/Seq1"
            },
            general {
              db "TMSMART",
              tag id 39787263
            },
            genbank {
              accession "KF591393"
            }
          },
          inst {
            repr raw,
            mol dna,
            length 38,
            strand ds,
            seq-data iupacna "AAAAAACCGAACTTGAGGCATGTAATCCCTGCCTCTGA"
          },
          annot {
            {
              data ftable {
                {
                  data gene {
                    locus "Putative terminase large subunit gene",
                    desc "terminase large subunit gene"
                  },
                  partial TRUE,
                  location int {
                    from 4,
                    to 33,
                    strand plus,
                    id genbank {
                      accession "KF591393"
                    },
                    fuzz-to lim gt
                  }
                }
              }
            }
          }
        },
        seq {
          id {
            local str "Seq1_prot_1",
            general {
              db "TMSMART",
              tag id 39787264
            }
          },
          descr {
            title "Putative terminase large subunit, partial [Methanobacterium
 formicicum phage]",
            molinfo {
              biomol peptide,
              completeness no-right
            },
            user {
              type str "OriginalID",
              data {
                {
                  label str "LocalId",
                  data str "Seq1_prot_1"
                }
              }
            }
          },
          inst {
            repr raw,
            mol aa,
            length 10,
            seq-data ncbieaa "TELEACNPCL"
          },
          annot {
            {
              data ftable {
                {
                  data prot {
                    name {
                      "Putative terminase large subunit"
                    }
                  },
                  partial TRUE,
                  location int {
                    from 0,
                    to 9,
                    id local str "Seq1_prot_1",
                    fuzz-to lim gt
                  }
                }
              }
            }
          }
        }
      },
      annot {
        {
          data ftable {
            {
              data cdregion {
                frame two,
                code {
                  id 1
                }
              },
              partial TRUE,
              comment "[intronless gene]",
              product whole local str "Seq1_prot_1",
              location int {
                from 4,
                to 37,
                strand plus,
                id genbank {
                  accession "KF591393"
                },
                fuzz-to lim gt
              }
            }
          }
        }
      }
    }
  }
}
