accession	start	stop	gene locus	strand	GeneID	gene descr	gene_type	label
KF591393	112	543, Putative terminase, large subunit\\gene	plus	7865 DELIMITER terminase large subunit gene	pseudogene; Putative terminase, large subunit\\gene
KF591394	467	688, putative tape measure\\nprotein gene	plus	23456 DELIMITER tape measure protein gene	pseudogene; putative tape measure\\nprotein gene
KF591394	120	242, Hypothetical, protein\\tgene	plus	 DELIMITER Hypothetical protein gene	gene; Hypothetical, protein\\tgene
