Seq-entry ::= set {
  class genbank,
  seq-set {
    set {
      class nuc-prot,
      descr {
        source {
          genome genomic,
          org {
            taxname "Citrus maxima"
          }
        }
      },
      seq-set {
        seq {
          id {
            local str "G-A1"
          },
          inst {
            repr raw,
            mol dna,
            length 37,
            seq-data iupacna "GGTATGGGTGGTGTTGGTCGCCGGAGCATGCGACTCG"
          }
        },
        seq {
          id {
            local str "G-A1_1"
          },
          inst {
            repr raw,
            mol aa,
            length 12,
            seq-data iupacaa "GMGGVGRRSMRL"
          },
          annot {
            {
              data ftable {
                {
                  data prot {
                    ec {
                      "1.1.2.3",
                      "1.1.99.n",
                      "6.3.2.10"
                    }
                  },
                  partial TRUE,
                  location int {
                    from 0,
                    to 189,
                    id local str "G-A1_1",
                    fuzz-from lim lt,
                    fuzz-to lim gt
                  }
                }
              }
            }
          }
        }
      },
      annot {
        {
          data ftable {
            {
              data cdregion {
                frame one,
                code {
                  id 1
                }
              },
              partial TRUE,
              product whole local str "G-A1_1",
              location int {
                from 0,
                to 36,
                strand plus,
                id local str "G-A1",
                fuzz-from lim lt,
                fuzz-to lim gt
              }
            }
          }
        }
      }
    }
  }
}
