Seq-submit ::= {
  sub {
    contact {
      contact {
        name name {
          last "ContactLN",
          first "ContactFn",
          initials "CC"
        },
        affil str "q"
      }
    },
    cit {
      authors {
        names std {
          {
            name name {
              last "CitSub_ln",
              first "CitSub_fn",
              initials "C.C.K."
            }
          }
        },
        affil str "q"
      },
      date std {
        year 2013,
        month 6,
        day 4
      }
    },
    subtype new,
    tool "Sequin 12.60 - MS WINDOWS VISTA"
  },
  data entrys {
    set {
      class phy-set,
      seq-set {
        seq {
          id {
            local str "seq_1"
          },
          descr {
            title "toll-like receptor 5 (TLR5) gene, complete cds",
            source {
              genome genomic,
              org {
                taxname "Influenza A virus",
                common "flu",
                orgname {
                }
              }
            },
            molinfo {
              biomol cRNA
            }
          },
          inst {
            repr raw,
            mol rna,
            length 42,
            seq-data iupacna "TGTCTTCACTCTCCCTTCTTCTCCATAGGATCAAAAGACAAC"
          }
        },
        seq {
          id {
            local str "seq_2"
          },
          descr {
            source {
              genome genomic,
              org {
                taxname "Odocoileus hemionus",
                orgname {
                  mod {
                    {
                      subtype nat-host,
                      subname "Homo sapiens"
                    }
                  },
                  gcode 1
                }
              }
            },
            molinfo {
              biomol genomic
            }
          },
          inst {
            repr raw,
            mol dna,
            length 118,
            seq-data iupacna "TGTCYTCACTCTCAAAGACAGTGCTATTCAGCTGCAAAGTGTAACCAC
CATCTCCTAGTCAAAGGAGCAGTTTCCACTTATTAGAAGCCACAGATAACTTTGTACCTTTTATTTCCGC"
          }
        },
        set {
          class nuc-prot,
          descr {
            source {
              genome genomic,
              org {
                taxname "Influenza A virus",
                orgname {
                  mod {
                    {
                      subtype nat-host,
                      subname "Homo sapins"
                    }
                  },
                  gcode 1
                }
              }
            }
          },
          seq-set {
            seq {
              id {
                local str "seq_3"
              },
              descr {
                molinfo {
                  biomol cRNA
                }
              },
              inst {
                repr raw,
                mol rna,
                length 147,
                seq-data iupacna "TGTCTTCACTCTCCCTTCTTCTCCATAGGATCATGGGAGACTGC
CTTGACCTTCTCTTAGGAGTCGTACTCCTGACCAGTCCTGCACTTGGAATTTCTTCCTGCTTCTTCAATGGTTGGAGA
GCCGTCTATCTTTCAACTTTTATTT"
              }
            },
            seq {
              id {
                local str "seq_3_1"
              },
              descr {
                molinfo {
                  biomol peptide,
                  completeness complete
                }
              },
              inst {
                repr raw,
                mol aa,
                length 8,
                seq-data ncbieaa "VFTLPSSP"
              },
              annot {
                {
                  data ftable {
                    {
                      data prot {
                      },
                      location int {
                        from 0,
                        to 7,
                        id local str "seq_3_1"
                      }
                    }
                  }
                }
              }
            }
          },
          annot {
            {
              data ftable {
                {
                  data cdregion {
                    frame two,
                    code {
                      id 1
                    }
                  },
                  product whole local str "seq_3_1",
                  location int {
                    from 0,
                    to 27,
                    strand plus,
                    id local str "seq_3"
                  }
                }
              }
            }
          }
        }
      }
    }
  }
}
