Seq-entry ::= set {
  class genbank,
  seq-set {
    seq {
      id {
        local str "Seq1",
        general {
          db "BankIt",
          tag str "1657039/Seq1"
        },
        general {
          db "TMSMART",
          tag id 39787263
        },
        genbank {
          accession "KF591393"
        }
      },
      descr {
        molinfo {
          biomol genomic,
          completeness partial
        },
        source {
          genome genomic,
          org {
            taxname "Methanobacterium formicicum phage",
            orgname {
              gcode 1
            }
          }
        },
        user {
          type str "StructuredComment",
          data {
            {
              label str "StructuredCommentPrefix",
              data str "##Assembly-Data-START##"
            },
            {
              label str "StructuredCommentSuffix",
              data str "##Assembly-Data-END##"
            }
          }
        }
      },
      inst {
        repr raw,
        mol dna,
        length 45,
        strand ds,
        seq-data iupacna "AAAAAACCGAACTTGAGGCGTGAAAACCCCGAAACTGACCTACTA"
      }
    }
  }
}
