Seq-entry ::= set {
  class genbank,
  seq-set {
    seq {
      id {
        local str "SeqA"
      },
      descr {
        molinfo {
          biomol genomic,
          completeness partial
        },
        source {
          genome genomic,
          org {
            taxname "Karenia brevis",
            db {
              {
                db "taxon",
                tag id 156230
              }
            },
            orgname {
              gcode 1,
              div "PLN"
            }
          }
        }
      },
      inst {
        repr raw,
        mol dna,
        length 53,
        strand ds,
        seq-data iupacna "AAAAAAACTTAAACCTCCCCGCTATCTGTGAAAACCCCGAAACTGACCTACTA"
      },
      annot {
        {
          data ftable {
            {
              data gene {
                locus "Putative terminase large subunit gene",
                desc "terminase large subunit gene"
              },
              partial TRUE,
              location int {
                from 13,
                to 52,
                strand plus,
                id local str "SeqA"
              }
            },
            {
              data imp {
                key "repeat_region"
              },
              location int {
                from 0,
                to 9,
                strand plus,
                id local str "SeqA"
              },
              qual {
                {
                  qual "allele",
                  val "A"
                },
                {
                  qual "map",
                  val "SSR"
                },
                {
                  qual "rpt_type",
                  val "tandem"
                }
              }
            },
            {
              data imp {
                key "repeat_region"
              },
              location int {
                from 29,
                to 39,
                strand plus,
                id local str "SeqA"
              },
              qual {
                {
                  qual "allele",
                  val "A"
                },
                {
                  qual "satellite",
                  val "satellite:SSR"
                }
              }
            }
          }
        }
      }
    }
  }
}
