Seq-entry ::= set {
  class genbank,
  seq-set {
    seq {
      id {
        local str "CBS117406"
      },
      descr {
        title "Scedosporium dehoogii strain CBS 117406 18S ribosomal RNA gene,
 internal transcribed spacer 1, 5.8S ribosomal RNA gene, and internal
 transcribed spacer 2, complete sequence.",
        source {
          genome genomic,
          org {
            taxname "Scedosporium dehoogii",
            orgname {
              name binomial {
                genus "Scedosporium",
                species "dehoogii"
              },
              mod {
                {
                  subtype strain,
                  subname "CBS 117406"
                }
              },
              gcode 1,
              mgcode 4
            }
          }
        },
        molinfo {
          biomol genomic,
          completeness partial
        },
        user {
          type str "OriginalID",
          data {
            {
              label str "LocalId",
              data str "CBS117406"
            }
          }
        }
      },
      inst {
        repr raw,
        mol dna,
        length 147,
        strand ds,
        seq-data iupacna "ATCATTACAGAGTTACTACTCCAAACCCATTGTGAACCTTACCTATGTTCTG
TTGCCTCGGCGGCGCGGTCAGCGCCCCAAAGGACGACGGCCCCCGCCGGCCGGATTACAGTTAAAAAACAAGTTAAAA
CTTTCAACAACGGATCT"
      },
      annot {
        {
          data ftable {
            {
              data rna {
                type mRNA,
                ext name "mRNA name 1"
              },
              location int {
                from 0,
                to 6,
                strand plus,
                id local str "CBS117406"
              }
            },
            {
              data rna {
                type mRNA,
                ext name "mRNA name 2"
              },
              comment "COILS: Coil; PANTHER: PTHR21683; PANTHER: SF3",
              location int {
                from 7,
                to 19,
                strand plus,
                id local str "CBS117406"
              },
              dbxref {
                {
                  db "COILS",
                  tag str "Coil"
                },
                {
                  db "PANTHER",
                  tag str "PTHR21683"
                },
                {
                  db "PANTHER",
                  tag str "SF3"
                }
              }
            },
            {
              data rna {
                type mRNA,
                ext name "mRNA product name 3"
              },
              comment "COILS: Coil",
              location int {
                from 68,
                to 85,
                strand plus,
                id local str "CBS117406"
              },
              dbxref {
                {
                  db "COILS",
                  tag str "Coil"
                }
              }
            },
            {
              data rna {
                type mRNA,
                ext name "internal transcribed spacer 2"
              },
              location int {
                from 133,
                to 146,
                strand plus,
                id local str "CBS117406"
              }
            },
            {
              data gene {
                locus "gene locus",
                syn {
                  "other value",
                  "SYN:synonym_test1",
                  "SYN:synonym_test2",
                  "SYN:synonym_test3"
                }
              },
              location int {
                from 0,
                to 146,
                strand plus,
                id local str "CBS117406"
              }
            }
          }
        }
      }
    }
  }
}
